******************************************************************************
                  TI ARM Linker PC v16.9.1                     
******************************************************************************
>> Linked Thu Jun 29 12:39:39 2017

OUTPUT FILE NAME:   <externalADC.out>
ENTRY POINT SYMBOL: "_c_int00"  address: 00000f25


MEMORY CONFIGURATION

         name            origin    length      used     unused   attr    fill
----------------------  --------  ---------  --------  --------  ----  --------
  FLASH                 00000000   00040000  000013b0  0003ec50  R  X
  SRAM                  20000000   00008000  00000218  00007de8  RW X


SEGMENT ALLOCATION MAP

run origin  load origin   length   init length attrs members
----------  ----------- ---------- ----------- ----- -------
00000000    00000000    000013b4   000013b4    r-x
  00000000    00000000    0000026c   0000026c    r-- .intvecs
  0000026c    0000026c    00001024   00001024    r-x .text
  00001290    00001290    000000fc   000000fc    r-- .const
  00001390    00001390    00000024   00000024    r-- .cinit
20000000    20000000    00000218   00000000    rw-
  20000000    20000000    00000200   00000000    rw- .stack
  20000200    20000200    00000018   00000000    rw- .data


SECTION ALLOCATION MAP

 output                                  attributes/
section   page    origin      length       input sections
--------  ----  ----------  ----------   ----------------
.intvecs   0    00000000    0000026c     
                  00000000    0000026c     tm4c123gh6pm_startup_ccs.obj (.intvecs)

.text      0    0000026c    00001024     
                  0000026c    000005f0     main.obj (.text)
                  0000085c    0000021e     rtsv7M4_T_le_v4SPD16_eabi.lib : ll_div_t2.obj (.text)
                  00000a7a    00000132     driverlib.lib : gpio.obj (.text:GPIOPadConfigSet)
                  00000bac    00000110                   : sysctl.obj (.text:SysCtlClockGet)
                  00000cbc    000000f4                   : sysctl.obj (.text:SysCtlClockSet)
                  00000db0    0000009c     rtsv7M4_T_le_v4SPD16_eabi.lib : memcpy_t2.obj (.text)
                  00000e4c    00000070                                   : autoinit.obj (.text)
                  00000ebc    00000068                                   : copy_decompress_lzss.obj (.text:decompress:lzss)
                  00000f24    00000054                                   : boot.obj (.text)
                  00000f78    00000054                                   : exit.obj (.text)
                  00000fcc    00000050     driverlib.lib : sysctl.obj (.text:SysCtlPeripheralReset)
                  0000101c    0000004c                   : i2c.obj (.text:I2CMasterInitExpClk)
                  00001068    0000004c     rtsv7M4_T_le_v4SPD16_eabi.lib : cpy_tbl.obj (.text)
                  000010b4    00000048     driverlib.lib : gpio.obj (.text:GPIOPinConfigure)
                  000010fc    00000046                   : uart.obj (.text:UARTConfigSetExpClk)
                  00001142    00000002     rtsv7M4_T_le_v4SPD16_eabi.lib : l_div0.obj (.text)
                  00001144    00000034     driverlib.lib : sysctl.obj (.text:SysCtlPeripheralEnable)
                  00001178    0000002a                   : gpio.obj (.text:GPIODirModeSet)
                  000011a2    00000002     rtsv7M4_T_le_v4SPD16_eabi.lib : mpu_init.obj (.text)
                  000011a4    00000020     driverlib.lib : uart.obj (.text:UARTDisable)
                  000011c4    00000018     rtsv7M4_T_le_v4SPD16_eabi.lib : args_main.obj (.text)
                  000011dc    00000014     driverlib.lib : uart.obj (.text:UARTEnable)
                  000011f0    00000014     rtsv7M4_T_le_v4SPD16_eabi.lib : _lock.obj (.text)
                  00001204    00000012     driverlib.lib : gpio.obj (.text:GPIOPinTypeI2C)
                  00001216    00000012                   : gpio.obj (.text:GPIOPinTypeI2CSCL)
                  00001228    00000012                   : gpio.obj (.text:GPIOPinTypeUART)
                  0000123a    0000000e     rtsv7M4_T_le_v4SPD16_eabi.lib : copy_decompress_none.obj (.text:decompress:none)
                  00001248    0000000c     tm4c123gh6pm_startup_ccs.obj (.text)
                  00001254    0000000a     driverlib.lib : i2c.obj (.text:I2CMasterEnable)
                  0000125e    0000000a                   : uart.obj (.text:UARTCharPut)
                  00001268    00000008                   : i2c.obj (.text:I2CMasterBusy)
                  00001270    00000008                   : i2c.obj (.text:I2CMasterSlaveAddrSet)
                  00001278    00000006                   : sysctl.obj (.text:SysCtlDelay)
                  0000127e    00000004                   : i2c.obj (.text:I2CMasterControl)
                  00001282    00000004                   : i2c.obj (.text:I2CMasterDataGet)
                  00001286    00000004                   : i2c.obj (.text:I2CMasterDataPut)
                  0000128a    00000004     rtsv7M4_T_le_v4SPD16_eabi.lib : pre_init.obj (.text)
                  0000128e    00000002                                   : startup.obj (.text)

.const     0    00001290    000000fc     
                  00001290    00000090     driverlib.lib : gpio.obj (.const:g_pui32GPIOBaseAddrs)
                  00001320    0000006c                   : sysctl.obj (.const:g_pui32Xtals)

.cinit     0    00001390    00000024     
                  00001390    00000011     (.cinit..data.load) [load image, compression = lzss]
                  000013a1    00000003     --HOLE-- [fill = 0]
                  000013a4    00000008     (__TI_handler_table)
                  000013ac    00000008     (__TI_cinit_table)

.init_array 
*          0    00000000    00000000     UNINITIALIZED

.stack     0    20000000    00000200     UNINITIALIZED
                  20000000    00000200     --HOLE--

.data      0    20000200    00000018     UNINITIALIZED
                  20000200    0000000c     rtsv7M4_T_le_v4SPD16_eabi.lib : exit.obj (.data:$O1$$)
                  2000020c    00000008                                   : _lock.obj (.data:$O1$$)
                  20000214    00000004                                   : stkdepth_vars.obj (.data)

MODULE SUMMARY

       Module                         code   ro data   rw data
       ------                         ----   -------   -------
    .\
       main.obj                       1520   0         0      
       tm4c123gh6pm_startup_ccs.obj   12     620       0      
    +--+------------------------------+------+---------+---------+
       Total:                         1532   620       0      
                                                              
    C:/ti/TivaWare_C_Series-2.1.4.178/driverlib/ccs/Debug/driverlib.lib
       sysctl.obj                     654    108       0      
       gpio.obj                       474    144       0      
       uart.obj                       132    0         0      
       i2c.obj                        114    0         0      
    +--+------------------------------+------+---------+---------+
       Total:                         1374   252       0      
                                                              
    C:\ti\ccsv7\tools\compiler\ti-cgt-arm_16.9.1.LTS\lib\rtsv7M4_T_le_v4SPD16_eabi.lib
       ll_div_t2.obj                  542    0         0      
       memcpy_t2.obj                  156    0         0      
       autoinit.obj                   112    0         0      
       copy_decompress_lzss.obj       104    0         0      
       exit.obj                       84     0         12     
       boot.obj                       84     0         0      
       cpy_tbl.obj                    76     0         0      
       _lock.obj                      20     0         8      
       args_main.obj                  24     0         0      
       copy_decompress_none.obj       14     0         0      
       pre_init.obj                   4      0         0      
       stkdepth_vars.obj              0      0         4      
       l_div0.obj                     2      0         0      
       mpu_init.obj                   2      0         0      
       startup.obj                    2      0         0      
    +--+------------------------------+------+---------+---------+
       Total:                         1226   0         24     
                                                              
       Stack:                         0      0         512    
       Linker Generated:              0      33        0      
    +--+------------------------------+------+---------+---------+
       Grand Total:                   4132   905       536    


LINKER GENERATED COPY TABLES

__TI_cinit_table @ 000013ac records: 1, size/record: 8, table size: 8
	.data: load addr=00001390, load size=00000011 bytes, run addr=20000200, run size=00000018 bytes, compression=lzss


LINKER GENERATED HANDLER TABLE

__TI_handler_table @ 000013a4 records: 2, size/record: 4, table size: 8
	index: 0, handler: __TI_decompress_lzss
	index: 1, handler: __TI_decompress_none


GLOBAL SYMBOLS: SORTED ALPHABETICALLY BY Name 

address   name                           
-------   ----                           
00000f79  C$$EXIT                        
00001179  GPIODirModeSet                 
00000a7b  GPIOPadConfigSet               
000010b5  GPIOPinConfigure               
00001205  GPIOPinTypeI2C                 
00001217  GPIOPinTypeI2CSCL              
00001229  GPIOPinTypeUART                
00001269  I2CMasterBusy                  
0000127f  I2CMasterControl               
00001283  I2CMasterDataGet               
00001287  I2CMasterDataPut               
00001255  I2CMasterEnable                
0000101d  I2CMasterInitExpClk            
00001271  I2CMasterSlaveAddrSet          
0000074b  I2CReceive                     
000005c1  I2CSend                        
000006a5  I2CSendString                  
0000055b  InitI2C1                       
00001249  ResetISR                       
UNDEFED   SHT$$INIT_ARRAY$$Base          
UNDEFED   SHT$$INIT_ARRAY$$Limit         
00000bad  SysCtlClockGet                 
00000cbd  SysCtlClockSet                 
00001279  SysCtlDelay                    
00001145  SysCtlPeripheralEnable         
00000fcd  SysCtlPeripheralReset          
0000125f  UARTCharPut                    
000010fd  UARTConfigSetExpClk            
000011a5  UARTDisable                    
000011dd  UARTEnable                     
20000200  __STACK_END                    
00000200  __STACK_SIZE                   
20000200  __STACK_TOP                    
000013ac  __TI_CINIT_Base                
000013b4  __TI_CINIT_Limit               
000013a4  __TI_Handler_Table_Base        
000013ac  __TI_Handler_Table_Limit       
00000e4d  __TI_auto_init                 
20000200  __TI_cleanup_ptr               
00000ebd  __TI_decompress_lzss           
0000123b  __TI_decompress_none           
20000204  __TI_dtors_ptr                 
20000208  __TI_enable_exit_profile_output
ffffffff  __TI_pprof_out_hndl            
ffffffff  __TI_prof_data_size            
ffffffff  __TI_prof_data_start           
00000000  __TI_static_base__             
00001143  __aeabi_ldiv0                  
0000085d  __aeabi_ldivmod                
00000db1  __aeabi_memcpy                 
00000db1  __aeabi_memcpy4                
00000db1  __aeabi_memcpy8                
ffffffff  __binit__                      
ffffffff  __c_args__                     
000011a3  __mpu_init                     
20000000  __stack                        
000011c5  _args_main                     
00000f25  _c_int00                       
2000020c  _lock                          
000011ff  _nop                           
000011f7  _register_lock                 
000011f1  _register_unlock               
0000128f  _system_post_cinit             
0000128b  _system_pre_init               
20000210  _unlock                        
00000f7d  abort                          
ffffffff  binit                          
00001069  copy_in                        
00000f85  exit                           
00000000  g_pfnVectors                   
000002e7  itoa                           
0000026d  main                           
20000214  main_func_sp                   
00000db1  memcpy                         
000002ab  peripheralEnable               
000007a1  read2Bytes                     
00000539  readExternalADC                
000002a1  setupCLK                       
00000425  setupExternalADC               
000003f1  tranString                     
000002bb  uartEnable                     
000003cb  uartInteger                    


GLOBAL SYMBOLS: SORTED BY Symbol Address 

address   name                           
-------   ----                           
00000000  __TI_static_base__             
00000000  g_pfnVectors                   
00000200  __STACK_SIZE                   
0000026d  main                           
000002a1  setupCLK                       
000002ab  peripheralEnable               
000002bb  uartEnable                     
000002e7  itoa                           
000003cb  uartInteger                    
000003f1  tranString                     
00000425  setupExternalADC               
00000539  readExternalADC                
0000055b  InitI2C1                       
000005c1  I2CSend                        
000006a5  I2CSendString                  
0000074b  I2CReceive                     
000007a1  read2Bytes                     
0000085d  __aeabi_ldivmod                
00000a7b  GPIOPadConfigSet               
00000bad  SysCtlClockGet                 
00000cbd  SysCtlClockSet                 
00000db1  __aeabi_memcpy                 
00000db1  __aeabi_memcpy4                
00000db1  __aeabi_memcpy8                
00000db1  memcpy                         
00000e4d  __TI_auto_init                 
00000ebd  __TI_decompress_lzss           
00000f25  _c_int00                       
00000f79  C$$EXIT                        
00000f7d  abort                          
00000f85  exit                           
00000fcd  SysCtlPeripheralReset          
0000101d  I2CMasterInitExpClk            
00001069  copy_in                        
000010b5  GPIOPinConfigure               
000010fd  UARTConfigSetExpClk            
00001143  __aeabi_ldiv0                  
00001145  SysCtlPeripheralEnable         
00001179  GPIODirModeSet                 
000011a3  __mpu_init                     
000011a5  UARTDisable                    
000011c5  _args_main                     
000011dd  UARTEnable                     
000011f1  _register_unlock               
000011f7  _register_lock                 
000011ff  _nop                           
00001205  GPIOPinTypeI2C                 
00001217  GPIOPinTypeI2CSCL              
00001229  GPIOPinTypeUART                
0000123b  __TI_decompress_none           
00001249  ResetISR                       
00001255  I2CMasterEnable                
0000125f  UARTCharPut                    
00001269  I2CMasterBusy                  
00001271  I2CMasterSlaveAddrSet          
00001279  SysCtlDelay                    
0000127f  I2CMasterControl               
00001283  I2CMasterDataGet               
00001287  I2CMasterDataPut               
0000128b  _system_pre_init               
0000128f  _system_post_cinit             
000013a4  __TI_Handler_Table_Base        
000013ac  __TI_CINIT_Base                
000013ac  __TI_Handler_Table_Limit       
000013b4  __TI_CINIT_Limit               
20000000  __stack                        
20000200  __STACK_END                    
20000200  __STACK_TOP                    
20000200  __TI_cleanup_ptr               
20000204  __TI_dtors_ptr                 
20000208  __TI_enable_exit_profile_output
2000020c  _lock                          
20000210  _unlock                        
20000214  main_func_sp                   
ffffffff  __TI_pprof_out_hndl            
ffffffff  __TI_prof_data_size            
ffffffff  __TI_prof_data_start           
ffffffff  __binit__                      
ffffffff  __c_args__                     
ffffffff  binit                          
UNDEFED   SHT$$INIT_ARRAY$$Base          
UNDEFED   SHT$$INIT_ARRAY$$Limit         

[82 symbols]
