******************************************************************************
                  TI ARM Linker PC v16.9.1                     
******************************************************************************
>> Linked Fri Jun 16 16:57:02 2017

OUTPUT FILE NAME:   <Simple Motion Control.out>
ENTRY POINT SYMBOL: "_c_int00"  address: 0000083d


MEMORY CONFIGURATION

         name            origin    length      used     unused   attr    fill
----------------------  --------  ---------  --------  --------  ----  --------
  FLASH                 00000000   00040000  00000a8e  0003f572  R  X
  SRAM                  20000000   00008000  00000218  00007de8  RW X


SEGMENT ALLOCATION MAP

run origin  load origin   length   init length attrs members
----------  ----------- ---------- ----------- ----- -------
00000000    00000000    00000a94   00000a94    r-x
  00000000    00000000    0000026c   0000026c    r-- .intvecs
  0000026c    0000026c    00000792   00000792    r-x .text
  00000a00    00000a00    0000006c   0000006c    r-- .const
  00000a70    00000a70    00000024   00000024    r-- .cinit
20000000    20000000    00000218   00000000    rw-
  20000000    20000000    00000200   00000000    rw- .stack
  20000200    20000200    00000018   00000000    rw- .data


SECTION ALLOCATION MAP

 output                                  attributes/
section   page    origin      length       input sections
--------  ----  ----------  ----------   ----------------
.intvecs   0    00000000    0000026c     
                  00000000    0000026c     tm4c123gh6pm_startup_ccs.obj (.intvecs)

.text      0    0000026c    00000792     
                  0000026c    00000132     driverlib.lib : gpio.obj (.text:GPIOPadConfigSet)
                  0000039e    00000002     rtsv7M4_T_le_v4SPD16_eabi.lib : mpu_init.obj (.text)
                  000003a0    00000124     main.obj (.text)
                  000004c4    00000110     driverlib.lib : sysctl.obj (.text:SysCtlClockGet)
                  000005d4    000000f4                   : sysctl.obj (.text:SysCtlClockSet)
                  000006c8    0000009c     rtsv7M4_T_le_v4SPD16_eabi.lib : memcpy_t2.obj (.text)
                  00000764    00000070                                   : autoinit.obj (.text)
                  000007d4    00000068                                   : copy_decompress_lzss.obj (.text:decompress:lzss)
                  0000083c    00000054                                   : boot.obj (.text)
                  00000890    00000054                                   : exit.obj (.text)
                  000008e4    0000004c                                   : cpy_tbl.obj (.text)
                  00000930    00000034     driverlib.lib : sysctl.obj (.text:SysCtlPeripheralEnable)
                  00000964    0000002a                   : gpio.obj (.text:GPIODirModeSet)
                  0000098e    00000018                   : gpio.obj (.text:GPIOPinTypeGPIOOutput)
                  000009a6    00000002     rtsv7M4_T_le_v4SPD16_eabi.lib : startup.obj (.text)
                  000009a8    00000018                                   : args_main.obj (.text)
                  000009c0    00000014                                   : _lock.obj (.text)
                  000009d4    0000000e                                   : copy_decompress_none.obj (.text:decompress:none)
                  000009e2    0000000c     tm4c123gh6pm_startup_ccs.obj (.text)
                  000009ee    00000006     driverlib.lib : gpio.obj (.text:GPIOPinWrite)
                  000009f4    00000006                   : sysctl.obj (.text:SysCtlDelay)
                  000009fa    00000004     rtsv7M4_T_le_v4SPD16_eabi.lib : pre_init.obj (.text)

.const     0    00000a00    0000006c     
                  00000a00    0000006c     driverlib.lib : sysctl.obj (.const:g_pui32Xtals)

.cinit     0    00000a70    00000024     
                  00000a70    00000011     (.cinit..data.load) [load image, compression = lzss]
                  00000a81    00000003     --HOLE-- [fill = 0]
                  00000a84    00000008     (__TI_handler_table)
                  00000a8c    00000008     (__TI_cinit_table)

.init_array 
*          0    00000000    00000000     UNINITIALIZED

.stack     0    20000000    00000200     UNINITIALIZED
                  20000000    00000200     --HOLE--

.data      0    20000200    00000018     UNINITIALIZED
                  20000200    0000000c     rtsv7M4_T_le_v4SPD16_eabi.lib : exit.obj (.data:$O1$$)
                  2000020c    00000008                                   : _lock.obj (.data:$O1$$)
                  20000214    00000004                                   : stkdepth_vars.obj (.data)

MODULE SUMMARY

       Module                         code   ro data   rw data
       ------                         ----   -------   -------
    .\
       tm4c123gh6pm_startup_ccs.obj   12     620       0      
       main.obj                       292    0         0      
    +--+------------------------------+------+---------+---------+
       Total:                         304    620       0      
                                                              
    C:/ti/TivaWare_C_Series-2.1.4.178/driverlib/ccs/Debug/driverlib.lib
       sysctl.obj                     574    108       0      
       gpio.obj                       378    0         0      
    +--+------------------------------+------+---------+---------+
       Total:                         952    108       0      
                                                              
    C:\ti\ccsv7\tools\compiler\ti-cgt-arm_16.9.1.LTS\lib\rtsv7M4_T_le_v4SPD16_eabi.lib
       memcpy_t2.obj                  156    0         0      
       autoinit.obj                   112    0         0      
       copy_decompress_lzss.obj       104    0         0      
       exit.obj                       84     0         12     
       boot.obj                       84     0         0      
       cpy_tbl.obj                    76     0         0      
       _lock.obj                      20     0         8      
       args_main.obj                  24     0         0      
       copy_decompress_none.obj       14     0         0      
       pre_init.obj                   4      0         0      
       stkdepth_vars.obj              0      0         4      
       mpu_init.obj                   2      0         0      
       startup.obj                    2      0         0      
    +--+------------------------------+------+---------+---------+
       Total:                         682    0         24     
                                                              
       Stack:                         0      0         512    
       Linker Generated:              0      33        0      
    +--+------------------------------+------+---------+---------+
       Grand Total:                   1938   761       536    


LINKER GENERATED COPY TABLES

__TI_cinit_table @ 00000a8c records: 1, size/record: 8, table size: 8
	.data: load addr=00000a70, load size=00000011 bytes, run addr=20000200, run size=00000018 bytes, compression=lzss


LINKER GENERATED HANDLER TABLE

__TI_handler_table @ 00000a84 records: 2, size/record: 4, table size: 8
	index: 0, handler: __TI_decompress_lzss
	index: 1, handler: __TI_decompress_none


GLOBAL SYMBOLS: SORTED ALPHABETICALLY BY Name 

address   name                           
-------   ----                           
00000891  C$$EXIT                        
00000965  GPIODirModeSet                 
0000026d  GPIOPadConfigSet               
0000098f  GPIOPinTypeGPIOOutput          
000009ef  GPIOPinWrite                   
000009e3  ResetISR                       
UNDEFED   SHT$$INIT_ARRAY$$Base          
UNDEFED   SHT$$INIT_ARRAY$$Limit         
000004c5  SysCtlClockGet                 
000005d5  SysCtlClockSet                 
000009f5  SysCtlDelay                    
00000931  SysCtlPeripheralEnable         
20000200  __STACK_END                    
00000200  __STACK_SIZE                   
20000200  __STACK_TOP                    
00000a8c  __TI_CINIT_Base                
00000a94  __TI_CINIT_Limit               
00000a84  __TI_Handler_Table_Base        
00000a8c  __TI_Handler_Table_Limit       
00000765  __TI_auto_init                 
20000200  __TI_cleanup_ptr               
000007d5  __TI_decompress_lzss           
000009d5  __TI_decompress_none           
20000204  __TI_dtors_ptr                 
20000208  __TI_enable_exit_profile_output
ffffffff  __TI_pprof_out_hndl            
ffffffff  __TI_prof_data_size            
ffffffff  __TI_prof_data_start           
00000000  __TI_static_base__             
000006c9  __aeabi_memcpy                 
000006c9  __aeabi_memcpy4                
000006c9  __aeabi_memcpy8                
ffffffff  __binit__                      
ffffffff  __c_args__                     
0000039f  __mpu_init                     
20000000  __stack                        
000009a9  _args_main                     
0000083d  _c_int00                       
2000020c  _lock                          
000009cf  _nop                           
000009c7  _register_lock                 
000009c1  _register_unlock               
000009a7  _system_post_cinit             
000009fb  _system_pre_init               
20000210  _unlock                        
00000895  abort                          
ffffffff  binit                          
00000411  configIOPin                    
000008e5  copy_in                        
00000445  delay_ms                       
00000461  delay_us                       
0000089d  exit                           
00000000  g_pfnVectors                   
000003a1  main                           
20000214  main_func_sp                   
000006c9  memcpy                         
0000047b  motion                         
000003fb  peripheralEnable               
000003f1  setupCLK                       


GLOBAL SYMBOLS: SORTED BY Symbol Address 

address   name                           
-------   ----                           
00000000  __TI_static_base__             
00000000  g_pfnVectors                   
00000200  __STACK_SIZE                   
0000026d  GPIOPadConfigSet               
0000039f  __mpu_init                     
000003a1  main                           
000003f1  setupCLK                       
000003fb  peripheralEnable               
00000411  configIOPin                    
00000445  delay_ms                       
00000461  delay_us                       
0000047b  motion                         
000004c5  SysCtlClockGet                 
000005d5  SysCtlClockSet                 
000006c9  __aeabi_memcpy                 
000006c9  __aeabi_memcpy4                
000006c9  __aeabi_memcpy8                
000006c9  memcpy                         
00000765  __TI_auto_init                 
000007d5  __TI_decompress_lzss           
0000083d  _c_int00                       
00000891  C$$EXIT                        
00000895  abort                          
0000089d  exit                           
000008e5  copy_in                        
00000931  SysCtlPeripheralEnable         
00000965  GPIODirModeSet                 
0000098f  GPIOPinTypeGPIOOutput          
000009a7  _system_post_cinit             
000009a9  _args_main                     
000009c1  _register_unlock               
000009c7  _register_lock                 
000009cf  _nop                           
000009d5  __TI_decompress_none           
000009e3  ResetISR                       
000009ef  GPIOPinWrite                   
000009f5  SysCtlDelay                    
000009fb  _system_pre_init               
00000a84  __TI_Handler_Table_Base        
00000a8c  __TI_CINIT_Base                
00000a8c  __TI_Handler_Table_Limit       
00000a94  __TI_CINIT_Limit               
20000000  __stack                        
20000200  __STACK_END                    
20000200  __STACK_TOP                    
20000200  __TI_cleanup_ptr               
20000204  __TI_dtors_ptr                 
20000208  __TI_enable_exit_profile_output
2000020c  _lock                          
20000210  _unlock                        
20000214  main_func_sp                   
ffffffff  __TI_pprof_out_hndl            
ffffffff  __TI_prof_data_size            
ffffffff  __TI_prof_data_start           
ffffffff  __binit__                      
ffffffff  __c_args__                     
ffffffff  binit                          
UNDEFED   SHT$$INIT_ARRAY$$Base          
UNDEFED   SHT$$INIT_ARRAY$$Limit         

[59 symbols]
