******************************************************************************
                  TI ARM Linker PC v16.9.1                     
******************************************************************************
>> Linked Tue Jun 20 16:36:07 2017

OUTPUT FILE NAME:   <PresentationDemo.out>
ENTRY POINT SYMBOL: "_c_int00"  address: 00000ff5


MEMORY CONFIGURATION

         name            origin    length      used     unused   attr    fill
----------------------  --------  ---------  --------  --------  ----  --------
  FLASH                 00000000   00040000  000015ee  0003ea12  R  X
  SRAM                  20000000   00008000  0000021a  00007de6  RW X


SEGMENT ALLOCATION MAP

run origin  load origin   length   init length attrs members
----------  ----------- ---------- ----------- ----- -------
00000000    00000000    000015f4   000015f4    r-x
  00000000    00000000    0000026c   0000026c    r-- .intvecs
  0000026c    0000026c    000011f2   000011f2    r-x .text
  00001460    00001460    0000016c   0000016c    r-- .const
  000015d0    000015d0    00000024   00000024    r-- .cinit
20000000    20000000    0000021a   00000000    rw-
  20000000    20000000    00000200   00000000    rw- .stack
  20000200    20000200    0000001a   00000000    rw- .data


SECTION ALLOCATION MAP

 output                                  attributes/
section   page    origin      length       input sections
--------  ----  ----------  ----------   ----------------
.intvecs   0    00000000    0000026c     
                  00000000    0000026c     tm4c123gh6pm_startup_ccs.obj (.intvecs)

.text      0    0000026c    000011f2     
                  0000026c    0000057c     main.obj (.text)
                  000007e8    0000021e     rtsv7M4_T_le_v4SPD16_eabi.lib : ll_div_t2.obj (.text)
                  00000a06    00000132     driverlib.lib : gpio.obj (.text:GPIOPadConfigSet)
                  00000b38    00000110                   : sysctl.obj (.text:SysCtlClockGet)
                  00000c48    000000f4                   : sysctl.obj (.text:SysCtlClockSet)
                  00000d3c    0000009c     rtsv7M4_T_le_v4SPD16_eabi.lib : memcpy_t2.obj (.text)
                  00000dd8    0000007a     driverlib.lib : adc.obj (.text:ADCSequenceStepConfigure)
                  00000e52    00000002     rtsv7M4_T_le_v4SPD16_eabi.lib : l_div0.obj (.text)
                  00000e54    00000070                                   : autoinit.obj (.text)
                  00000ec4    00000068     driverlib.lib : interrupt.obj (.text:IntEnable)
                  00000f2c    00000068     rtsv7M4_T_le_v4SPD16_eabi.lib : copy_decompress_lzss.obj (.text:decompress:lzss)
                  00000f94    00000060     driverlib.lib : timer.obj (.text:TimerConfigure)
                  00000ff4    00000054     rtsv7M4_T_le_v4SPD16_eabi.lib : boot.obj (.text)
                  00001048    00000054                                   : exit.obj (.text)
                  0000109c    00000050     driverlib.lib : adc.obj (.text:ADCSequenceConfigure)
                  000010ec    0000004c     rtsv7M4_T_le_v4SPD16_eabi.lib : cpy_tbl.obj (.text)
                  00001138    00000048     driverlib.lib : gpio.obj (.text:GPIOPinConfigure)
                  00001180    00000046                   : uart.obj (.text:UARTConfigSetExpClk)
                  000011c6    00000002     rtsv7M4_T_le_v4SPD16_eabi.lib : mpu_init.obj (.text)
                  000011c8    00000034     driverlib.lib : sysctl.obj (.text:SysCtlPeripheralEnable)
                  000011fc    0000002e                   : adc.obj (.text:ADCIntStatus)
                  0000122a    0000002a                   : gpio.obj (.text:GPIODirModeSet)
                  00001254    00000022                   : pwm.obj (.text:PWMGenConfigure)
                  00001276    00000002     rtsv7M4_T_le_v4SPD16_eabi.lib : startup.obj (.text)
                  00001278    00000020     driverlib.lib : uart.obj (.text:UARTDisable)
                  00001298    0000001e                   : adc.obj (.text:ADCSequenceDataGet)
                  000012b6    0000001e                   : pwm.obj (.text:PWMPulseWidthSet)
                  000012d4    00000018                   : adc.obj (.text:ADCProcessorTrigger)
                  000012ec    00000018                   : gpio.obj (.text:GPIOPinTypeGPIOOutput)
                  00001304    00000018     rtsv7M4_T_le_v4SPD16_eabi.lib : args_main.obj (.text)
                  0000131c    00000014     driverlib.lib : sysctl.obj (.text:SysCtlPWMClockSet)
                  00001330    00000014                   : uart.obj (.text:UARTEnable)
                  00001344    00000014     rtsv7M4_T_le_v4SPD16_eabi.lib : _lock.obj (.text)
                  00001358    00000012     driverlib.lib : gpio.obj (.text:GPIOPinTypeADC)
                  0000136a    00000012                   : gpio.obj (.text:GPIOPinTypePWM)
                  0000137c    00000012                   : gpio.obj (.text:GPIOPinTypeUART)
                  0000138e    00000012                   : pwm.obj (.text:PWMOutputState)
                  000013a0    00000012                   : timer.obj (.text:TimerLoadSet)
                  000013b2    00000010                   : interrupt.obj (.text:IntMasterEnable)
                  000013c2    00000010                   : pwm.obj (.text:PWMGenPeriodSet)
                  000013d2    0000000e                   : adc.obj (.text:ADCHardwareOversampleConfigure)
                  000013e0    0000000e                   : adc.obj (.text:ADCSequenceEnable)
                  000013ee    0000000e                   : timer.obj (.text:TimerEnable)
                  000013fc    0000000e     rtsv7M4_T_le_v4SPD16_eabi.lib : copy_decompress_none.obj (.text:decompress:none)
                  0000140a    0000000c     driverlib.lib : cpu.obj (.text:CPUcpsie)
                  00001416    0000000c                   : pwm.obj (.text:PWMGenEnable)
                  00001422    0000000c     tm4c123gh6pm_startup_ccs.obj (.text)
                  0000142e    0000000a     driverlib.lib : adc.obj (.text:ADCIntClear)
                  00001438    0000000a                   : uart.obj (.text:UARTCharPut)
                  00001442    00000008                   : timer.obj (.text:TimerIntEnable)
                  0000144a    00000006                   : gpio.obj (.text:GPIOPinWrite)
                  00001450    00000006                   : sysctl.obj (.text:SysCtlDelay)
                  00001456    00000004                   : timer.obj (.text:TimerIntClear)
                  0000145a    00000004     rtsv7M4_T_le_v4SPD16_eabi.lib : pre_init.obj (.text)

.const     0    00001460    0000016c     
                  00001460    00000090     driverlib.lib : gpio.obj (.const:g_pui32GPIOBaseAddrs)
                  000014f0    00000070                   : interrupt.obj (.const)
                  00001560    0000006c                   : sysctl.obj (.const:g_pui32Xtals)

.cinit     0    000015d0    00000024     
                  000015d0    00000011     (.cinit..data.load) [load image, compression = lzss]
                  000015e1    00000003     --HOLE-- [fill = 0]
                  000015e4    00000008     (__TI_handler_table)
                  000015ec    00000008     (__TI_cinit_table)

.init_array 
*          0    00000000    00000000     UNINITIALIZED

.stack     0    20000000    00000200     UNINITIALIZED
                  20000000    00000200     --HOLE--

.data      0    20000200    0000001a     UNINITIALIZED
                  20000200    0000000c     rtsv7M4_T_le_v4SPD16_eabi.lib : exit.obj (.data:$O1$$)
                  2000020c    00000008                                   : _lock.obj (.data:$O1$$)
                  20000214    00000004                                   : stkdepth_vars.obj (.data)
                  20000218    00000002     main.obj (.data)

MODULE SUMMARY

       Module                         code   ro data   rw data
       ------                         ----   -------   -------
    .\
       main.obj                       1404   0         2      
       tm4c123gh6pm_startup_ccs.obj   12     620       0      
    +--+------------------------------+------+---------+---------+
       Total:                         1416   620       2      
                                                              
    C:/ti/TivaWare_C_Series-2.1.4.178/driverlib/ccs/Debug/driverlib.lib
       sysctl.obj                     594    108       0      
       gpio.obj                       504    144       0      
       adc.obj                        340    0         0      
       interrupt.obj                  120    112       0      
       timer.obj                      140    0         0      
       uart.obj                       132    0         0      
       pwm.obj                        110    0         0      
       cpu.obj                        12     0         0      
    +--+------------------------------+------+---------+---------+
       Total:                         1952   364       0      
                                                              
    C:\ti\ccsv7\tools\compiler\ti-cgt-arm_16.9.1.LTS\lib\rtsv7M4_T_le_v4SPD16_eabi.lib
       ll_div_t2.obj                  542    0         0      
       memcpy_t2.obj                  156    0         0      
       autoinit.obj                   112    0         0      
       copy_decompress_lzss.obj       104    0         0      
       exit.obj                       84     0         12     
       boot.obj                       84     0         0      
       cpy_tbl.obj                    76     0         0      
       _lock.obj                      20     0         8      
       args_main.obj                  24     0         0      
       copy_decompress_none.obj       14     0         0      
       pre_init.obj                   4      0         0      
       stkdepth_vars.obj              0      0         4      
       l_div0.obj                     2      0         0      
       mpu_init.obj                   2      0         0      
       startup.obj                    2      0         0      
    +--+------------------------------+------+---------+---------+
       Total:                         1226   0         24     
                                                              
       Stack:                         0      0         512    
       Linker Generated:              0      33        0      
    +--+------------------------------+------+---------+---------+
       Grand Total:                   4594   1017      538    


LINKER GENERATED COPY TABLES

__TI_cinit_table @ 000015ec records: 1, size/record: 8, table size: 8
	.data: load addr=000015d0, load size=00000011 bytes, run addr=20000200, run size=0000001a bytes, compression=lzss


LINKER GENERATED HANDLER TABLE

__TI_handler_table @ 000015e4 records: 2, size/record: 4, table size: 8
	index: 0, handler: __TI_decompress_lzss
	index: 1, handler: __TI_decompress_none


GLOBAL SYMBOLS: SORTED ALPHABETICALLY BY Name 

address   name                           
-------   ----                           
000005dd  ADC0Enable                     
000013d3  ADCHardwareOversampleConfigure 
0000142f  ADCIntClear                    
000011fd  ADCIntStatus                   
000012d5  ADCProcessorTrigger            
0000109d  ADCSequenceConfigure           
00001299  ADCSequenceDataGet             
000013e1  ADCSequenceEnable              
00000dd9  ADCSequenceStepConfigure       
00001049  C$$EXIT                        
0000140b  CPUcpsie                       
0000122b  GPIODirModeSet                 
00000a07  GPIOPadConfigSet               
00001139  GPIOPinConfigure               
00001359  GPIOPinTypeADC                 
000012ed  GPIOPinTypeGPIOOutput          
0000136b  GPIOPinTypePWM                 
0000137d  GPIOPinTypeUART                
0000144b  GPIOPinWrite                   
00000ec5  IntEnable                      
000013b3  IntMasterEnable                
00001255  PWMGenConfigure                
00001417  PWMGenEnable                   
000013c3  PWMGenPeriodSet                
0000138f  PWMOutputState                 
000012b7  PWMPulseWidthSet               
00001423  ResetISR                       
UNDEFED   SHT$$INIT_ARRAY$$Base          
UNDEFED   SHT$$INIT_ARRAY$$Limit         
00000b39  SysCtlClockGet                 
00000c49  SysCtlClockSet                 
00001451  SysCtlDelay                    
0000131d  SysCtlPWMClockSet              
000011c9  SysCtlPeripheralEnable         
000005a3  Timer0IntHandler               
00000f95  TimerConfigure                 
000013ef  TimerEnable                    
00001457  TimerIntClear                  
00001443  TimerIntEnable                 
000013a1  TimerLoadSet                   
00001439  UARTCharPut                    
00001181  UARTConfigSetExpClk            
00001279  UARTDisable                    
00001331  UARTEnable                     
20000200  __STACK_END                    
00000200  __STACK_SIZE                   
20000200  __STACK_TOP                    
000015ec  __TI_CINIT_Base                
000015f4  __TI_CINIT_Limit               
000015e4  __TI_Handler_Table_Base        
000015ec  __TI_Handler_Table_Limit       
00000e55  __TI_auto_init                 
20000200  __TI_cleanup_ptr               
00000f2d  __TI_decompress_lzss           
000013fd  __TI_decompress_none           
20000204  __TI_dtors_ptr                 
20000208  __TI_enable_exit_profile_output
ffffffff  __TI_pprof_out_hndl            
ffffffff  __TI_prof_data_size            
ffffffff  __TI_prof_data_start           
00000000  __TI_static_base__             
00000e53  __aeabi_ldiv0                  
000007e9  __aeabi_ldivmod                
00000d3d  __aeabi_memcpy                 
00000d3d  __aeabi_memcpy4                
00000d3d  __aeabi_memcpy8                
ffffffff  __binit__                      
ffffffff  __c_args__                     
000011c7  __mpu_init                     
20000000  __stack                        
00001305  _args_main                     
00000ff5  _c_int00                       
2000020c  _lock                          
00001353  _nop                           
0000134b  _register_lock                 
00001345  _register_unlock               
00001277  _system_post_cinit             
0000145b  _system_pre_init               
20000210  _unlock                        
0000104d  abort                          
ffffffff  binit                          
000003f5  configIOPin                    
000010ed  copy_in                        
00000409  delay_ms                       
00000425  delay_us                       
00000453  enablePWM                      
00001055  exit                           
20000219  flag                           
00000000  g_pfnVectors                   
20000218  indicator                      
000006f9  itoa                           
0000026d  main                           
20000214  main_func_sp                   
00000d3d  memcpy                         
0000043f  motion                         
000003b9  peripheralEnable               
00000639  readADC                        
000003a7  setupCLK                       
000004a5  speed                          
00000563  timer0Enable                   
0000058d  timerInterruptEnable           
0000052f  tranString                     
00000501  uartEnable                     
00000687  uartInteger                    


GLOBAL SYMBOLS: SORTED BY Symbol Address 

address   name                           
-------   ----                           
00000000  __TI_static_base__             
00000000  g_pfnVectors                   
00000200  __STACK_SIZE                   
0000026d  main                           
000003a7  setupCLK                       
000003b9  peripheralEnable               
000003f5  configIOPin                    
00000409  delay_ms                       
00000425  delay_us                       
0000043f  motion                         
00000453  enablePWM                      
000004a5  speed                          
00000501  uartEnable                     
0000052f  tranString                     
00000563  timer0Enable                   
0000058d  timerInterruptEnable           
000005a3  Timer0IntHandler               
000005dd  ADC0Enable                     
00000639  readADC                        
00000687  uartInteger                    
000006f9  itoa                           
000007e9  __aeabi_ldivmod                
00000a07  GPIOPadConfigSet               
00000b39  SysCtlClockGet                 
00000c49  SysCtlClockSet                 
00000d3d  __aeabi_memcpy                 
00000d3d  __aeabi_memcpy4                
00000d3d  __aeabi_memcpy8                
00000d3d  memcpy                         
00000dd9  ADCSequenceStepConfigure       
00000e53  __aeabi_ldiv0                  
00000e55  __TI_auto_init                 
00000ec5  IntEnable                      
00000f2d  __TI_decompress_lzss           
00000f95  TimerConfigure                 
00000ff5  _c_int00                       
00001049  C$$EXIT                        
0000104d  abort                          
00001055  exit                           
0000109d  ADCSequenceConfigure           
000010ed  copy_in                        
00001139  GPIOPinConfigure               
00001181  UARTConfigSetExpClk            
000011c7  __mpu_init                     
000011c9  SysCtlPeripheralEnable         
000011fd  ADCIntStatus                   
0000122b  GPIODirModeSet                 
00001255  PWMGenConfigure                
00001277  _system_post_cinit             
00001279  UARTDisable                    
00001299  ADCSequenceDataGet             
000012b7  PWMPulseWidthSet               
000012d5  ADCProcessorTrigger            
000012ed  GPIOPinTypeGPIOOutput          
00001305  _args_main                     
0000131d  SysCtlPWMClockSet              
00001331  UARTEnable                     
00001345  _register_unlock               
0000134b  _register_lock                 
00001353  _nop                           
00001359  GPIOPinTypeADC                 
0000136b  GPIOPinTypePWM                 
0000137d  GPIOPinTypeUART                
0000138f  PWMOutputState                 
000013a1  TimerLoadSet                   
000013b3  IntMasterEnable                
000013c3  PWMGenPeriodSet                
000013d3  ADCHardwareOversampleConfigure 
000013e1  ADCSequenceEnable              
000013ef  TimerEnable                    
000013fd  __TI_decompress_none           
0000140b  CPUcpsie                       
00001417  PWMGenEnable                   
00001423  ResetISR                       
0000142f  ADCIntClear                    
00001439  UARTCharPut                    
00001443  TimerIntEnable                 
0000144b  GPIOPinWrite                   
00001451  SysCtlDelay                    
00001457  TimerIntClear                  
0000145b  _system_pre_init               
000015e4  __TI_Handler_Table_Base        
000015ec  __TI_CINIT_Base                
000015ec  __TI_Handler_Table_Limit       
000015f4  __TI_CINIT_Limit               
20000000  __stack                        
20000200  __STACK_END                    
20000200  __STACK_TOP                    
20000200  __TI_cleanup_ptr               
20000204  __TI_dtors_ptr                 
20000208  __TI_enable_exit_profile_output
2000020c  _lock                          
20000210  _unlock                        
20000214  main_func_sp                   
20000218  indicator                      
20000219  flag                           
ffffffff  __TI_pprof_out_hndl            
ffffffff  __TI_prof_data_size            
ffffffff  __TI_prof_data_start           
ffffffff  __binit__                      
ffffffff  __c_args__                     
ffffffff  binit                          
UNDEFED   SHT$$INIT_ARRAY$$Base          
UNDEFED   SHT$$INIT_ARRAY$$Limit         

[104 symbols]
