******************************************************************************
                  TI ARM Linker PC v16.9.1                     
******************************************************************************
>> Linked Sat Jun 10 11:31:56 2017

OUTPUT FILE NAME:   <I2C.out>
ENTRY POINT SYMBOL: "_c_int00"  address: 00000bf5


MEMORY CONFIGURATION

         name            origin    length      used     unused   attr    fill
----------------------  --------  ---------  --------  --------  ----  --------
  FLASH                 00000000   00040000  000012fc  0003ed04  R  X
  SRAM                  20000000   00008000  00000484  00007b7c  RW X


SEGMENT ALLOCATION MAP

run origin  load origin   length   init length attrs members
----------  ----------- ---------- ----------- ----- -------
00000000    00000000    00001300   00001300    r-x
  00000000    00000000    0000026c   0000026c    r-- .intvecs
  0000026c    0000026c    00000d54   00000d54    r-x .text
  00000fc0    00000fc0    00000304   00000304    r-- .const
  000012c8    000012c8    00000038   00000038    r-- .cinit
20000000    20000000    00000484   00000000    rw-
  20000000    20000000    0000026c   00000000    rw- .vtable
  2000026c    2000026c    00000200   00000000    rw- .stack
  2000046c    2000046c    00000018   00000000    rw- .data


SECTION ALLOCATION MAP

 output                                  attributes/
section   page    origin      length       input sections
--------  ----  ----------  ----------   ----------------
.intvecs   0    00000000    0000026c     
                  00000000    0000026c     tm4c123gh6pm_startup_ccs.obj (.intvecs)

.text      0    0000026c    00000d54     
                  0000026c    000003a0     main.obj (.text)
                  0000060c    00000132     driverlib.lib : gpio.obj (.text:GPIOPadConfigSet)
                  0000073e    00000002     rtsv7M4_T_le_v4SPD16_eabi.lib : mpu_init.obj (.text)
                  00000740    00000110     driverlib.lib : sysctl.obj (.text:SysCtlClockGet)
                  00000850    000000f4                   : sysctl.obj (.text:SysCtlClockSet)
                  00000944    0000009c     rtsv7M4_T_le_v4SPD16_eabi.lib : memcpy_t2.obj (.text)
                  000009e0    0000007a                                   : memset_t2.obj (.text)
                  00000a5a    00000002                                   : startup.obj (.text)
                  00000a5c    00000070                                   : autoinit.obj (.text)
                  00000acc    00000068     driverlib.lib : interrupt.obj (.text:IntEnable)
                  00000b34    00000068     rtsv7M4_T_le_v4SPD16_eabi.lib : copy_decompress_lzss.obj (.text:decompress:lzss)
                  00000b9c    00000056     driverlib.lib : gpio.obj (.text:GPIOIntTypeSet)
                  00000bf2    00000002     --HOLE-- [fill = 0]
                  00000bf4    00000054     rtsv7M4_T_le_v4SPD16_eabi.lib : boot.obj (.text)
                  00000c48    00000054                                   : exit.obj (.text)
                  00000c9c    00000050     driverlib.lib : sysctl.obj (.text:SysCtlPeripheralReset)
                  00000cec    0000004c                   : i2c.obj (.text:I2CMasterInitExpClk)
                  00000d38    0000004c     rtsv7M4_T_le_v4SPD16_eabi.lib : cpy_tbl.obj (.text)
                  00000d84    00000048     driverlib.lib : gpio.obj (.text:GPIOPinConfigure)
                  00000dcc    00000044                   : gpio.obj (.text:_GPIOIntNumberGet)
                  00000e10    00000034                   : interrupt.obj (.text:IntRegister)
                  00000e44    00000034                   : sysctl.obj (.text:SysCtlPeripheralEnable)
                  00000e78    0000002a                   : gpio.obj (.text:GPIODirModeSet)
                  00000ea2    00000018                   : gpio.obj (.text:GPIOIntRegister)
                  00000eba    00000018                   : gpio.obj (.text:GPIOPinTypeGPIOOutput)
                  00000ed2    00000002     --HOLE-- [fill = 0]
                  00000ed4    00000018     rtsv7M4_T_le_v4SPD16_eabi.lib : args_main.obj (.text)
                  00000eec    00000014                                   : _lock.obj (.text)
                  00000f00    00000012     driverlib.lib : gpio.obj (.text:GPIOPinTypeGPIOInput)
                  00000f12    00000012                   : gpio.obj (.text:GPIOPinTypeI2C)
                  00000f24    00000012                   : gpio.obj (.text:GPIOPinTypeI2CSCL)
                  00000f36    0000000e                   : gpio.obj (.text:GPIOIntDisable)
                  00000f44    0000000e                   : gpio.obj (.text:GPIOIntStatus)
                  00000f52    0000000e     rtsv7M4_T_le_v4SPD16_eabi.lib : copy_decompress_none.obj (.text:decompress:none)
                  00000f60    0000000c     driverlib.lib : gpio.obj (.text:GPIOIntEnable)
                  00000f6c    0000000c     rtsv7M4_T_le_v4SPD16_eabi.lib : copy_zero_init.obj (.text:decompress:ZI)
                  00000f78    0000000c     tm4c123gh6pm_startup_ccs.obj (.text)
                  00000f84    0000000a     driverlib.lib : i2c.obj (.text:I2CMasterEnable)
                  00000f8e    00000008                   : i2c.obj (.text:I2CMasterBusy)
                  00000f96    00000008                   : i2c.obj (.text:I2CMasterSlaveAddrSet)
                  00000f9e    00000006                   : gpio.obj (.text:GPIOIntClear)
                  00000fa4    00000006                   : gpio.obj (.text:GPIOPinWrite)
                  00000faa    00000006                   : sysctl.obj (.text:SysCtlDelay)
                  00000fb0    00000004                   : i2c.obj (.text:I2CMasterControl)
                  00000fb4    00000004                   : i2c.obj (.text:I2CMasterDataGet)
                  00000fb8    00000004                   : i2c.obj (.text:I2CMasterDataPut)
                  00000fbc    00000004     rtsv7M4_T_le_v4SPD16_eabi.lib : pre_init.obj (.text)

.const     0    00000fc0    00000304     
                  00000fc0    000000d8     driverlib.lib : gpio.obj (.const:g_ppui32GPIOIntMapSnowflake)
                  00001098    000000c0                   : gpio.obj (.const:g_ppui32GPIOIntMapBlizzard)
                  00001158    00000090                   : gpio.obj (.const:g_pui32GPIOBaseAddrs)
                  000011e8    00000070                   : interrupt.obj (.const)
                  00001258    0000006c                   : sysctl.obj (.const:g_pui32Xtals)

.cinit     0    000012c8    00000038     
                  000012c8    00000011     (.cinit..data.load) [load image, compression = lzss]
                  000012d9    00000003     --HOLE-- [fill = 0]
                  000012dc    0000000c     (__TI_handler_table)
                  000012e8    00000008     (.cinit..vtable.load) [load image, compression = zero_init]
                  000012f0    00000010     (__TI_cinit_table)

.init_array 
*          0    00000000    00000000     UNINITIALIZED

.vtable    0    20000000    0000026c     UNINITIALIZED
                  20000000    0000026c     driverlib.lib : interrupt.obj (.vtable)

.stack     0    2000026c    00000200     UNINITIALIZED
                  2000026c    00000200     --HOLE--

.data      0    2000046c    00000018     UNINITIALIZED
                  2000046c    0000000c     rtsv7M4_T_le_v4SPD16_eabi.lib : exit.obj (.data:$O1$$)
                  20000478    00000008                                   : _lock.obj (.data:$O1$$)
                  20000480    00000004                                   : stkdepth_vars.obj (.data)

MODULE SUMMARY

       Module                         code   ro data   rw data
       ------                         ----   -------   -------
    .\
       main.obj                       928    0         0      
       tm4c123gh6pm_startup_ccs.obj   12     620       0      
    +--+------------------------------+------+---------+---------+
       Total:                         940    620       0      
                                                              
    C:/ti/TivaWare_C_Series-2.1.4.178/driverlib/ccs/Debug/driverlib.lib
       gpio.obj                       728    552       0      
       interrupt.obj                  156    112       620    
       sysctl.obj                     654    108       0      
       i2c.obj                        114    0         0      
    +--+------------------------------+------+---------+---------+
       Total:                         1652   772       620    
                                                              
    C:\ti\ccsv7\tools\compiler\ti-cgt-arm_16.9.1.LTS\lib\rtsv7M4_T_le_v4SPD16_eabi.lib
       memcpy_t2.obj                  156    0         0      
       memset_t2.obj                  122    0         0      
       autoinit.obj                   112    0         0      
       copy_decompress_lzss.obj       104    0         0      
       exit.obj                       84     0         12     
       boot.obj                       84     0         0      
       cpy_tbl.obj                    76     0         0      
       _lock.obj                      20     0         8      
       args_main.obj                  24     0         0      
       copy_decompress_none.obj       14     0         0      
       copy_zero_init.obj             12     0         0      
       pre_init.obj                   4      0         0      
       stkdepth_vars.obj              0      0         4      
       mpu_init.obj                   2      0         0      
       startup.obj                    2      0         0      
    +--+------------------------------+------+---------+---------+
       Total:                         816    0         24     
                                                              
       Stack:                         0      0         512    
       Linker Generated:              0      53        0      
    +--+------------------------------+------+---------+---------+
       Grand Total:                   3408   1445      1156   


LINKER GENERATED COPY TABLES

__TI_cinit_table @ 000012f0 records: 2, size/record: 8, table size: 16
	.data: load addr=000012c8, load size=00000011 bytes, run addr=2000046c, run size=00000018 bytes, compression=lzss
	.vtable: load addr=000012e8, load size=00000008 bytes, run addr=20000000, run size=0000026c bytes, compression=zero_init


LINKER GENERATED HANDLER TABLE

__TI_handler_table @ 000012dc records: 3, size/record: 4, table size: 12
	index: 0, handler: __TI_zero_init
	index: 1, handler: __TI_decompress_lzss
	index: 2, handler: __TI_decompress_none


GLOBAL SYMBOLS: SORTED ALPHABETICALLY BY Name 

address   name                           
-------   ----                           
00000c49  C$$EXIT                        
00000e79  GPIODirModeSet                 
00000f9f  GPIOIntClear                   
00000f37  GPIOIntDisable                 
00000f61  GPIOIntEnable                  
00000ea3  GPIOIntRegister                
00000f45  GPIOIntStatus                  
00000b9d  GPIOIntTypeSet                 
0000060d  GPIOPadConfigSet               
00000d85  GPIOPinConfigure               
00000f01  GPIOPinTypeGPIOInput           
00000ebb  GPIOPinTypeGPIOOutput          
00000f13  GPIOPinTypeI2C                 
00000f25  GPIOPinTypeI2CSCL              
00000fa5  GPIOPinWrite                   
00000f8f  I2CMasterBusy                  
00000fb1  I2CMasterControl               
00000fb5  I2CMasterDataGet               
00000fb9  I2CMasterDataPut               
00000f85  I2CMasterEnable                
00000ced  I2CMasterInitExpClk            
00000f97  I2CMasterSlaveAddrSet          
00000577  I2CReceive                     
000003ed  I2CSend                        
000004d1  I2CSendString                  
000003a7  InitI2C0                       
00000acd  IntEnable                      
00000e11  IntRegister                    
00000f79  ResetISR                       
UNDEFED   SHT$$INIT_ARRAY$$Base          
UNDEFED   SHT$$INIT_ARRAY$$Limit         
00000741  SysCtlClockGet                 
00000851  SysCtlClockSet                 
00000fab  SysCtlDelay                    
00000e45  SysCtlPeripheralEnable         
00000c9d  SysCtlPeripheralReset          
2000046c  __STACK_END                    
00000200  __STACK_SIZE                   
2000046c  __STACK_TOP                    
000012f0  __TI_CINIT_Base                
00001300  __TI_CINIT_Limit               
000012dc  __TI_Handler_Table_Base        
000012e8  __TI_Handler_Table_Limit       
00000a5d  __TI_auto_init                 
2000046c  __TI_cleanup_ptr               
00000b35  __TI_decompress_lzss           
00000f53  __TI_decompress_none           
20000470  __TI_dtors_ptr                 
20000474  __TI_enable_exit_profile_output
ffffffff  __TI_pprof_out_hndl            
ffffffff  __TI_prof_data_size            
ffffffff  __TI_prof_data_start           
00000000  __TI_static_base__             
00000f6d  __TI_zero_init                 
000009e1  __aeabi_memclr                 
000009e1  __aeabi_memclr4                
000009e1  __aeabi_memclr8                
00000945  __aeabi_memcpy                 
00000945  __aeabi_memcpy4                
00000945  __aeabi_memcpy8                
000009e3  __aeabi_memset                 
000009e3  __aeabi_memset4                
000009e3  __aeabi_memset8                
ffffffff  __binit__                      
ffffffff  __c_args__                     
0000073f  __mpu_init                     
2000026c  __stack                        
00000ed5  _args_main                     
00000bf5  _c_int00                       
20000478  _lock                          
00000efb  _nop                           
00000ef3  _register_lock                 
00000eed  _register_unlock               
00000a5b  _system_post_cinit             
00000fbd  _system_pre_init               
2000047c  _unlock                        
00000c4d  abort                          
ffffffff  binit                          
00000d39  copy_in                        
00000c55  exit                           
20000000  g_pfnRAMVectors                
00000000  g_pfnVectors                   
000002f5  gpioEnable                     
0000032b  interruptEnable                
0000026d  main                           
20000480  main_func_sp                   
00000945  memcpy                         
000009e9  memset                         
00000359  onButtonDown                   
000002eb  peripheralEnable               
000002e1  setupCLK                       


GLOBAL SYMBOLS: SORTED BY Symbol Address 

address   name                           
-------   ----                           
00000000  __TI_static_base__             
00000000  g_pfnVectors                   
00000200  __STACK_SIZE                   
0000026d  main                           
000002e1  setupCLK                       
000002eb  peripheralEnable               
000002f5  gpioEnable                     
0000032b  interruptEnable                
00000359  onButtonDown                   
000003a7  InitI2C0                       
000003ed  I2CSend                        
000004d1  I2CSendString                  
00000577  I2CReceive                     
0000060d  GPIOPadConfigSet               
0000073f  __mpu_init                     
00000741  SysCtlClockGet                 
00000851  SysCtlClockSet                 
00000945  __aeabi_memcpy                 
00000945  __aeabi_memcpy4                
00000945  __aeabi_memcpy8                
00000945  memcpy                         
000009e1  __aeabi_memclr                 
000009e1  __aeabi_memclr4                
000009e1  __aeabi_memclr8                
000009e3  __aeabi_memset                 
000009e3  __aeabi_memset4                
000009e3  __aeabi_memset8                
000009e9  memset                         
00000a5b  _system_post_cinit             
00000a5d  __TI_auto_init                 
00000acd  IntEnable                      
00000b35  __TI_decompress_lzss           
00000b9d  GPIOIntTypeSet                 
00000bf5  _c_int00                       
00000c49  C$$EXIT                        
00000c4d  abort                          
00000c55  exit                           
00000c9d  SysCtlPeripheralReset          
00000ced  I2CMasterInitExpClk            
00000d39  copy_in                        
00000d85  GPIOPinConfigure               
00000e11  IntRegister                    
00000e45  SysCtlPeripheralEnable         
00000e79  GPIODirModeSet                 
00000ea3  GPIOIntRegister                
00000ebb  GPIOPinTypeGPIOOutput          
00000ed5  _args_main                     
00000eed  _register_unlock               
00000ef3  _register_lock                 
00000efb  _nop                           
00000f01  GPIOPinTypeGPIOInput           
00000f13  GPIOPinTypeI2C                 
00000f25  GPIOPinTypeI2CSCL              
00000f37  GPIOIntDisable                 
00000f45  GPIOIntStatus                  
00000f53  __TI_decompress_none           
00000f61  GPIOIntEnable                  
00000f6d  __TI_zero_init                 
00000f79  ResetISR                       
00000f85  I2CMasterEnable                
00000f8f  I2CMasterBusy                  
00000f97  I2CMasterSlaveAddrSet          
00000f9f  GPIOIntClear                   
00000fa5  GPIOPinWrite                   
00000fab  SysCtlDelay                    
00000fb1  I2CMasterControl               
00000fb5  I2CMasterDataGet               
00000fb9  I2CMasterDataPut               
00000fbd  _system_pre_init               
000012dc  __TI_Handler_Table_Base        
000012e8  __TI_Handler_Table_Limit       
000012f0  __TI_CINIT_Base                
00001300  __TI_CINIT_Limit               
20000000  g_pfnRAMVectors                
2000026c  __stack                        
2000046c  __STACK_END                    
2000046c  __STACK_TOP                    
2000046c  __TI_cleanup_ptr               
20000470  __TI_dtors_ptr                 
20000474  __TI_enable_exit_profile_output
20000478  _lock                          
2000047c  _unlock                        
20000480  main_func_sp                   
ffffffff  __TI_pprof_out_hndl            
ffffffff  __TI_prof_data_size            
ffffffff  __TI_prof_data_start           
ffffffff  __binit__                      
ffffffff  __c_args__                     
ffffffff  binit                          
UNDEFED   SHT$$INIT_ARRAY$$Base          
UNDEFED   SHT$$INIT_ARRAY$$Limit         

[91 symbols]
