******************************************************************************
                  TI ARM Linker PC v16.9.1                     
******************************************************************************
>> Linked Wed Jun 28 20:00:48 2017

OUTPUT FILE NAME:   <07 LCD Interfacing.out>
ENTRY POINT SYMBOL: "_c_int00"  address: 000009f9


MEMORY CONFIGURATION

         name            origin    length      used     unused   attr    fill
----------------------  --------  ---------  --------  --------  ----  --------
  FLASH                 00000000   00040000  00000c4a  0003f3b6  R  X
  SRAM                  20000000   00008000  00000219  00007de7  RW X


SEGMENT ALLOCATION MAP

run origin  load origin   length   init length attrs members
----------  ----------- ---------- ----------- ----- -------
00000000    00000000    00000c4c   00000c4c    r-x
  00000000    00000000    0000026c   0000026c    r-- .intvecs
  0000026c    0000026c    0000094e   0000094e    r-x .text
  00000bbc    00000bbc    0000006c   0000006c    r-- .const
  00000c28    00000c28    00000024   00000024    r-- .cinit
20000000    20000000    00000219   00000000    rw-
  20000000    20000000    00000200   00000000    rw- .stack
  20000200    20000200    00000019   00000000    rw- .data


SECTION ALLOCATION MAP

 output                                  attributes/
section   page    origin      length       input sections
--------  ----  ----------  ----------   ----------------
.intvecs   0    00000000    0000026c     
                  00000000    0000026c     tm4c123gh6pm_startup_ccs.obj (.intvecs)

.text      0    0000026c    0000094e     
                  0000026c    000002e0     main.obj (.text)
                  0000054c    00000132     driverlib.lib : gpio.obj (.text:GPIOPadConfigSet)
                  0000067e    00000002     rtsv7M4_T_le_v4SPD16_eabi.lib : mpu_init.obj (.text)
                  00000680    00000110     driverlib.lib : sysctl.obj (.text:SysCtlClockGet)
                  00000790    000000f4                   : sysctl.obj (.text:SysCtlClockSet)
                  00000884    0000009c     rtsv7M4_T_le_v4SPD16_eabi.lib : memcpy_t2.obj (.text)
                  00000920    00000070                                   : autoinit.obj (.text)
                  00000990    00000068                                   : copy_decompress_lzss.obj (.text:decompress:lzss)
                  000009f8    00000054                                   : boot.obj (.text)
                  00000a4c    00000054                                   : exit.obj (.text)
                  00000aa0    0000004c                                   : cpy_tbl.obj (.text)
                  00000aec    00000034     driverlib.lib : sysctl.obj (.text:SysCtlPeripheralEnable)
                  00000b20    0000002a                   : gpio.obj (.text:GPIODirModeSet)
                  00000b4a    00000018                   : gpio.obj (.text:GPIOPinTypeGPIOOutput)
                  00000b62    00000002     rtsv7M4_T_le_v4SPD16_eabi.lib : startup.obj (.text)
                  00000b64    00000018                                   : args_main.obj (.text)
                  00000b7c    00000014                                   : _lock.obj (.text)
                  00000b90    0000000e                                   : copy_decompress_none.obj (.text:decompress:none)
                  00000b9e    0000000c     tm4c123gh6pm_startup_ccs.obj (.text)
                  00000baa    00000006     driverlib.lib : gpio.obj (.text:GPIOPinWrite)
                  00000bb0    00000006                   : sysctl.obj (.text:SysCtlDelay)
                  00000bb6    00000004     rtsv7M4_T_le_v4SPD16_eabi.lib : pre_init.obj (.text)

.const     0    00000bbc    0000006c     
                  00000bbc    0000006c     driverlib.lib : sysctl.obj (.const:g_pui32Xtals)

.cinit     0    00000c28    00000024     
                  00000c28    00000011     (.cinit..data.load) [load image, compression = lzss]
                  00000c39    00000003     --HOLE-- [fill = 0]
                  00000c3c    00000008     (__TI_handler_table)
                  00000c44    00000008     (__TI_cinit_table)

.init_array 
*          0    00000000    00000000     UNINITIALIZED

.stack     0    20000000    00000200     UNINITIALIZED
                  20000000    00000200     --HOLE--

.data      0    20000200    00000019     UNINITIALIZED
                  20000200    0000000c     rtsv7M4_T_le_v4SPD16_eabi.lib : exit.obj (.data:$O1$$)
                  2000020c    00000008                                   : _lock.obj (.data:$O1$$)
                  20000214    00000004                                   : stkdepth_vars.obj (.data)
                  20000218    00000001     main.obj (.data)

MODULE SUMMARY

       Module                         code   ro data   rw data
       ------                         ----   -------   -------
    .\
       main.obj                       736    0         1      
       tm4c123gh6pm_startup_ccs.obj   12     620       0      
    +--+------------------------------+------+---------+---------+
       Total:                         748    620       1      
                                                              
    C:/ti/TivaWare_C_Series-2.1.4.178/driverlib/ccs/Debug/driverlib.lib
       sysctl.obj                     574    108       0      
       gpio.obj                       378    0         0      
    +--+------------------------------+------+---------+---------+
       Total:                         952    108       0      
                                                              
    C:\ti\ccsv7\tools\compiler\ti-cgt-arm_16.9.1.LTS\lib\rtsv7M4_T_le_v4SPD16_eabi.lib
       memcpy_t2.obj                  156    0         0      
       autoinit.obj                   112    0         0      
       copy_decompress_lzss.obj       104    0         0      
       exit.obj                       84     0         12     
       boot.obj                       84     0         0      
       cpy_tbl.obj                    76     0         0      
       _lock.obj                      20     0         8      
       args_main.obj                  24     0         0      
       copy_decompress_none.obj       14     0         0      
       pre_init.obj                   4      0         0      
       stkdepth_vars.obj              0      0         4      
       mpu_init.obj                   2      0         0      
       startup.obj                    2      0         0      
    +--+------------------------------+------+---------+---------+
       Total:                         682    0         24     
                                                              
       Stack:                         0      0         512    
       Linker Generated:              0      33        0      
    +--+------------------------------+------+---------+---------+
       Grand Total:                   2382   761       537    


LINKER GENERATED COPY TABLES

__TI_cinit_table @ 00000c44 records: 1, size/record: 8, table size: 8
	.data: load addr=00000c28, load size=00000011 bytes, run addr=20000200, run size=00000019 bytes, compression=lzss


LINKER GENERATED HANDLER TABLE

__TI_handler_table @ 00000c3c records: 2, size/record: 4, table size: 8
	index: 0, handler: __TI_decompress_lzss
	index: 1, handler: __TI_decompress_none


GLOBAL SYMBOLS: SORTED ALPHABETICALLY BY Name 

address   name                           
-------   ----                           
00000a4d  C$$EXIT                        
00000b21  GPIODirModeSet                 
0000054d  GPIOPadConfigSet               
00000b4b  GPIOPinTypeGPIOOutput          
00000bab  GPIOPinWrite                   
00000b9f  ResetISR                       
UNDEFED   SHT$$INIT_ARRAY$$Base          
UNDEFED   SHT$$INIT_ARRAY$$Limit         
00000681  SysCtlClockGet                 
00000791  SysCtlClockSet                 
00000bb1  SysCtlDelay                    
00000aed  SysCtlPeripheralEnable         
20000200  __STACK_END                    
00000200  __STACK_SIZE                   
20000200  __STACK_TOP                    
00000c44  __TI_CINIT_Base                
00000c4c  __TI_CINIT_Limit               
00000c3c  __TI_Handler_Table_Base        
00000c44  __TI_Handler_Table_Limit       
00000921  __TI_auto_init                 
20000200  __TI_cleanup_ptr               
00000991  __TI_decompress_lzss           
00000b91  __TI_decompress_none           
20000204  __TI_dtors_ptr                 
20000208  __TI_enable_exit_profile_output
ffffffff  __TI_pprof_out_hndl            
ffffffff  __TI_prof_data_size            
ffffffff  __TI_prof_data_start           
00000000  __TI_static_base__             
00000885  __aeabi_memcpy                 
00000885  __aeabi_memcpy4                
00000885  __aeabi_memcpy8                
ffffffff  __binit__                      
ffffffff  __c_args__                     
0000067f  __mpu_init                     
20000000  __stack                        
00000b65  _args_main                     
000009f9  _c_int00                       
000004d5  _delay_ms                      
000004f1  _delay_us                      
2000020c  _lock                          
00000b8b  _nop                           
00000b83  _register_lock                 
00000b7d  _register_unlock               
00000b63  _system_post_cinit             
00000bb7  _system_pre_init               
20000210  _unlock                        
00000a51  abort                          
ffffffff  binit                          
000002ad  configIOPin                    
00000aa1  copy_in                        
20000218  cursorPositionCheck            
00000a59  exit                           
00000000  g_pfnVectors                   
000004b1  lcdCheck                       
00000499  lcdClear                       
00000303  lcdCommand                     
0000039b  lcdData                        
00000469  lcdGotoxy                      
000002ed  lcdInit                        
0000043d  lcdString                      
0000026d  main                           
20000214  main_func_sp                   
00000885  memcpy                         
0000029d  peripheralEnable               
00000293  setupCLK                       


GLOBAL SYMBOLS: SORTED BY Symbol Address 

address   name                           
-------   ----                           
00000000  __TI_static_base__             
00000000  g_pfnVectors                   
00000200  __STACK_SIZE                   
0000026d  main                           
00000293  setupCLK                       
0000029d  peripheralEnable               
000002ad  configIOPin                    
000002ed  lcdInit                        
00000303  lcdCommand                     
0000039b  lcdData                        
0000043d  lcdString                      
00000469  lcdGotoxy                      
00000499  lcdClear                       
000004b1  lcdCheck                       
000004d5  _delay_ms                      
000004f1  _delay_us                      
0000054d  GPIOPadConfigSet               
0000067f  __mpu_init                     
00000681  SysCtlClockGet                 
00000791  SysCtlClockSet                 
00000885  __aeabi_memcpy                 
00000885  __aeabi_memcpy4                
00000885  __aeabi_memcpy8                
00000885  memcpy                         
00000921  __TI_auto_init                 
00000991  __TI_decompress_lzss           
000009f9  _c_int00                       
00000a4d  C$$EXIT                        
00000a51  abort                          
00000a59  exit                           
00000aa1  copy_in                        
00000aed  SysCtlPeripheralEnable         
00000b21  GPIODirModeSet                 
00000b4b  GPIOPinTypeGPIOOutput          
00000b63  _system_post_cinit             
00000b65  _args_main                     
00000b7d  _register_unlock               
00000b83  _register_lock                 
00000b8b  _nop                           
00000b91  __TI_decompress_none           
00000b9f  ResetISR                       
00000bab  GPIOPinWrite                   
00000bb1  SysCtlDelay                    
00000bb7  _system_pre_init               
00000c3c  __TI_Handler_Table_Base        
00000c44  __TI_CINIT_Base                
00000c44  __TI_Handler_Table_Limit       
00000c4c  __TI_CINIT_Limit               
20000000  __stack                        
20000200  __STACK_END                    
20000200  __STACK_TOP                    
20000200  __TI_cleanup_ptr               
20000204  __TI_dtors_ptr                 
20000208  __TI_enable_exit_profile_output
2000020c  _lock                          
20000210  _unlock                        
20000214  main_func_sp                   
20000218  cursorPositionCheck            
ffffffff  __TI_pprof_out_hndl            
ffffffff  __TI_prof_data_size            
ffffffff  __TI_prof_data_start           
ffffffff  __binit__                      
ffffffff  __c_args__                     
ffffffff  binit                          
UNDEFED   SHT$$INIT_ARRAY$$Base          
UNDEFED   SHT$$INIT_ARRAY$$Limit         

[66 symbols]
