******************************************************************************
                  TI ARM Linker PC v16.9.1                     
******************************************************************************
>> Linked Mon Jun 26 12:09:06 2017

OUTPUT FILE NAME:   <07 LCD Interfacing.out>
ENTRY POINT SYMBOL: "_c_int00"  address: 00000a0d


MEMORY CONFIGURATION

         name            origin    length      used     unused   attr    fill
----------------------  --------  ---------  --------  --------  ----  --------
  FLASH                 00000000   00040000  00000c5e  0003f3a2  R  X
  SRAM                  20000000   00008000  00000219  00007de7  RW X


SEGMENT ALLOCATION MAP

run origin  load origin   length   init length attrs members
----------  ----------- ---------- ----------- ----- -------
00000000    00000000    00000c64   00000c64    r-x
  00000000    00000000    0000026c   0000026c    r-- .intvecs
  0000026c    0000026c    00000962   00000962    r-x .text
  00000bd0    00000bd0    0000006c   0000006c    r-- .const
  00000c40    00000c40    00000024   00000024    r-- .cinit
20000000    20000000    00000219   00000000    rw-
  20000000    20000000    00000200   00000000    rw- .stack
  20000200    20000200    00000019   00000000    rw- .data


SECTION ALLOCATION MAP

 output                                  attributes/
section   page    origin      length       input sections
--------  ----  ----------  ----------   ----------------
.intvecs   0    00000000    0000026c     
                  00000000    0000026c     tm4c123gh6pm_startup_ccs.obj (.intvecs)

.text      0    0000026c    00000962     
                  0000026c    000002f4     main.obj (.text)
                  00000560    00000132     driverlib.lib : gpio.obj (.text:GPIOPadConfigSet)
                  00000692    00000002     rtsv7M4_T_le_v4SPD16_eabi.lib : mpu_init.obj (.text)
                  00000694    00000110     driverlib.lib : sysctl.obj (.text:SysCtlClockGet)
                  000007a4    000000f4                   : sysctl.obj (.text:SysCtlClockSet)
                  00000898    0000009c     rtsv7M4_T_le_v4SPD16_eabi.lib : memcpy_t2.obj (.text)
                  00000934    00000070                                   : autoinit.obj (.text)
                  000009a4    00000068                                   : copy_decompress_lzss.obj (.text:decompress:lzss)
                  00000a0c    00000054                                   : boot.obj (.text)
                  00000a60    00000054                                   : exit.obj (.text)
                  00000ab4    0000004c                                   : cpy_tbl.obj (.text)
                  00000b00    00000034     driverlib.lib : sysctl.obj (.text:SysCtlPeripheralEnable)
                  00000b34    0000002a                   : gpio.obj (.text:GPIODirModeSet)
                  00000b5e    00000018                   : gpio.obj (.text:GPIOPinTypeGPIOOutput)
                  00000b76    00000002     rtsv7M4_T_le_v4SPD16_eabi.lib : startup.obj (.text)
                  00000b78    00000018                                   : args_main.obj (.text)
                  00000b90    00000014                                   : _lock.obj (.text)
                  00000ba4    0000000e                                   : copy_decompress_none.obj (.text:decompress:none)
                  00000bb2    0000000c     tm4c123gh6pm_startup_ccs.obj (.text)
                  00000bbe    00000006     driverlib.lib : gpio.obj (.text:GPIOPinWrite)
                  00000bc4    00000006                   : sysctl.obj (.text:SysCtlDelay)
                  00000bca    00000004     rtsv7M4_T_le_v4SPD16_eabi.lib : pre_init.obj (.text)

.const     0    00000bd0    0000006c     
                  00000bd0    0000006c     driverlib.lib : sysctl.obj (.const:g_pui32Xtals)

.cinit     0    00000c40    00000024     
                  00000c40    00000011     (.cinit..data.load) [load image, compression = lzss]
                  00000c51    00000003     --HOLE-- [fill = 0]
                  00000c54    00000008     (__TI_handler_table)
                  00000c5c    00000008     (__TI_cinit_table)

.init_array 
*          0    00000000    00000000     UNINITIALIZED

.stack     0    20000000    00000200     UNINITIALIZED
                  20000000    00000200     --HOLE--

.data      0    20000200    00000019     UNINITIALIZED
                  20000200    0000000c     rtsv7M4_T_le_v4SPD16_eabi.lib : exit.obj (.data:$O1$$)
                  2000020c    00000008                                   : _lock.obj (.data:$O1$$)
                  20000214    00000004                                   : stkdepth_vars.obj (.data)
                  20000218    00000001     main.obj (.data)

MODULE SUMMARY

       Module                         code   ro data   rw data
       ------                         ----   -------   -------
    .\
       main.obj                       756    0         1      
       tm4c123gh6pm_startup_ccs.obj   12     620       0      
    +--+------------------------------+------+---------+---------+
       Total:                         768    620       1      
                                                              
    C:/ti/TivaWare_C_Series-2.1.4.178/driverlib/ccs/Debug/driverlib.lib
       sysctl.obj                     574    108       0      
       gpio.obj                       378    0         0      
    +--+------------------------------+------+---------+---------+
       Total:                         952    108       0      
                                                              
    C:\ti\ccsv7\tools\compiler\ti-cgt-arm_16.9.1.LTS\lib\rtsv7M4_T_le_v4SPD16_eabi.lib
       memcpy_t2.obj                  156    0         0      
       autoinit.obj                   112    0         0      
       copy_decompress_lzss.obj       104    0         0      
       exit.obj                       84     0         12     
       boot.obj                       84     0         0      
       cpy_tbl.obj                    76     0         0      
       _lock.obj                      20     0         8      
       args_main.obj                  24     0         0      
       copy_decompress_none.obj       14     0         0      
       pre_init.obj                   4      0         0      
       stkdepth_vars.obj              0      0         4      
       mpu_init.obj                   2      0         0      
       startup.obj                    2      0         0      
    +--+------------------------------+------+---------+---------+
       Total:                         682    0         24     
                                                              
       Stack:                         0      0         512    
       Linker Generated:              0      33        0      
    +--+------------------------------+------+---------+---------+
       Grand Total:                   2402   761       537    


LINKER GENERATED COPY TABLES

__TI_cinit_table @ 00000c5c records: 1, size/record: 8, table size: 8
	.data: load addr=00000c40, load size=00000011 bytes, run addr=20000200, run size=00000019 bytes, compression=lzss


LINKER GENERATED HANDLER TABLE

__TI_handler_table @ 00000c54 records: 2, size/record: 4, table size: 8
	index: 0, handler: __TI_decompress_lzss
	index: 1, handler: __TI_decompress_none


GLOBAL SYMBOLS: SORTED ALPHABETICALLY BY Name 

address   name                           
-------   ----                           
00000a61  C$$EXIT                        
00000b35  GPIODirModeSet                 
00000561  GPIOPadConfigSet               
00000b5f  GPIOPinTypeGPIOOutput          
00000bbf  GPIOPinWrite                   
00000bb3  ResetISR                       
UNDEFED   SHT$$INIT_ARRAY$$Base          
UNDEFED   SHT$$INIT_ARRAY$$Limit         
00000695  SysCtlClockGet                 
000007a5  SysCtlClockSet                 
00000bc5  SysCtlDelay                    
00000b01  SysCtlPeripheralEnable         
20000200  __STACK_END                    
00000200  __STACK_SIZE                   
20000200  __STACK_TOP                    
00000c5c  __TI_CINIT_Base                
00000c64  __TI_CINIT_Limit               
00000c54  __TI_Handler_Table_Base        
00000c5c  __TI_Handler_Table_Limit       
00000935  __TI_auto_init                 
20000200  __TI_cleanup_ptr               
000009a5  __TI_decompress_lzss           
00000ba5  __TI_decompress_none           
20000204  __TI_dtors_ptr                 
20000208  __TI_enable_exit_profile_output
ffffffff  __TI_pprof_out_hndl            
ffffffff  __TI_prof_data_size            
ffffffff  __TI_prof_data_start           
00000000  __TI_static_base__             
00000899  __aeabi_memcpy                 
00000899  __aeabi_memcpy4                
00000899  __aeabi_memcpy8                
ffffffff  __binit__                      
ffffffff  __c_args__                     
00000693  __mpu_init                     
20000000  __stack                        
00000b79  _args_main                     
00000a0d  _c_int00                       
000004e3  _delay_ms                      
000004ff  _delay_us                      
2000020c  _lock                          
00000b9f  _nop                           
00000b97  _register_lock                 
00000b91  _register_unlock               
00000b77  _system_post_cinit             
00000bcb  _system_pre_init               
20000210  _unlock                        
00000a65  abort                          
ffffffff  binit                          
000002bb  configIOPin                    
00000ab5  copy_in                        
20000218  cursorPositionCheck            
00000a6d  exit                           
00000000  g_pfnVectors                   
000004bf  lcdCheck                       
000004a7  lcdClear                       
00000311  lcdCommand                     
000003a9  lcdData                        
00000477  lcdGotoxy                      
000002fb  lcdInit                        
0000044b  lcdString                      
0000026d  main                           
20000214  main_func_sp                   
00000899  memcpy                         
000002ab  peripheralEnable               
000002a1  setupCLK                       


GLOBAL SYMBOLS: SORTED BY Symbol Address 

address   name                           
-------   ----                           
00000000  __TI_static_base__             
00000000  g_pfnVectors                   
00000200  __STACK_SIZE                   
0000026d  main                           
000002a1  setupCLK                       
000002ab  peripheralEnable               
000002bb  configIOPin                    
000002fb  lcdInit                        
00000311  lcdCommand                     
000003a9  lcdData                        
0000044b  lcdString                      
00000477  lcdGotoxy                      
000004a7  lcdClear                       
000004bf  lcdCheck                       
000004e3  _delay_ms                      
000004ff  _delay_us                      
00000561  GPIOPadConfigSet               
00000693  __mpu_init                     
00000695  SysCtlClockGet                 
000007a5  SysCtlClockSet                 
00000899  __aeabi_memcpy                 
00000899  __aeabi_memcpy4                
00000899  __aeabi_memcpy8                
00000899  memcpy                         
00000935  __TI_auto_init                 
000009a5  __TI_decompress_lzss           
00000a0d  _c_int00                       
00000a61  C$$EXIT                        
00000a65  abort                          
00000a6d  exit                           
00000ab5  copy_in                        
00000b01  SysCtlPeripheralEnable         
00000b35  GPIODirModeSet                 
00000b5f  GPIOPinTypeGPIOOutput          
00000b77  _system_post_cinit             
00000b79  _args_main                     
00000b91  _register_unlock               
00000b97  _register_lock                 
00000b9f  _nop                           
00000ba5  __TI_decompress_none           
00000bb3  ResetISR                       
00000bbf  GPIOPinWrite                   
00000bc5  SysCtlDelay                    
00000bcb  _system_pre_init               
00000c54  __TI_Handler_Table_Base        
00000c5c  __TI_CINIT_Base                
00000c5c  __TI_Handler_Table_Limit       
00000c64  __TI_CINIT_Limit               
20000000  __stack                        
20000200  __STACK_END                    
20000200  __STACK_TOP                    
20000200  __TI_cleanup_ptr               
20000204  __TI_dtors_ptr                 
20000208  __TI_enable_exit_profile_output
2000020c  _lock                          
20000210  _unlock                        
20000214  main_func_sp                   
20000218  cursorPositionCheck            
ffffffff  __TI_pprof_out_hndl            
ffffffff  __TI_prof_data_size            
ffffffff  __TI_prof_data_start           
ffffffff  __binit__                      
ffffffff  __c_args__                     
ffffffff  binit                          
UNDEFED   SHT$$INIT_ARRAY$$Base          
UNDEFED   SHT$$INIT_ARRAY$$Limit         

[66 symbols]
