******************************************************************************
                  TI ARM Linker PC v16.9.1                     
******************************************************************************
>> Linked Fri Jun 16 16:46:43 2017

OUTPUT FILE NAME:   <I-O Interfacing.out>
ENTRY POINT SYMBOL: "_c_int00"  address: 00000879


MEMORY CONFIGURATION

         name            origin    length      used     unused   attr    fill
----------------------  --------  ---------  --------  --------  ----  --------
  FLASH                 00000000   00040000  00000ae2  0003f51e  R  X
  SRAM                  20000000   00008000  00000218  00007de8  RW X


SEGMENT ALLOCATION MAP

run origin  load origin   length   init length attrs members
----------  ----------- ---------- ----------- ----- -------
00000000    00000000    00000ae4   00000ae4    r-x
  00000000    00000000    0000026c   0000026c    r-- .intvecs
  0000026c    0000026c    000007e6   000007e6    r-x .text
  00000a54    00000a54    0000006c   0000006c    r-- .const
  00000ac0    00000ac0    00000024   00000024    r-- .cinit
20000000    20000000    00000218   00000000    rw-
  20000000    20000000    00000200   00000000    rw- .stack
  20000200    20000200    00000018   00000000    rw- .data


SECTION ALLOCATION MAP

 output                                  attributes/
section   page    origin      length       input sections
--------  ----  ----------  ----------   ----------------
.intvecs   0    00000000    0000026c     
                  00000000    0000026c     tm4c123gh6pm_startup_ccs.obj (.intvecs)

.text      0    0000026c    000007e6     
                  0000026c    00000160     main.obj (.text)
                  000003cc    00000132     driverlib.lib : gpio.obj (.text:GPIOPadConfigSet)
                  000004fe    00000002     rtsv7M4_T_le_v4SPD16_eabi.lib : mpu_init.obj (.text)
                  00000500    00000110     driverlib.lib : sysctl.obj (.text:SysCtlClockGet)
                  00000610    000000f4                   : sysctl.obj (.text:SysCtlClockSet)
                  00000704    0000009c     rtsv7M4_T_le_v4SPD16_eabi.lib : memcpy_t2.obj (.text)
                  000007a0    00000070                                   : autoinit.obj (.text)
                  00000810    00000068                                   : copy_decompress_lzss.obj (.text:decompress:lzss)
                  00000878    00000054                                   : boot.obj (.text)
                  000008cc    00000054                                   : exit.obj (.text)
                  00000920    0000004c                                   : cpy_tbl.obj (.text)
                  0000096c    00000034     driverlib.lib : sysctl.obj (.text:SysCtlPeripheralEnable)
                  000009a0    0000002a                   : gpio.obj (.text:GPIODirModeSet)
                  000009ca    00000018                   : gpio.obj (.text:GPIOPinTypeGPIOOutput)
                  000009e2    00000002     rtsv7M4_T_le_v4SPD16_eabi.lib : startup.obj (.text)
                  000009e4    00000018                                   : args_main.obj (.text)
                  000009fc    00000014                                   : _lock.obj (.text)
                  00000a10    00000012     driverlib.lib : gpio.obj (.text:GPIOPinTypeGPIOInput)
                  00000a22    0000000e     rtsv7M4_T_le_v4SPD16_eabi.lib : copy_decompress_none.obj (.text:decompress:none)
                  00000a30    0000000c     tm4c123gh6pm_startup_ccs.obj (.text)
                  00000a3c    00000006     driverlib.lib : gpio.obj (.text:GPIOPinRead)
                  00000a42    00000006                   : gpio.obj (.text:GPIOPinWrite)
                  00000a48    00000006                   : sysctl.obj (.text:SysCtlDelay)
                  00000a4e    00000004     rtsv7M4_T_le_v4SPD16_eabi.lib : pre_init.obj (.text)

.const     0    00000a54    0000006c     
                  00000a54    0000006c     driverlib.lib : sysctl.obj (.const:g_pui32Xtals)

.cinit     0    00000ac0    00000024     
                  00000ac0    00000011     (.cinit..data.load) [load image, compression = lzss]
                  00000ad1    00000003     --HOLE-- [fill = 0]
                  00000ad4    00000008     (__TI_handler_table)
                  00000adc    00000008     (__TI_cinit_table)

.init_array 
*          0    00000000    00000000     UNINITIALIZED

.stack     0    20000000    00000200     UNINITIALIZED
                  20000000    00000200     --HOLE--

.data      0    20000200    00000018     UNINITIALIZED
                  20000200    0000000c     rtsv7M4_T_le_v4SPD16_eabi.lib : exit.obj (.data:$O1$$)
                  2000020c    00000008                                   : _lock.obj (.data:$O1$$)
                  20000214    00000004                                   : stkdepth_vars.obj (.data)

MODULE SUMMARY

       Module                         code   ro data   rw data
       ------                         ----   -------   -------
    .\
       tm4c123gh6pm_startup_ccs.obj   12     620       0      
       main.obj                       352    0         0      
    +--+------------------------------+------+---------+---------+
       Total:                         364    620       0      
                                                              
    C:/ti/TivaWare_C_Series-2.1.4.178/driverlib/ccs/Debug/driverlib.lib
       sysctl.obj                     574    108       0      
       gpio.obj                       402    0         0      
    +--+------------------------------+------+---------+---------+
       Total:                         976    108       0      
                                                              
    C:\ti\ccsv7\tools\compiler\ti-cgt-arm_16.9.1.LTS\lib\rtsv7M4_T_le_v4SPD16_eabi.lib
       memcpy_t2.obj                  156    0         0      
       autoinit.obj                   112    0         0      
       copy_decompress_lzss.obj       104    0         0      
       exit.obj                       84     0         12     
       boot.obj                       84     0         0      
       cpy_tbl.obj                    76     0         0      
       _lock.obj                      20     0         8      
       args_main.obj                  24     0         0      
       copy_decompress_none.obj       14     0         0      
       pre_init.obj                   4      0         0      
       stkdepth_vars.obj              0      0         4      
       mpu_init.obj                   2      0         0      
       startup.obj                    2      0         0      
    +--+------------------------------+------+---------+---------+
       Total:                         682    0         24     
                                                              
       Stack:                         0      0         512    
       Linker Generated:              0      33        0      
    +--+------------------------------+------+---------+---------+
       Grand Total:                   2022   761       536    


LINKER GENERATED COPY TABLES

__TI_cinit_table @ 00000adc records: 1, size/record: 8, table size: 8
	.data: load addr=00000ac0, load size=00000011 bytes, run addr=20000200, run size=00000018 bytes, compression=lzss


LINKER GENERATED HANDLER TABLE

__TI_handler_table @ 00000ad4 records: 2, size/record: 4, table size: 8
	index: 0, handler: __TI_decompress_lzss
	index: 1, handler: __TI_decompress_none


GLOBAL SYMBOLS: SORTED ALPHABETICALLY BY Name 

address   name                           
-------   ----                           
000008cd  C$$EXIT                        
000009a1  GPIODirModeSet                 
000003cd  GPIOPadConfigSet               
00000a3d  GPIOPinRead                    
00000a11  GPIOPinTypeGPIOInput           
000009cb  GPIOPinTypeGPIOOutput          
00000a43  GPIOPinWrite                   
00000a31  ResetISR                       
UNDEFED   SHT$$INIT_ARRAY$$Base          
UNDEFED   SHT$$INIT_ARRAY$$Limit         
00000501  SysCtlClockGet                 
00000611  SysCtlClockSet                 
00000a49  SysCtlDelay                    
0000096d  SysCtlPeripheralEnable         
20000200  __STACK_END                    
00000200  __STACK_SIZE                   
20000200  __STACK_TOP                    
00000adc  __TI_CINIT_Base                
00000ae4  __TI_CINIT_Limit               
00000ad4  __TI_Handler_Table_Base        
00000adc  __TI_Handler_Table_Limit       
000007a1  __TI_auto_init                 
20000200  __TI_cleanup_ptr               
00000811  __TI_decompress_lzss           
00000a23  __TI_decompress_none           
20000204  __TI_dtors_ptr                 
20000208  __TI_enable_exit_profile_output
ffffffff  __TI_pprof_out_hndl            
ffffffff  __TI_prof_data_size            
ffffffff  __TI_prof_data_start           
00000000  __TI_static_base__             
00000705  __aeabi_memcpy                 
00000705  __aeabi_memcpy4                
00000705  __aeabi_memcpy8                
ffffffff  __binit__                      
ffffffff  __c_args__                     
000004ff  __mpu_init                     
20000000  __stack                        
000009e5  _args_main                     
00000879  _c_int00                       
2000020c  _lock                          
00000a0b  _nop                           
00000a03  _register_lock                 
000009fd  _register_unlock               
000009e3  _system_post_cinit             
00000a4f  _system_pre_init               
20000210  _unlock                        
000008d1  abort                          
ffffffff  binit                          
00000345  configIOPin                    
00000921  copy_in                        
0000037b  delay_ms                       
00000397  delay_us                       
000008d9  exit                           
00000000  g_pfnVectors                   
0000026d  main                           
20000214  main_func_sp                   
00000705  memcpy                         
00000335  setupCLK                       


GLOBAL SYMBOLS: SORTED BY Symbol Address 

address   name                           
-------   ----                           
00000000  __TI_static_base__             
00000000  g_pfnVectors                   
00000200  __STACK_SIZE                   
0000026d  main                           
00000335  setupCLK                       
00000345  configIOPin                    
0000037b  delay_ms                       
00000397  delay_us                       
000003cd  GPIOPadConfigSet               
000004ff  __mpu_init                     
00000501  SysCtlClockGet                 
00000611  SysCtlClockSet                 
00000705  __aeabi_memcpy                 
00000705  __aeabi_memcpy4                
00000705  __aeabi_memcpy8                
00000705  memcpy                         
000007a1  __TI_auto_init                 
00000811  __TI_decompress_lzss           
00000879  _c_int00                       
000008cd  C$$EXIT                        
000008d1  abort                          
000008d9  exit                           
00000921  copy_in                        
0000096d  SysCtlPeripheralEnable         
000009a1  GPIODirModeSet                 
000009cb  GPIOPinTypeGPIOOutput          
000009e3  _system_post_cinit             
000009e5  _args_main                     
000009fd  _register_unlock               
00000a03  _register_lock                 
00000a0b  _nop                           
00000a11  GPIOPinTypeGPIOInput           
00000a23  __TI_decompress_none           
00000a31  ResetISR                       
00000a3d  GPIOPinRead                    
00000a43  GPIOPinWrite                   
00000a49  SysCtlDelay                    
00000a4f  _system_pre_init               
00000ad4  __TI_Handler_Table_Base        
00000adc  __TI_CINIT_Base                
00000adc  __TI_Handler_Table_Limit       
00000ae4  __TI_CINIT_Limit               
20000000  __stack                        
20000200  __STACK_END                    
20000200  __STACK_TOP                    
20000200  __TI_cleanup_ptr               
20000204  __TI_dtors_ptr                 
20000208  __TI_enable_exit_profile_output
2000020c  _lock                          
20000210  _unlock                        
20000214  main_func_sp                   
ffffffff  __TI_pprof_out_hndl            
ffffffff  __TI_prof_data_size            
ffffffff  __TI_prof_data_start           
ffffffff  __binit__                      
ffffffff  __c_args__                     
ffffffff  binit                          
UNDEFED   SHT$$INIT_ARRAY$$Base          
UNDEFED   SHT$$INIT_ARRAY$$Limit         

[59 symbols]
