******************************************************************************
                  TI ARM Linker PC v16.9.1                     
******************************************************************************
>> Linked Thu Jun 22 22:38:34 2017

OUTPUT FILE NAME:   <Serial Communication.out>
ENTRY POINT SYMBOL: "_c_int00"  address: 00000879


MEMORY CONFIGURATION

         name            origin    length      used     unused   attr    fill
----------------------  --------  ---------  --------  --------  ----  --------
  FLASH                 00000000   00040000  00000cd6  0003f32a  R  X
  SRAM                  20000000   00008000  00000218  00007de8  RW X


SEGMENT ALLOCATION MAP

run origin  load origin   length   init length attrs members
----------  ----------- ---------- ----------- ----- -------
00000000    00000000    00000cdc   00000cdc    r-x
  00000000    00000000    0000026c   0000026c    r-- .intvecs
  0000026c    0000026c    000008da   000008da    r-x .text
  00000b48    00000b48    0000016c   0000016c    r-- .const
  00000cb8    00000cb8    00000024   00000024    r-- .cinit
20000000    20000000    00000218   00000000    rw-
  20000000    20000000    00000200   00000000    rw- .stack
  20000200    20000200    00000018   00000000    rw- .data


SECTION ALLOCATION MAP

 output                                  attributes/
section   page    origin      length       input sections
--------  ----  ----------  ----------   ----------------
.intvecs   0    00000000    0000026c     
                  00000000    0000026c     tm4c123gh6pm_startup_ccs.obj (.intvecs)

.text      0    0000026c    000008da     
                  0000026c    00000132     driverlib.lib : gpio.obj (.text:GPIOPadConfigSet)
                  0000039e    00000002     rtsv7M4_T_le_v4SPD16_eabi.lib : mpu_init.obj (.text)
                  000003a0    00000110     driverlib.lib : sysctl.obj (.text:SysCtlClockGet)
                  000004b0    000000f8     main.obj (.text)
                  000005a8    000000f4     driverlib.lib : sysctl.obj (.text:SysCtlClockSet)
                  0000069c    0000009c     rtsv7M4_T_le_v4SPD16_eabi.lib : memcpy_t2.obj (.text)
                  00000738    00000070                                   : autoinit.obj (.text)
                  000007a8    00000068     driverlib.lib : interrupt.obj (.text:IntEnable)
                  00000810    00000068     rtsv7M4_T_le_v4SPD16_eabi.lib : copy_decompress_lzss.obj (.text:decompress:lzss)
                  00000878    00000054                                   : boot.obj (.text)
                  000008cc    00000054                                   : exit.obj (.text)
                  00000920    0000004c                                   : cpy_tbl.obj (.text)
                  0000096c    00000048     driverlib.lib : gpio.obj (.text:GPIOPinConfigure)
                  000009b4    00000046                   : uart.obj (.text:UARTConfigSetExpClk)
                  000009fa    00000002     rtsv7M4_T_le_v4SPD16_eabi.lib : startup.obj (.text)
                  000009fc    00000034     driverlib.lib : sysctl.obj (.text:SysCtlPeripheralEnable)
                  00000a30    0000002a                   : gpio.obj (.text:GPIODirModeSet)
                  00000a5a    00000002     --HOLE-- [fill = 0]
                  00000a5c    00000020                   : uart.obj (.text:UARTDisable)
                  00000a7c    00000018     rtsv7M4_T_le_v4SPD16_eabi.lib : args_main.obj (.text)
                  00000a94    00000014     driverlib.lib : uart.obj (.text:UARTEnable)
                  00000aa8    00000014     rtsv7M4_T_le_v4SPD16_eabi.lib : _lock.obj (.text)
                  00000abc    00000012     driverlib.lib : gpio.obj (.text:GPIOPinTypeUART)
                  00000ace    00000010                   : interrupt.obj (.text:IntMasterEnable)
                  00000ade    0000000e                   : uart.obj (.text:UARTCharsAvail)
                  00000aec    0000000e     rtsv7M4_T_le_v4SPD16_eabi.lib : copy_decompress_none.obj (.text:decompress:none)
                  00000afa    0000000c     driverlib.lib : cpu.obj (.text:CPUcpsie)
                  00000b06    0000000c     tm4c123gh6pm_startup_ccs.obj (.text)
                  00000b12    0000000a     driverlib.lib : uart.obj (.text:UARTCharGet)
                  00000b1c    0000000a                   : uart.obj (.text:UARTCharPut)
                  00000b26    0000000a                   : uart.obj (.text:UARTIntStatus)
                  00000b30    00000008                   : uart.obj (.text:UARTIntEnable)
                  00000b38    00000006                   : sysctl.obj (.text:SysCtlDelay)
                  00000b3e    00000004                   : uart.obj (.text:UARTIntClear)
                  00000b42    00000004     rtsv7M4_T_le_v4SPD16_eabi.lib : pre_init.obj (.text)

.const     0    00000b48    0000016c     
                  00000b48    00000090     driverlib.lib : gpio.obj (.const:g_pui32GPIOBaseAddrs)
                  00000bd8    00000070                   : interrupt.obj (.const)
                  00000c48    0000006c                   : sysctl.obj (.const:g_pui32Xtals)

.cinit     0    00000cb8    00000024     
                  00000cb8    00000011     (.cinit..data.load) [load image, compression = lzss]
                  00000cc9    00000003     --HOLE-- [fill = 0]
                  00000ccc    00000008     (__TI_handler_table)
                  00000cd4    00000008     (__TI_cinit_table)

.init_array 
*          0    00000000    00000000     UNINITIALIZED

.stack     0    20000000    00000200     UNINITIALIZED
                  20000000    00000200     --HOLE--

.data      0    20000200    00000018     UNINITIALIZED
                  20000200    0000000c     rtsv7M4_T_le_v4SPD16_eabi.lib : exit.obj (.data:$O1$$)
                  2000020c    00000008                                   : _lock.obj (.data:$O1$$)
                  20000214    00000004                                   : stkdepth_vars.obj (.data)

MODULE SUMMARY

       Module                         code   ro data   rw data
       ------                         ----   -------   -------
    .\
       tm4c123gh6pm_startup_ccs.obj   12     620       0      
       main.obj                       248    0         0      
    +--+------------------------------+------+---------+---------+
       Total:                         260    620       0      
                                                              
    C:/ti/TivaWare_C_Series-2.1.4.178/driverlib/ccs/Debug/driverlib.lib
       sysctl.obj                     574    108       0      
       gpio.obj                       438    144       0      
       interrupt.obj                  120    112       0      
       uart.obj                       178    0         0      
       cpu.obj                        12     0         0      
    +--+------------------------------+------+---------+---------+
       Total:                         1322   364       0      
                                                              
    C:\ti\ccsv7\tools\compiler\ti-cgt-arm_16.9.1.LTS\lib\rtsv7M4_T_le_v4SPD16_eabi.lib
       memcpy_t2.obj                  156    0         0      
       autoinit.obj                   112    0         0      
       copy_decompress_lzss.obj       104    0         0      
       exit.obj                       84     0         12     
       boot.obj                       84     0         0      
       cpy_tbl.obj                    76     0         0      
       _lock.obj                      20     0         8      
       args_main.obj                  24     0         0      
       copy_decompress_none.obj       14     0         0      
       pre_init.obj                   4      0         0      
       stkdepth_vars.obj              0      0         4      
       mpu_init.obj                   2      0         0      
       startup.obj                    2      0         0      
    +--+------------------------------+------+---------+---------+
       Total:                         682    0         24     
                                                              
       Stack:                         0      0         512    
       Linker Generated:              0      33        0      
    +--+------------------------------+------+---------+---------+
       Grand Total:                   2264   1017      536    


LINKER GENERATED COPY TABLES

__TI_cinit_table @ 00000cd4 records: 1, size/record: 8, table size: 8
	.data: load addr=00000cb8, load size=00000011 bytes, run addr=20000200, run size=00000018 bytes, compression=lzss


LINKER GENERATED HANDLER TABLE

__TI_handler_table @ 00000ccc records: 2, size/record: 4, table size: 8
	index: 0, handler: __TI_decompress_lzss
	index: 1, handler: __TI_decompress_none


GLOBAL SYMBOLS: SORTED ALPHABETICALLY BY Name 

address   name                           
-------   ----                           
000008cd  C$$EXIT                        
00000afb  CPUcpsie                       
00000a31  GPIODirModeSet                 
0000026d  GPIOPadConfigSet               
0000096d  GPIOPinConfigure               
00000abd  GPIOPinTypeUART                
000007a9  IntEnable                      
00000acf  IntMasterEnable                
00000b07  ResetISR                       
UNDEFED   SHT$$INIT_ARRAY$$Base          
UNDEFED   SHT$$INIT_ARRAY$$Limit         
000003a1  SysCtlClockGet                 
000005a9  SysCtlClockSet                 
00000b39  SysCtlDelay                    
000009fd  SysCtlPeripheralEnable         
00000b13  UARTCharGet                    
00000b1d  UARTCharPut                    
00000adf  UARTCharsAvail                 
000009b5  UARTConfigSetExpClk            
00000a5d  UARTDisable                    
00000a95  UARTEnable                     
00000b3f  UARTIntClear                   
00000b31  UARTIntEnable                  
0000055f  UARTIntHandler                 
00000b27  UARTIntStatus                  
20000200  __STACK_END                    
00000200  __STACK_SIZE                   
20000200  __STACK_TOP                    
00000cd4  __TI_CINIT_Base                
00000cdc  __TI_CINIT_Limit               
00000ccc  __TI_Handler_Table_Base        
00000cd4  __TI_Handler_Table_Limit       
00000739  __TI_auto_init                 
20000200  __TI_cleanup_ptr               
00000811  __TI_decompress_lzss           
00000aed  __TI_decompress_none           
20000204  __TI_dtors_ptr                 
20000208  __TI_enable_exit_profile_output
ffffffff  __TI_pprof_out_hndl            
ffffffff  __TI_prof_data_size            
ffffffff  __TI_prof_data_start           
00000000  __TI_static_base__             
0000069d  __aeabi_memcpy                 
0000069d  __aeabi_memcpy4                
0000069d  __aeabi_memcpy8                
ffffffff  __binit__                      
ffffffff  __c_args__                     
0000039f  __mpu_init                     
20000000  __stack                        
00000a7d  _args_main                     
00000879  _c_int00                       
2000020c  _lock                          
00000ab7  _nop                           
00000aaf  _register_lock                 
00000aa9  _register_unlock               
000009fb  _system_post_cinit             
00000b43  _system_pre_init               
20000210  _unlock                        
000008d1  abort                          
ffffffff  binit                          
000004cd  configCLK                      
00000921  copy_in                        
000008d9  exit                           
00000000  g_pfnVectors                   
000004b1  main                           
20000214  main_func_sp                   
0000069d  memcpy                         
000004d7  peripheralEnable               
00000515  tranString                     
000004e7  uartEnable                     
00000549  uartInterruptEnable            


GLOBAL SYMBOLS: SORTED BY Symbol Address 

address   name                           
-------   ----                           
00000000  __TI_static_base__             
00000000  g_pfnVectors                   
00000200  __STACK_SIZE                   
0000026d  GPIOPadConfigSet               
0000039f  __mpu_init                     
000003a1  SysCtlClockGet                 
000004b1  main                           
000004cd  configCLK                      
000004d7  peripheralEnable               
000004e7  uartEnable                     
00000515  tranString                     
00000549  uartInterruptEnable            
0000055f  UARTIntHandler                 
000005a9  SysCtlClockSet                 
0000069d  __aeabi_memcpy                 
0000069d  __aeabi_memcpy4                
0000069d  __aeabi_memcpy8                
0000069d  memcpy                         
00000739  __TI_auto_init                 
000007a9  IntEnable                      
00000811  __TI_decompress_lzss           
00000879  _c_int00                       
000008cd  C$$EXIT                        
000008d1  abort                          
000008d9  exit                           
00000921  copy_in                        
0000096d  GPIOPinConfigure               
000009b5  UARTConfigSetExpClk            
000009fb  _system_post_cinit             
000009fd  SysCtlPeripheralEnable         
00000a31  GPIODirModeSet                 
00000a5d  UARTDisable                    
00000a7d  _args_main                     
00000a95  UARTEnable                     
00000aa9  _register_unlock               
00000aaf  _register_lock                 
00000ab7  _nop                           
00000abd  GPIOPinTypeUART                
00000acf  IntMasterEnable                
00000adf  UARTCharsAvail                 
00000aed  __TI_decompress_none           
00000afb  CPUcpsie                       
00000b07  ResetISR                       
00000b13  UARTCharGet                    
00000b1d  UARTCharPut                    
00000b27  UARTIntStatus                  
00000b31  UARTIntEnable                  
00000b39  SysCtlDelay                    
00000b3f  UARTIntClear                   
00000b43  _system_pre_init               
00000ccc  __TI_Handler_Table_Base        
00000cd4  __TI_CINIT_Base                
00000cd4  __TI_Handler_Table_Limit       
00000cdc  __TI_CINIT_Limit               
20000000  __stack                        
20000200  __STACK_END                    
20000200  __STACK_TOP                    
20000200  __TI_cleanup_ptr               
20000204  __TI_dtors_ptr                 
20000208  __TI_enable_exit_profile_output
2000020c  _lock                          
20000210  _unlock                        
20000214  main_func_sp                   
ffffffff  __TI_pprof_out_hndl            
ffffffff  __TI_prof_data_size            
ffffffff  __TI_prof_data_start           
ffffffff  __binit__                      
ffffffff  __c_args__                     
ffffffff  binit                          
UNDEFED   SHT$$INIT_ARRAY$$Base          
UNDEFED   SHT$$INIT_ARRAY$$Limit         

[71 symbols]
