******************************************************************************
                  TI ARM Linker PC v16.9.1                     
******************************************************************************
>> Linked Sat May 27 15:01:19 2017

OUTPUT FILE NAME:   <lab-4b.out>
ENTRY POINT SYMBOL: "_c_int00"  address: 00000c8d


MEMORY CONFIGURATION

         name            origin    length      used     unused   attr    fill
----------------------  --------  ---------  --------  --------  ----  --------
  FLASH                 00000000   00040000  0000123c  0003edc4  R  X
  SRAM                  20000000   00008000  00000221  00007ddf  RW X


SEGMENT ALLOCATION MAP

run origin  load origin   length   init length attrs members
----------  ----------- ---------- ----------- ----- -------
00000000    00000000    00001240   00001240    r-x
  00000000    00000000    0000026c   0000026c    r-- .intvecs
  0000026c    0000026c    00000e2c   00000e2c    r-x .text
  00001098    00001098    0000016c   0000016c    r-- .const
  00001208    00001208    00000038   00000038    r-- .cinit
20000000    20000000    00000224   00000000    rw-
  20000000    20000000    00000200   00000000    rw- .stack
  20000200    20000200    00000019   00000000    rw- .data
  2000021c    2000021c    00000008   00000000    rw- .bss


SECTION ALLOCATION MAP

 output                                  attributes/
section   page    origin      length       input sections
--------  ----  ----------  ----------   ----------------
.intvecs   0    00000000    0000026c     
                  00000000    0000026c     tm4c123gh6pm_startup_ccs.obj (.intvecs)

.text      0    0000026c    00000e2c     
                  0000026c    000003b8     main.obj (.text)
                  00000624    00000132     driverlib.lib : gpio.obj (.text:GPIOPadConfigSet)
                  00000756    00000002     rtsv7M4_T_le_v4SPD16_eabi.lib : mpu_init.obj (.text)
                  00000758    00000110     driverlib.lib : sysctl.obj (.text:SysCtlClockGet)
                  00000868    000000f4                   : sysctl.obj (.text:SysCtlClockSet)
                  0000095c    0000009c     rtsv7M4_T_le_v4SPD16_eabi.lib : memcpy_t2.obj (.text)
                  000009f8    0000007a     driverlib.lib : adc.obj (.text:ADCSequenceStepConfigure)
                  00000a72    0000007a     rtsv7M4_T_le_v4SPD16_eabi.lib : memset_t2.obj (.text)
                  00000aec    00000070                                   : autoinit.obj (.text)
                  00000b5c    00000068     driverlib.lib : interrupt.obj (.text:IntEnable)
                  00000bc4    00000068     rtsv7M4_T_le_v4SPD16_eabi.lib : copy_decompress_lzss.obj (.text:decompress:lzss)
                  00000c2c    00000060     driverlib.lib : timer.obj (.text:TimerConfigure)
                  00000c8c    00000054     rtsv7M4_T_le_v4SPD16_eabi.lib : boot.obj (.text)
                  00000ce0    00000054                                   : exit.obj (.text)
                  00000d34    00000050     driverlib.lib : adc.obj (.text:ADCSequenceConfigure)
                  00000d84    0000004c     rtsv7M4_T_le_v4SPD16_eabi.lib : cpy_tbl.obj (.text)
                  00000dd0    00000048     driverlib.lib : gpio.obj (.text:GPIOPinConfigure)
                  00000e18    00000046                   : uart.obj (.text:UARTConfigSetExpClk)
                  00000e5e    00000002     rtsv7M4_T_le_v4SPD16_eabi.lib : startup.obj (.text)
                  00000e60    00000034     driverlib.lib : sysctl.obj (.text:SysCtlPeripheralEnable)
                  00000e94    0000002e                   : adc.obj (.text:ADCIntStatus)
                  00000ec2    0000002a                   : gpio.obj (.text:GPIODirModeSet)
                  00000eec    00000020                   : uart.obj (.text:UARTDisable)
                  00000f0c    0000001e                   : adc.obj (.text:ADCSequenceDataGet)
                  00000f2a    00000018                   : adc.obj (.text:ADCProcessorTrigger)
                  00000f42    00000018                   : gpio.obj (.text:GPIOPinTypeGPIOOutput)
                  00000f5a    00000002     --HOLE-- [fill = 0]
                  00000f5c    00000018     rtsv7M4_T_le_v4SPD16_eabi.lib : args_main.obj (.text)
                  00000f74    00000014     driverlib.lib : uart.obj (.text:UARTEnable)
                  00000f88    00000014     rtsv7M4_T_le_v4SPD16_eabi.lib : _lock.obj (.text)
                  00000f9c    00000012     driverlib.lib : gpio.obj (.text:GPIOPinTypeUART)
                  00000fae    00000012                   : timer.obj (.text:TimerLoadSet)
                  00000fc0    00000010                   : interrupt.obj (.text:IntMasterEnable)
                  00000fd0    0000000e                   : adc.obj (.text:ADCHardwareOversampleConfigure)
                  00000fde    0000000e                   : adc.obj (.text:ADCSequenceEnable)
                  00000fec    0000000e                   : timer.obj (.text:TimerEnable)
                  00000ffa    0000000e                   : uart.obj (.text:UARTCharPutNonBlocking)
                  00001008    0000000e                   : uart.obj (.text:UARTCharsAvail)
                  00001016    0000000e     rtsv7M4_T_le_v4SPD16_eabi.lib : copy_decompress_none.obj (.text:decompress:none)
                  00001024    0000000c     driverlib.lib : cpu.obj (.text:CPUcpsie)
                  00001030    0000000c     rtsv7M4_T_le_v4SPD16_eabi.lib : copy_zero_init.obj (.text:decompress:ZI)
                  0000103c    0000000c     tm4c123gh6pm_startup_ccs.obj (.text)
                  00001048    0000000a     driverlib.lib : adc.obj (.text:ADCIntClear)
                  00001052    0000000a                   : uart.obj (.text:UARTCharGet)
                  0000105c    0000000a                   : uart.obj (.text:UARTCharPut)
                  00001066    0000000a                   : uart.obj (.text:UARTIntStatus)
                  00001070    00000008                   : timer.obj (.text:TimerIntEnable)
                  00001078    00000008                   : uart.obj (.text:UARTIntEnable)
                  00001080    00000006                   : gpio.obj (.text:GPIOPinWrite)
                  00001086    00000006                   : sysctl.obj (.text:SysCtlDelay)
                  0000108c    00000004                   : timer.obj (.text:TimerIntClear)
                  00001090    00000004                   : uart.obj (.text:UARTIntClear)
                  00001094    00000004     rtsv7M4_T_le_v4SPD16_eabi.lib : pre_init.obj (.text)

.const     0    00001098    0000016c     
                  00001098    00000090     driverlib.lib : gpio.obj (.const:g_pui32GPIOBaseAddrs)
                  00001128    00000070                   : interrupt.obj (.const)
                  00001198    0000006c                   : sysctl.obj (.const:g_pui32Xtals)

.cinit     0    00001208    00000038     
                  00001208    00000011     (.cinit..data.load) [load image, compression = lzss]
                  00001219    00000003     --HOLE-- [fill = 0]
                  0000121c    0000000c     (__TI_handler_table)
                  00001228    00000008     (.cinit..bss.load) [load image, compression = zero_init]
                  00001230    00000010     (__TI_cinit_table)

.init_array 
*          0    00000000    00000000     UNINITIALIZED

.stack     0    20000000    00000200     UNINITIALIZED
                  20000000    00000200     --HOLE--

.data      0    20000200    00000019     UNINITIALIZED
                  20000200    0000000c     rtsv7M4_T_le_v4SPD16_eabi.lib : exit.obj (.data:$O1$$)
                  2000020c    00000008                                   : _lock.obj (.data:$O1$$)
                  20000214    00000004                                   : stkdepth_vars.obj (.data)
                  20000218    00000001     main.obj (.data)

.bss       0    2000021c    00000008     UNINITIALIZED
                  2000021c    00000004     (.common:currentTemp)
                  20000220    00000004     (.common:setTemp)

MODULE SUMMARY

       Module                         code   ro data   rw data
       ------                         ----   -------   -------
    .\
       main.obj                       952    0         9      
       tm4c123gh6pm_startup_ccs.obj   12     620       0      
    +--+------------------------------+------+---------+---------+
       Total:                         964    620       9      
                                                              
    C:/ti/TivaWare_C_Series-2.1.4.178/driverlib/ccs/Debug/driverlib.lib
       sysctl.obj                     574    108       0      
       gpio.obj                       468    144       0      
       adc.obj                        340    0         0      
       interrupt.obj                  120    112       0      
       uart.obj                       192    0         0      
       timer.obj                      140    0         0      
       cpu.obj                        12     0         0      
    +--+------------------------------+------+---------+---------+
       Total:                         1846   364       0      
                                                              
    C:\ti\ccsv7\tools\compiler\ti-cgt-arm_16.9.1.LTS\lib\rtsv7M4_T_le_v4SPD16_eabi.lib
       memcpy_t2.obj                  156    0         0      
       memset_t2.obj                  122    0         0      
       autoinit.obj                   112    0         0      
       copy_decompress_lzss.obj       104    0         0      
       exit.obj                       84     0         12     
       boot.obj                       84     0         0      
       cpy_tbl.obj                    76     0         0      
       _lock.obj                      20     0         8      
       args_main.obj                  24     0         0      
       copy_decompress_none.obj       14     0         0      
       copy_zero_init.obj             12     0         0      
       pre_init.obj                   4      0         0      
       stkdepth_vars.obj              0      0         4      
       mpu_init.obj                   2      0         0      
       startup.obj                    2      0         0      
    +--+------------------------------+------+---------+---------+
       Total:                         816    0         24     
                                                              
       Stack:                         0      0         512    
       Linker Generated:              0      53        0      
    +--+------------------------------+------+---------+---------+
       Grand Total:                   3626   1037      545    


LINKER GENERATED COPY TABLES

__TI_cinit_table @ 00001230 records: 2, size/record: 8, table size: 16
	.data: load addr=00001208, load size=00000011 bytes, run addr=20000200, run size=00000019 bytes, compression=lzss
	.bss: load addr=00001228, load size=00000008 bytes, run addr=2000021c, run size=00000008 bytes, compression=zero_init


LINKER GENERATED HANDLER TABLE

__TI_handler_table @ 0000121c records: 3, size/record: 4, table size: 12
	index: 0, handler: __TI_decompress_lzss
	index: 1, handler: __TI_decompress_none
	index: 2, handler: __TI_zero_init


GLOBAL SYMBOLS: SORTED ALPHABETICALLY BY Name 

address   name                           
-------   ----                           
000002f9  ADC0Enable                     
00000fd1  ADCHardwareOversampleConfigure 
00001049  ADCIntClear                    
00000e95  ADCIntStatus                   
00000f2b  ADCProcessorTrigger            
00000d35  ADCSequenceConfigure           
00000f0d  ADCSequenceDataGet             
00000fdf  ADCSequenceEnable              
000009f9  ADCSequenceStepConfigure       
00000ce1  C$$EXIT                        
00001025  CPUcpsie                       
00000ec3  GPIODirModeSet                 
00000625  GPIOPadConfigSet               
00000dd1  GPIOPinConfigure               
00000f43  GPIOPinTypeGPIOOutput          
00000f9d  GPIOPinTypeUART                
00001081  GPIOPinWrite                   
00000b5d  IntEnable                      
00000fc1  IntMasterEnable                
0000103d  ResetISR                       
UNDEFED   SHT$$INIT_ARRAY$$Base          
UNDEFED   SHT$$INIT_ARRAY$$Limit         
00000759  SysCtlClockGet                 
00000869  SysCtlClockSet                 
00001087  SysCtlDelay                    
00000e61  SysCtlPeripheralEnable         
00000529  Timer0IntHandler               
00000c2d  TimerConfigure                 
00000fed  TimerEnable                    
0000108d  TimerIntClear                  
00001071  TimerIntEnable                 
00000faf  TimerLoadSet                   
00001053  UARTCharGet                    
0000105d  UARTCharPut                    
00000ffb  UARTCharPutNonBlocking         
00001009  UARTCharsAvail                 
00000e19  UARTConfigSetExpClk            
00000eed  UARTDisable                    
00000f75  UARTEnable                     
00001091  UARTIntClear                   
00001079  UARTIntEnable                  
00000415  UARTIntHandler                 
00001067  UARTIntStatus                  
20000200  __STACK_END                    
00000200  __STACK_SIZE                   
20000200  __STACK_TOP                    
00001230  __TI_CINIT_Base                
00001240  __TI_CINIT_Limit               
0000121c  __TI_Handler_Table_Base        
00001228  __TI_Handler_Table_Limit       
00000aed  __TI_auto_init                 
20000200  __TI_cleanup_ptr               
00000bc5  __TI_decompress_lzss           
00001017  __TI_decompress_none           
20000204  __TI_dtors_ptr                 
20000208  __TI_enable_exit_profile_output
ffffffff  __TI_pprof_out_hndl            
ffffffff  __TI_prof_data_size            
ffffffff  __TI_prof_data_start           
00000000  __TI_static_base__             
00001031  __TI_zero_init                 
00000a73  __aeabi_memclr                 
00000a73  __aeabi_memclr4                
00000a73  __aeabi_memclr8                
0000095d  __aeabi_memcpy                 
0000095d  __aeabi_memcpy4                
0000095d  __aeabi_memcpy8                
00000a75  __aeabi_memset                 
00000a75  __aeabi_memset4                
00000a75  __aeabi_memset8                
ffffffff  __binit__                      
ffffffff  __c_args__                     
00000757  __mpu_init                     
20000000  __stack                        
00000f5d  _args_main                     
00000c8d  _c_int00                       
2000020c  _lock                          
00000f97  _nop                           
00000f8f  _register_lock                 
00000f89  _register_unlock               
00000e5f  _system_post_cinit             
00001095  _system_pre_init               
20000210  _unlock                        
00000ce5  abort                          
ffffffff  binit                          
000002c5  configCLK                      
00000d85  copy_in                        
2000021c  currentTemp                    
00000ced  exit                           
00000000  g_pfnVectors                   
20000218  incomingFlag                   
0000026d  main                           
20000214  main_func_sp                   
0000095d  memcpy                         
00000a7b  memset                         
000002cf  peripheralEnable               
00000341  readADC                        
20000220  setTemp                        
000004e9  timer0Enable                   
0000050f  timerInterruptEnable           
000003cb  tranString                     
000004b5  tranStringNonBlocking          
0000039d  uartEnable                     
000003ff  uartInterruptEnable            


GLOBAL SYMBOLS: SORTED BY Symbol Address 

address   name                           
-------   ----                           
00000000  __TI_static_base__             
00000000  g_pfnVectors                   
00000200  __STACK_SIZE                   
0000026d  main                           
000002c5  configCLK                      
000002cf  peripheralEnable               
000002f9  ADC0Enable                     
00000341  readADC                        
0000039d  uartEnable                     
000003cb  tranString                     
000003ff  uartInterruptEnable            
00000415  UARTIntHandler                 
000004b5  tranStringNonBlocking          
000004e9  timer0Enable                   
0000050f  timerInterruptEnable           
00000529  Timer0IntHandler               
00000625  GPIOPadConfigSet               
00000757  __mpu_init                     
00000759  SysCtlClockGet                 
00000869  SysCtlClockSet                 
0000095d  __aeabi_memcpy                 
0000095d  __aeabi_memcpy4                
0000095d  __aeabi_memcpy8                
0000095d  memcpy                         
000009f9  ADCSequenceStepConfigure       
00000a73  __aeabi_memclr                 
00000a73  __aeabi_memclr4                
00000a73  __aeabi_memclr8                
00000a75  __aeabi_memset                 
00000a75  __aeabi_memset4                
00000a75  __aeabi_memset8                
00000a7b  memset                         
00000aed  __TI_auto_init                 
00000b5d  IntEnable                      
00000bc5  __TI_decompress_lzss           
00000c2d  TimerConfigure                 
00000c8d  _c_int00                       
00000ce1  C$$EXIT                        
00000ce5  abort                          
00000ced  exit                           
00000d35  ADCSequenceConfigure           
00000d85  copy_in                        
00000dd1  GPIOPinConfigure               
00000e19  UARTConfigSetExpClk            
00000e5f  _system_post_cinit             
00000e61  SysCtlPeripheralEnable         
00000e95  ADCIntStatus                   
00000ec3  GPIODirModeSet                 
00000eed  UARTDisable                    
00000f0d  ADCSequenceDataGet             
00000f2b  ADCProcessorTrigger            
00000f43  GPIOPinTypeGPIOOutput          
00000f5d  _args_main                     
00000f75  UARTEnable                     
00000f89  _register_unlock               
00000f8f  _register_lock                 
00000f97  _nop                           
00000f9d  GPIOPinTypeUART                
00000faf  TimerLoadSet                   
00000fc1  IntMasterEnable                
00000fd1  ADCHardwareOversampleConfigure 
00000fdf  ADCSequenceEnable              
00000fed  TimerEnable                    
00000ffb  UARTCharPutNonBlocking         
00001009  UARTCharsAvail                 
00001017  __TI_decompress_none           
00001025  CPUcpsie                       
00001031  __TI_zero_init                 
0000103d  ResetISR                       
00001049  ADCIntClear                    
00001053  UARTCharGet                    
0000105d  UARTCharPut                    
00001067  UARTIntStatus                  
00001071  TimerIntEnable                 
00001079  UARTIntEnable                  
00001081  GPIOPinWrite                   
00001087  SysCtlDelay                    
0000108d  TimerIntClear                  
00001091  UARTIntClear                   
00001095  _system_pre_init               
0000121c  __TI_Handler_Table_Base        
00001228  __TI_Handler_Table_Limit       
00001230  __TI_CINIT_Base                
00001240  __TI_CINIT_Limit               
20000000  __stack                        
20000200  __STACK_END                    
20000200  __STACK_TOP                    
20000200  __TI_cleanup_ptr               
20000204  __TI_dtors_ptr                 
20000208  __TI_enable_exit_profile_output
2000020c  _lock                          
20000210  _unlock                        
20000214  main_func_sp                   
20000218  incomingFlag                   
2000021c  currentTemp                    
20000220  setTemp                        
ffffffff  __TI_pprof_out_hndl            
ffffffff  __TI_prof_data_size            
ffffffff  __TI_prof_data_start           
ffffffff  __binit__                      
ffffffff  __c_args__                     
ffffffff  binit                          
UNDEFED   SHT$$INIT_ARRAY$$Base          
UNDEFED   SHT$$INIT_ARRAY$$Limit         

[104 symbols]
