******************************************************************************
                  TI ARM Linker PC v16.9.1                     
******************************************************************************
>> Linked Wed Jun 28 11:04:51 2017

OUTPUT FILE NAME:   <Servo Motor Control using PWM.out>
ENTRY POINT SYMBOL: "_c_int00"  address: 000009ad


MEMORY CONFIGURATION

         name            origin    length      used     unused   attr    fill
----------------------  --------  ---------  --------  --------  ----  --------
  FLASH                 00000000   00040000  00000d6c  0003f294  R  X
  SRAM                  20000000   00008000  00000221  00007ddf  RW X


SEGMENT ALLOCATION MAP

run origin  load origin   length   init length attrs members
----------  ----------- ---------- ----------- ----- -------
00000000    00000000    00000d70   00000d70    r-x
  00000000    00000000    0000026c   0000026c    r-- .intvecs
  0000026c    0000026c    000009cc   000009cc    r-x .text
  00000c38    00000c38    000000fc   000000fc    r-- .const
  00000d38    00000d38    00000038   00000038    r-- .cinit
20000000    20000000    00000221   00000000    rw-
  20000000    20000000    00000200   00000000    rw- .stack
  20000200    20000200    00000018   00000000    rw- .data
  20000218    20000218    00000009   00000000    rw- .bss


SECTION ALLOCATION MAP

 output                                  attributes/
section   page    origin      length       input sections
--------  ----  ----------  ----------   ----------------
.intvecs   0    00000000    0000026c     
                  00000000    0000026c     tm4c123gh6pm_startup_ccs.obj (.intvecs)

.text      0    0000026c    000009cc     
                  0000026c    00000218     main.obj (.text)
                  00000484    00000132     driverlib.lib : gpio.obj (.text:GPIOPadConfigSet)
                  000005b6    00000002     rtsv7M4_T_le_v4SPD16_eabi.lib : mpu_init.obj (.text)
                  000005b8    00000110     driverlib.lib : sysctl.obj (.text:SysCtlClockGet)
                  000006c8    000000f4                   : sysctl.obj (.text:SysCtlClockSet)
                  000007bc    0000009c     rtsv7M4_T_le_v4SPD16_eabi.lib : memcpy_t2.obj (.text)
                  00000858    0000007a                                   : memset_t2.obj (.text)
                  000008d2    00000002                                   : startup.obj (.text)
                  000008d4    00000070                                   : autoinit.obj (.text)
                  00000944    00000068                                   : copy_decompress_lzss.obj (.text:decompress:lzss)
                  000009ac    00000054                                   : boot.obj (.text)
                  00000a00    00000054                                   : exit.obj (.text)
                  00000a54    0000004c                                   : cpy_tbl.obj (.text)
                  00000aa0    00000048     driverlib.lib : gpio.obj (.text:GPIOPinConfigure)
                  00000ae8    00000034                   : sysctl.obj (.text:SysCtlPeripheralEnable)
                  00000b1c    0000002a                   : gpio.obj (.text:GPIODirModeSet)
                  00000b46    00000022                   : pwm.obj (.text:PWMGenConfigure)
                  00000b68    0000001e                   : pwm.obj (.text:PWMPulseWidthSet)
                  00000b86    00000002     --HOLE-- [fill = 0]
                  00000b88    00000018     rtsv7M4_T_le_v4SPD16_eabi.lib : args_main.obj (.text)
                  00000ba0    00000014     driverlib.lib : sysctl.obj (.text:SysCtlPWMClockSet)
                  00000bb4    00000014     rtsv7M4_T_le_v4SPD16_eabi.lib : _lock.obj (.text)
                  00000bc8    00000012     driverlib.lib : gpio.obj (.text:GPIOPinTypePWM)
                  00000bda    00000012                   : pwm.obj (.text:PWMOutputState)
                  00000bec    00000010                   : pwm.obj (.text:PWMGenPeriodSet)
                  00000bfc    0000000e     rtsv7M4_T_le_v4SPD16_eabi.lib : copy_decompress_none.obj (.text:decompress:none)
                  00000c0a    0000000c     driverlib.lib : pwm.obj (.text:PWMGenEnable)
                  00000c16    0000000c     rtsv7M4_T_le_v4SPD16_eabi.lib : copy_zero_init.obj (.text:decompress:ZI)
                  00000c22    0000000c     tm4c123gh6pm_startup_ccs.obj (.text)
                  00000c2e    00000006     driverlib.lib : sysctl.obj (.text:SysCtlDelay)
                  00000c34    00000004     rtsv7M4_T_le_v4SPD16_eabi.lib : pre_init.obj (.text)

.const     0    00000c38    000000fc     
                  00000c38    00000090     driverlib.lib : gpio.obj (.const:g_pui32GPIOBaseAddrs)
                  00000cc8    0000006c                   : sysctl.obj (.const:g_pui32Xtals)

.cinit     0    00000d38    00000038     
                  00000d38    00000011     (.cinit..data.load) [load image, compression = lzss]
                  00000d49    00000003     --HOLE-- [fill = 0]
                  00000d4c    0000000c     (__TI_handler_table)
                  00000d58    00000008     (.cinit..bss.load) [load image, compression = zero_init]
                  00000d60    00000010     (__TI_cinit_table)

.init_array 
*          0    00000000    00000000     UNINITIALIZED

.stack     0    20000000    00000200     UNINITIALIZED
                  20000000    00000200     --HOLE--

.data      0    20000200    00000018     UNINITIALIZED
                  20000200    0000000c     rtsv7M4_T_le_v4SPD16_eabi.lib : exit.obj (.data:$O1$$)
                  2000020c    00000008                                   : _lock.obj (.data:$O1$$)
                  20000214    00000004                                   : stkdepth_vars.obj (.data)

.bss       0    20000218    00000009     UNINITIALIZED
                  20000218    00000004     (.common:ui32Load)
                  2000021c    00000004     (.common:ui32PWMClock)
                  20000220    00000001     (.common:ui8Adjust)

MODULE SUMMARY

       Module                         code   ro data   rw data
       ------                         ----   -------   -------
    .\
       tm4c123gh6pm_startup_ccs.obj   12     620       0      
       main.obj                       536    0         9      
    +--+------------------------------+------+---------+---------+
       Total:                         548    620       9      
                                                              
    C:/ti/TivaWare_C_Series-2.1.4.178/driverlib/ccs/Debug/driverlib.lib
       sysctl.obj                     594    108       0      
       gpio.obj                       438    144       0      
       pwm.obj                        110    0         0      
    +--+------------------------------+------+---------+---------+
       Total:                         1142   252       0      
                                                              
    C:\ti\ccsv7\tools\compiler\ti-cgt-arm_16.9.1.LTS\lib\rtsv7M4_T_le_v4SPD16_eabi.lib
       memcpy_t2.obj                  156    0         0      
       memset_t2.obj                  122    0         0      
       autoinit.obj                   112    0         0      
       copy_decompress_lzss.obj       104    0         0      
       exit.obj                       84     0         12     
       boot.obj                       84     0         0      
       cpy_tbl.obj                    76     0         0      
       _lock.obj                      20     0         8      
       args_main.obj                  24     0         0      
       copy_decompress_none.obj       14     0         0      
       copy_zero_init.obj             12     0         0      
       pre_init.obj                   4      0         0      
       stkdepth_vars.obj              0      0         4      
       mpu_init.obj                   2      0         0      
       startup.obj                    2      0         0      
    +--+------------------------------+------+---------+---------+
       Total:                         816    0         24     
                                                              
       Stack:                         0      0         512    
       Linker Generated:              0      53        0      
    +--+------------------------------+------+---------+---------+
       Grand Total:                   2506   925       545    


LINKER GENERATED COPY TABLES

__TI_cinit_table @ 00000d60 records: 2, size/record: 8, table size: 16
	.data: load addr=00000d38, load size=00000011 bytes, run addr=20000200, run size=00000018 bytes, compression=lzss
	.bss: load addr=00000d58, load size=00000008 bytes, run addr=20000218, run size=00000009 bytes, compression=zero_init


LINKER GENERATED HANDLER TABLE

__TI_handler_table @ 00000d4c records: 3, size/record: 4, table size: 12
	index: 0, handler: __TI_decompress_lzss
	index: 1, handler: __TI_decompress_none
	index: 2, handler: __TI_zero_init


GLOBAL SYMBOLS: SORTED ALPHABETICALLY BY Name 

address   name                           
-------   ----                           
00000a01  C$$EXIT                        
00000b1d  GPIODirModeSet                 
00000485  GPIOPadConfigSet               
00000aa1  GPIOPinConfigure               
00000bc9  GPIOPinTypePWM                 
00000b47  PWMGenConfigure                
00000c0b  PWMGenEnable                   
00000bed  PWMGenPeriodSet                
00000bdb  PWMOutputState                 
00000b69  PWMPulseWidthSet               
00000c23  ResetISR                       
UNDEFED   SHT$$INIT_ARRAY$$Base          
UNDEFED   SHT$$INIT_ARRAY$$Limit         
000005b9  SysCtlClockGet                 
000006c9  SysCtlClockSet                 
00000c2f  SysCtlDelay                    
00000ba1  SysCtlPWMClockSet              
00000ae9  SysCtlPeripheralEnable         
20000200  __STACK_END                    
00000200  __STACK_SIZE                   
20000200  __STACK_TOP                    
00000d60  __TI_CINIT_Base                
00000d70  __TI_CINIT_Limit               
00000d4c  __TI_Handler_Table_Base        
00000d58  __TI_Handler_Table_Limit       
000008d5  __TI_auto_init                 
20000200  __TI_cleanup_ptr               
00000945  __TI_decompress_lzss           
00000bfd  __TI_decompress_none           
20000204  __TI_dtors_ptr                 
20000208  __TI_enable_exit_profile_output
ffffffff  __TI_pprof_out_hndl            
ffffffff  __TI_prof_data_size            
ffffffff  __TI_prof_data_start           
00000000  __TI_static_base__             
00000c17  __TI_zero_init                 
00000859  __aeabi_memclr                 
00000859  __aeabi_memclr4                
00000859  __aeabi_memclr8                
000007bd  __aeabi_memcpy                 
000007bd  __aeabi_memcpy4                
000007bd  __aeabi_memcpy8                
0000085b  __aeabi_memset                 
0000085b  __aeabi_memset4                
0000085b  __aeabi_memset8                
ffffffff  __binit__                      
ffffffff  __c_args__                     
000005b7  __mpu_init                     
20000000  __stack                        
00000b89  _args_main                     
000009ad  _c_int00                       
2000020c  _lock                          
00000bc3  _nop                           
00000bbb  _register_lock                 
00000bb5  _register_unlock               
000008d3  _system_post_cinit             
00000c35  _system_pre_init               
20000210  _unlock                        
00000a05  abort                          
ffffffff  binit                          
00000a55  copy_in                        
00000349  delay_ms                       
00000365  delay_us                       
0000037f  enablePWM                      
00000a0d  exit                           
00000000  g_pfnVectors                   
0000026d  main                           
20000214  main_func_sp                   
000007bd  memcpy                         
00000861  memset                         
0000032d  peripheralEnable               
0000031b  setupCLK                       
20000218  ui32Load                       
2000021c  ui32PWMClock                   
20000220  ui8Adjust                      


GLOBAL SYMBOLS: SORTED BY Symbol Address 

address   name                           
-------   ----                           
00000000  __TI_static_base__             
00000000  g_pfnVectors                   
00000200  __STACK_SIZE                   
0000026d  main                           
0000031b  setupCLK                       
0000032d  peripheralEnable               
00000349  delay_ms                       
00000365  delay_us                       
0000037f  enablePWM                      
00000485  GPIOPadConfigSet               
000005b7  __mpu_init                     
000005b9  SysCtlClockGet                 
000006c9  SysCtlClockSet                 
000007bd  __aeabi_memcpy                 
000007bd  __aeabi_memcpy4                
000007bd  __aeabi_memcpy8                
000007bd  memcpy                         
00000859  __aeabi_memclr                 
00000859  __aeabi_memclr4                
00000859  __aeabi_memclr8                
0000085b  __aeabi_memset                 
0000085b  __aeabi_memset4                
0000085b  __aeabi_memset8                
00000861  memset                         
000008d3  _system_post_cinit             
000008d5  __TI_auto_init                 
00000945  __TI_decompress_lzss           
000009ad  _c_int00                       
00000a01  C$$EXIT                        
00000a05  abort                          
00000a0d  exit                           
00000a55  copy_in                        
00000aa1  GPIOPinConfigure               
00000ae9  SysCtlPeripheralEnable         
00000b1d  GPIODirModeSet                 
00000b47  PWMGenConfigure                
00000b69  PWMPulseWidthSet               
00000b89  _args_main                     
00000ba1  SysCtlPWMClockSet              
00000bb5  _register_unlock               
00000bbb  _register_lock                 
00000bc3  _nop                           
00000bc9  GPIOPinTypePWM                 
00000bdb  PWMOutputState                 
00000bed  PWMGenPeriodSet                
00000bfd  __TI_decompress_none           
00000c0b  PWMGenEnable                   
00000c17  __TI_zero_init                 
00000c23  ResetISR                       
00000c2f  SysCtlDelay                    
00000c35  _system_pre_init               
00000d4c  __TI_Handler_Table_Base        
00000d58  __TI_Handler_Table_Limit       
00000d60  __TI_CINIT_Base                
00000d70  __TI_CINIT_Limit               
20000000  __stack                        
20000200  __STACK_END                    
20000200  __STACK_TOP                    
20000200  __TI_cleanup_ptr               
20000204  __TI_dtors_ptr                 
20000208  __TI_enable_exit_profile_output
2000020c  _lock                          
20000210  _unlock                        
20000214  main_func_sp                   
20000218  ui32Load                       
2000021c  ui32PWMClock                   
20000220  ui8Adjust                      
ffffffff  __TI_pprof_out_hndl            
ffffffff  __TI_prof_data_size            
ffffffff  __TI_prof_data_start           
ffffffff  __binit__                      
ffffffff  __c_args__                     
ffffffff  binit                          
UNDEFED   SHT$$INIT_ARRAY$$Base          
UNDEFED   SHT$$INIT_ARRAY$$Limit         

[75 symbols]
