******************************************************************************
                  TI ARM Linker PC v16.9.1                     
******************************************************************************
>> Linked Thu Jun 22 22:29:17 2017

OUTPUT FILE NAME:   <ZigbeeCommunication.out>
ENTRY POINT SYMBOL: "_c_int00"  address: 0000086d


MEMORY CONFIGURATION

         name            origin    length      used     unused   attr    fill
----------------------  --------  ---------  --------  --------  ----  --------
  FLASH                 00000000   00040000  00000cca  0003f336  R  X
  SRAM                  20000000   00008000  00000218  00007de8  RW X


SEGMENT ALLOCATION MAP

run origin  load origin   length   init length attrs members
----------  ----------- ---------- ----------- ----- -------
00000000    00000000    00000ccc   00000ccc    r-x
  00000000    00000000    0000026c   0000026c    r-- .intvecs
  0000026c    0000026c    000008ce   000008ce    r-x .text
  00000b3c    00000b3c    0000016c   0000016c    r-- .const
  00000ca8    00000ca8    00000024   00000024    r-- .cinit
20000000    20000000    00000218   00000000    rw-
  20000000    20000000    00000200   00000000    rw- .stack
  20000200    20000200    00000018   00000000    rw- .data


SECTION ALLOCATION MAP

 output                                  attributes/
section   page    origin      length       input sections
--------  ----  ----------  ----------   ----------------
.intvecs   0    00000000    0000026c     
                  00000000    0000026c     tm4c123gh6pm_startup_ccs.obj (.intvecs)

.text      0    0000026c    000008ce     
                  0000026c    00000132     driverlib.lib : gpio.obj (.text:GPIOPadConfigSet)
                  0000039e    00000002     rtsv7M4_T_le_v4SPD16_eabi.lib : mpu_init.obj (.text)
                  000003a0    00000110     driverlib.lib : sysctl.obj (.text:SysCtlClockGet)
                  000004b0    000000f4                   : sysctl.obj (.text:SysCtlClockSet)
                  000005a4    000000ec     main.obj (.text)
                  00000690    0000009c     rtsv7M4_T_le_v4SPD16_eabi.lib : memcpy_t2.obj (.text)
                  0000072c    00000070                                   : autoinit.obj (.text)
                  0000079c    00000068     driverlib.lib : interrupt.obj (.text:IntEnable)
                  00000804    00000068     rtsv7M4_T_le_v4SPD16_eabi.lib : copy_decompress_lzss.obj (.text:decompress:lzss)
                  0000086c    00000054                                   : boot.obj (.text)
                  000008c0    00000054                                   : exit.obj (.text)
                  00000914    0000004c                                   : cpy_tbl.obj (.text)
                  00000960    00000048     driverlib.lib : gpio.obj (.text:GPIOPinConfigure)
                  000009a8    00000046                   : uart.obj (.text:UARTConfigSetExpClk)
                  000009ee    00000002     rtsv7M4_T_le_v4SPD16_eabi.lib : startup.obj (.text)
                  000009f0    00000034     driverlib.lib : sysctl.obj (.text:SysCtlPeripheralEnable)
                  00000a24    0000002a                   : gpio.obj (.text:GPIODirModeSet)
                  00000a4e    00000002     --HOLE-- [fill = 0]
                  00000a50    00000020                   : uart.obj (.text:UARTDisable)
                  00000a70    00000018     rtsv7M4_T_le_v4SPD16_eabi.lib : args_main.obj (.text)
                  00000a88    00000014     driverlib.lib : uart.obj (.text:UARTEnable)
                  00000a9c    00000014     rtsv7M4_T_le_v4SPD16_eabi.lib : _lock.obj (.text)
                  00000ab0    00000012     driverlib.lib : gpio.obj (.text:GPIOPinTypeUART)
                  00000ac2    00000010                   : interrupt.obj (.text:IntMasterEnable)
                  00000ad2    0000000e                   : uart.obj (.text:UARTCharsAvail)
                  00000ae0    0000000e     rtsv7M4_T_le_v4SPD16_eabi.lib : copy_decompress_none.obj (.text:decompress:none)
                  00000aee    0000000c     driverlib.lib : cpu.obj (.text:CPUcpsie)
                  00000afa    0000000c     tm4c123gh6pm_startup_ccs.obj (.text)
                  00000b06    0000000a     driverlib.lib : uart.obj (.text:UARTCharGet)
                  00000b10    0000000a                   : uart.obj (.text:UARTCharPut)
                  00000b1a    0000000a                   : uart.obj (.text:UARTIntStatus)
                  00000b24    00000008                   : uart.obj (.text:UARTIntEnable)
                  00000b2c    00000006                   : sysctl.obj (.text:SysCtlDelay)
                  00000b32    00000004                   : uart.obj (.text:UARTIntClear)
                  00000b36    00000004     rtsv7M4_T_le_v4SPD16_eabi.lib : pre_init.obj (.text)

.const     0    00000b3c    0000016c     
                  00000b3c    00000090     driverlib.lib : gpio.obj (.const:g_pui32GPIOBaseAddrs)
                  00000bcc    00000070                   : interrupt.obj (.const)
                  00000c3c    0000006c                   : sysctl.obj (.const:g_pui32Xtals)

.cinit     0    00000ca8    00000024     
                  00000ca8    00000011     (.cinit..data.load) [load image, compression = lzss]
                  00000cb9    00000003     --HOLE-- [fill = 0]
                  00000cbc    00000008     (__TI_handler_table)
                  00000cc4    00000008     (__TI_cinit_table)

.init_array 
*          0    00000000    00000000     UNINITIALIZED

.stack     0    20000000    00000200     UNINITIALIZED
                  20000000    00000200     --HOLE--

.data      0    20000200    00000018     UNINITIALIZED
                  20000200    0000000c     rtsv7M4_T_le_v4SPD16_eabi.lib : exit.obj (.data:$O1$$)
                  2000020c    00000008                                   : _lock.obj (.data:$O1$$)
                  20000214    00000004                                   : stkdepth_vars.obj (.data)

MODULE SUMMARY

       Module                         code   ro data   rw data
       ------                         ----   -------   -------
    .\
       tm4c123gh6pm_startup_ccs.obj   12     620       0      
       main.obj                       236    0         0      
    +--+------------------------------+------+---------+---------+
       Total:                         248    620       0      
                                                              
    C:/ti/TivaWare_C_Series-2.1.4.178/driverlib/ccs/Debug/driverlib.lib
       sysctl.obj                     574    108       0      
       gpio.obj                       438    144       0      
       interrupt.obj                  120    112       0      
       uart.obj                       178    0         0      
       cpu.obj                        12     0         0      
    +--+------------------------------+------+---------+---------+
       Total:                         1322   364       0      
                                                              
    C:\ti\ccsv7\tools\compiler\ti-cgt-arm_16.9.1.LTS\lib\rtsv7M4_T_le_v4SPD16_eabi.lib
       memcpy_t2.obj                  156    0         0      
       autoinit.obj                   112    0         0      
       copy_decompress_lzss.obj       104    0         0      
       exit.obj                       84     0         12     
       boot.obj                       84     0         0      
       cpy_tbl.obj                    76     0         0      
       _lock.obj                      20     0         8      
       args_main.obj                  24     0         0      
       copy_decompress_none.obj       14     0         0      
       pre_init.obj                   4      0         0      
       stkdepth_vars.obj              0      0         4      
       mpu_init.obj                   2      0         0      
       startup.obj                    2      0         0      
    +--+------------------------------+------+---------+---------+
       Total:                         682    0         24     
                                                              
       Stack:                         0      0         512    
       Linker Generated:              0      33        0      
    +--+------------------------------+------+---------+---------+
       Grand Total:                   2252   1017      536    


LINKER GENERATED COPY TABLES

__TI_cinit_table @ 00000cc4 records: 1, size/record: 8, table size: 8
	.data: load addr=00000ca8, load size=00000011 bytes, run addr=20000200, run size=00000018 bytes, compression=lzss


LINKER GENERATED HANDLER TABLE

__TI_handler_table @ 00000cbc records: 2, size/record: 4, table size: 8
	index: 0, handler: __TI_decompress_lzss
	index: 1, handler: __TI_decompress_none


GLOBAL SYMBOLS: SORTED ALPHABETICALLY BY Name 

address   name                           
-------   ----                           
000008c1  C$$EXIT                        
00000aef  CPUcpsie                       
00000a25  GPIODirModeSet                 
0000026d  GPIOPadConfigSet               
00000961  GPIOPinConfigure               
00000ab1  GPIOPinTypeUART                
0000079d  IntEnable                      
00000ac3  IntMasterEnable                
00000afb  ResetISR                       
UNDEFED   SHT$$INIT_ARRAY$$Base          
UNDEFED   SHT$$INIT_ARRAY$$Limit         
000003a1  SysCtlClockGet                 
000004b1  SysCtlClockSet                 
00000b2d  SysCtlDelay                    
000009f1  SysCtlPeripheralEnable         
00000b07  UARTCharGet                    
00000b11  UARTCharPut                    
00000ad3  UARTCharsAvail                 
000009a9  UARTConfigSetExpClk            
00000a51  UARTDisable                    
00000a89  UARTEnable                     
00000b33  UARTIntClear                   
00000b25  UARTIntEnable                  
00000649  UARTIntHandler                 
00000b1b  UARTIntStatus                  
20000200  __STACK_END                    
00000200  __STACK_SIZE                   
20000200  __STACK_TOP                    
00000cc4  __TI_CINIT_Base                
00000ccc  __TI_CINIT_Limit               
00000cbc  __TI_Handler_Table_Base        
00000cc4  __TI_Handler_Table_Limit       
0000072d  __TI_auto_init                 
20000200  __TI_cleanup_ptr               
00000805  __TI_decompress_lzss           
00000ae1  __TI_decompress_none           
20000204  __TI_dtors_ptr                 
20000208  __TI_enable_exit_profile_output
ffffffff  __TI_pprof_out_hndl            
ffffffff  __TI_prof_data_size            
ffffffff  __TI_prof_data_start           
00000000  __TI_static_base__             
00000691  __aeabi_memcpy                 
00000691  __aeabi_memcpy4                
00000691  __aeabi_memcpy8                
ffffffff  __binit__                      
ffffffff  __c_args__                     
0000039f  __mpu_init                     
20000000  __stack                        
00000a71  _args_main                     
0000086d  _c_int00                       
2000020c  _lock                          
00000aab  _nop                           
00000aa3  _register_lock                 
00000a9d  _register_unlock               
000009ef  _system_post_cinit             
00000b37  _system_pre_init               
20000210  _unlock                        
000008c5  abort                          
ffffffff  binit                          
000005b9  configCLK                      
00000915  copy_in                        
000008cd  exit                           
00000000  g_pfnVectors                   
000005a5  main                           
20000214  main_func_sp                   
00000691  memcpy                         
000005c3  peripheralEnable               
000005ff  tranString                     
000005d3  uartEnable                     
00000633  uartInterruptEnable            


GLOBAL SYMBOLS: SORTED BY Symbol Address 

address   name                           
-------   ----                           
00000000  __TI_static_base__             
00000000  g_pfnVectors                   
00000200  __STACK_SIZE                   
0000026d  GPIOPadConfigSet               
0000039f  __mpu_init                     
000003a1  SysCtlClockGet                 
000004b1  SysCtlClockSet                 
000005a5  main                           
000005b9  configCLK                      
000005c3  peripheralEnable               
000005d3  uartEnable                     
000005ff  tranString                     
00000633  uartInterruptEnable            
00000649  UARTIntHandler                 
00000691  __aeabi_memcpy                 
00000691  __aeabi_memcpy4                
00000691  __aeabi_memcpy8                
00000691  memcpy                         
0000072d  __TI_auto_init                 
0000079d  IntEnable                      
00000805  __TI_decompress_lzss           
0000086d  _c_int00                       
000008c1  C$$EXIT                        
000008c5  abort                          
000008cd  exit                           
00000915  copy_in                        
00000961  GPIOPinConfigure               
000009a9  UARTConfigSetExpClk            
000009ef  _system_post_cinit             
000009f1  SysCtlPeripheralEnable         
00000a25  GPIODirModeSet                 
00000a51  UARTDisable                    
00000a71  _args_main                     
00000a89  UARTEnable                     
00000a9d  _register_unlock               
00000aa3  _register_lock                 
00000aab  _nop                           
00000ab1  GPIOPinTypeUART                
00000ac3  IntMasterEnable                
00000ad3  UARTCharsAvail                 
00000ae1  __TI_decompress_none           
00000aef  CPUcpsie                       
00000afb  ResetISR                       
00000b07  UARTCharGet                    
00000b11  UARTCharPut                    
00000b1b  UARTIntStatus                  
00000b25  UARTIntEnable                  
00000b2d  SysCtlDelay                    
00000b33  UARTIntClear                   
00000b37  _system_pre_init               
00000cbc  __TI_Handler_Table_Base        
00000cc4  __TI_CINIT_Base                
00000cc4  __TI_Handler_Table_Limit       
00000ccc  __TI_CINIT_Limit               
20000000  __stack                        
20000200  __STACK_END                    
20000200  __STACK_TOP                    
20000200  __TI_cleanup_ptr               
20000204  __TI_dtors_ptr                 
20000208  __TI_enable_exit_profile_output
2000020c  _lock                          
20000210  _unlock                        
20000214  main_func_sp                   
ffffffff  __TI_pprof_out_hndl            
ffffffff  __TI_prof_data_size            
ffffffff  __TI_prof_data_start           
ffffffff  __binit__                      
ffffffff  __c_args__                     
ffffffff  binit                          
UNDEFED   SHT$$INIT_ARRAY$$Base          
UNDEFED   SHT$$INIT_ARRAY$$Limit         

[71 symbols]
