******************************************************************************
                  TI ARM Linker PC v16.9.1                     
******************************************************************************
>> Linked Tue May 30 10:24:25 2017

OUTPUT FILE NAME:   <MotionControl.out>
ENTRY POINT SYMBOL: "_c_int00"  address: 000008b1


MEMORY CONFIGURATION

         name            origin    length      used     unused   attr    fill
----------------------  --------  ---------  --------  --------  ----  --------
  FLASH                 00000000   00040000  00000c6e  0003f392  R  X
  SRAM                  20000000   00008000  00000218  00007de8  RW X


SEGMENT ALLOCATION MAP

run origin  load origin   length   init length attrs members
----------  ----------- ---------- ----------- ----- -------
00000000    00000000    00000c74   00000c74    r-x
  00000000    00000000    0000026c   0000026c    r-- .intvecs
  0000026c    0000026c    000008e2   000008e2    r-x .text
  00000b50    00000b50    000000fc   000000fc    r-- .const
  00000c50    00000c50    00000024   00000024    r-- .cinit
20000000    20000000    00000218   00000000    rw-
  20000000    20000000    00000200   00000000    rw- .stack
  20000200    20000200    00000018   00000000    rw- .data


SECTION ALLOCATION MAP

 output                                  attributes/
section   page    origin      length       input sections
--------  ----  ----------  ----------   ----------------
.intvecs   0    00000000    0000026c     
                  00000000    0000026c     tm4c123gh6pm_startup_ccs.obj (.intvecs)

.text      0    0000026c    000008e2     
                  0000026c    00000198     main.obj (.text)
                  00000404    00000132     driverlib.lib : gpio.obj (.text:GPIOPadConfigSet)
                  00000536    00000002     rtsv7M4_T_le_v4SPD16_eabi.lib : mpu_init.obj (.text)
                  00000538    00000110     driverlib.lib : sysctl.obj (.text:SysCtlClockGet)
                  00000648    000000f4                   : sysctl.obj (.text:SysCtlClockSet)
                  0000073c    0000009c     rtsv7M4_T_le_v4SPD16_eabi.lib : memcpy_t2.obj (.text)
                  000007d8    00000070                                   : autoinit.obj (.text)
                  00000848    00000068                                   : copy_decompress_lzss.obj (.text:decompress:lzss)
                  000008b0    00000054                                   : boot.obj (.text)
                  00000904    00000054                                   : exit.obj (.text)
                  00000958    0000004c                                   : cpy_tbl.obj (.text)
                  000009a4    00000048     driverlib.lib : gpio.obj (.text:GPIOPinConfigure)
                  000009ec    00000034                   : sysctl.obj (.text:SysCtlPeripheralEnable)
                  00000a20    0000002a                   : gpio.obj (.text:GPIODirModeSet)
                  00000a4a    00000022                   : pwm.obj (.text:PWMGenConfigure)
                  00000a6c    0000001e                   : pwm.obj (.text:PWMPulseWidthSet)
                  00000a8a    00000018                   : gpio.obj (.text:GPIOPinTypeGPIOOutput)
                  00000aa2    00000002     rtsv7M4_T_le_v4SPD16_eabi.lib : startup.obj (.text)
                  00000aa4    00000018                                   : args_main.obj (.text)
                  00000abc    00000014     driverlib.lib : sysctl.obj (.text:SysCtlPWMClockSet)
                  00000ad0    00000014     rtsv7M4_T_le_v4SPD16_eabi.lib : _lock.obj (.text)
                  00000ae4    00000012     driverlib.lib : gpio.obj (.text:GPIOPinTypePWM)
                  00000af6    00000012                   : pwm.obj (.text:PWMOutputState)
                  00000b08    00000010                   : pwm.obj (.text:PWMGenPeriodSet)
                  00000b18    0000000e     rtsv7M4_T_le_v4SPD16_eabi.lib : copy_decompress_none.obj (.text:decompress:none)
                  00000b26    0000000c     driverlib.lib : pwm.obj (.text:PWMGenEnable)
                  00000b32    0000000c     tm4c123gh6pm_startup_ccs.obj (.text)
                  00000b3e    00000006     driverlib.lib : gpio.obj (.text:GPIOPinWrite)
                  00000b44    00000006                   : sysctl.obj (.text:SysCtlDelay)
                  00000b4a    00000004     rtsv7M4_T_le_v4SPD16_eabi.lib : pre_init.obj (.text)

.const     0    00000b50    000000fc     
                  00000b50    00000090     driverlib.lib : gpio.obj (.const:g_pui32GPIOBaseAddrs)
                  00000be0    0000006c                   : sysctl.obj (.const:g_pui32Xtals)

.cinit     0    00000c50    00000024     
                  00000c50    00000011     (.cinit..data.load) [load image, compression = lzss]
                  00000c61    00000003     --HOLE-- [fill = 0]
                  00000c64    00000008     (__TI_handler_table)
                  00000c6c    00000008     (__TI_cinit_table)

.init_array 
*          0    00000000    00000000     UNINITIALIZED

.stack     0    20000000    00000200     UNINITIALIZED
                  20000000    00000200     --HOLE--

.data      0    20000200    00000018     UNINITIALIZED
                  20000200    0000000c     rtsv7M4_T_le_v4SPD16_eabi.lib : exit.obj (.data:$O1$$)
                  2000020c    00000008                                   : _lock.obj (.data:$O1$$)
                  20000214    00000004                                   : stkdepth_vars.obj (.data)

MODULE SUMMARY

       Module                         code   ro data   rw data
       ------                         ----   -------   -------
    .\
       tm4c123gh6pm_startup_ccs.obj   12     620       0      
       main.obj                       408    0         0      
    +--+------------------------------+------+---------+---------+
       Total:                         420    620       0      
                                                              
    C:/ti/TivaWare_C_Series-2.1.4.178/driverlib/ccs/Debug/driverlib.lib
       sysctl.obj                     594    108       0      
       gpio.obj                       468    144       0      
       pwm.obj                        110    0         0      
    +--+------------------------------+------+---------+---------+
       Total:                         1172   252       0      
                                                              
    C:\ti\ccsv7\tools\compiler\ti-cgt-arm_16.9.1.LTS\lib\rtsv7M4_T_le_v4SPD16_eabi.lib
       memcpy_t2.obj                  156    0         0      
       autoinit.obj                   112    0         0      
       copy_decompress_lzss.obj       104    0         0      
       exit.obj                       84     0         12     
       boot.obj                       84     0         0      
       cpy_tbl.obj                    76     0         0      
       _lock.obj                      20     0         8      
       args_main.obj                  24     0         0      
       copy_decompress_none.obj       14     0         0      
       pre_init.obj                   4      0         0      
       stkdepth_vars.obj              0      0         4      
       mpu_init.obj                   2      0         0      
       startup.obj                    2      0         0      
    +--+------------------------------+------+---------+---------+
       Total:                         682    0         24     
                                                              
       Stack:                         0      0         512    
       Linker Generated:              0      33        0      
    +--+------------------------------+------+---------+---------+
       Grand Total:                   2274   905       536    


LINKER GENERATED COPY TABLES

__TI_cinit_table @ 00000c6c records: 1, size/record: 8, table size: 8
	.data: load addr=00000c50, load size=00000011 bytes, run addr=20000200, run size=00000018 bytes, compression=lzss


LINKER GENERATED HANDLER TABLE

__TI_handler_table @ 00000c64 records: 2, size/record: 4, table size: 8
	index: 0, handler: __TI_decompress_lzss
	index: 1, handler: __TI_decompress_none


GLOBAL SYMBOLS: SORTED ALPHABETICALLY BY Name 

address   name                           
-------   ----                           
00000905  C$$EXIT                        
00000a21  GPIODirModeSet                 
00000405  GPIOPadConfigSet               
000009a5  GPIOPinConfigure               
00000a8b  GPIOPinTypeGPIOOutput          
00000ae5  GPIOPinTypePWM                 
00000b3f  GPIOPinWrite                   
00000a4b  PWMGenConfigure                
00000b27  PWMGenEnable                   
00000b09  PWMGenPeriodSet                
00000af7  PWMOutputState                 
00000a6d  PWMPulseWidthSet               
00000b33  ResetISR                       
UNDEFED   SHT$$INIT_ARRAY$$Base          
UNDEFED   SHT$$INIT_ARRAY$$Limit         
00000539  SysCtlClockGet                 
00000649  SysCtlClockSet                 
00000b45  SysCtlDelay                    
00000abd  SysCtlPWMClockSet              
000009ed  SysCtlPeripheralEnable         
20000200  __STACK_END                    
00000200  __STACK_SIZE                   
20000200  __STACK_TOP                    
00000c6c  __TI_CINIT_Base                
00000c74  __TI_CINIT_Limit               
00000c64  __TI_Handler_Table_Base        
00000c6c  __TI_Handler_Table_Limit       
000007d9  __TI_auto_init                 
20000200  __TI_cleanup_ptr               
00000849  __TI_decompress_lzss           
00000b19  __TI_decompress_none           
20000204  __TI_dtors_ptr                 
20000208  __TI_enable_exit_profile_output
ffffffff  __TI_pprof_out_hndl            
ffffffff  __TI_prof_data_size            
ffffffff  __TI_prof_data_start           
00000000  __TI_static_base__             
0000073d  __aeabi_memcpy                 
0000073d  __aeabi_memcpy4                
0000073d  __aeabi_memcpy8                
ffffffff  __binit__                      
ffffffff  __c_args__                     
00000537  __mpu_init                     
20000000  __stack                        
00000aa5  _args_main                     
000008b1  _c_int00                       
2000020c  _lock                          
00000adf  _nop                           
00000ad7  _register_lock                 
00000ad1  _register_unlock               
00000aa3  _system_post_cinit             
00000b4b  _system_pre_init               
20000210  _unlock                        
00000909  abort                          
ffffffff  binit                          
000002df  configIOPin                    
00000959  copy_in                        
000002eb  delay_ms                       
00000307  delay_us                       
00000335  enablePWM                      
00000911  exit                           
00000000  g_pfnVectors                   
0000026d  main                           
20000214  main_func_sp                   
0000073d  memcpy                         
00000321  motion                         
000002cf  peripheralEnable               
000002bd  setupCLK                       
00000387  speed                          


GLOBAL SYMBOLS: SORTED BY Symbol Address 

address   name                           
-------   ----                           
00000000  __TI_static_base__             
00000000  g_pfnVectors                   
00000200  __STACK_SIZE                   
0000026d  main                           
000002bd  setupCLK                       
000002cf  peripheralEnable               
000002df  configIOPin                    
000002eb  delay_ms                       
00000307  delay_us                       
00000321  motion                         
00000335  enablePWM                      
00000387  speed                          
00000405  GPIOPadConfigSet               
00000537  __mpu_init                     
00000539  SysCtlClockGet                 
00000649  SysCtlClockSet                 
0000073d  __aeabi_memcpy                 
0000073d  __aeabi_memcpy4                
0000073d  __aeabi_memcpy8                
0000073d  memcpy                         
000007d9  __TI_auto_init                 
00000849  __TI_decompress_lzss           
000008b1  _c_int00                       
00000905  C$$EXIT                        
00000909  abort                          
00000911  exit                           
00000959  copy_in                        
000009a5  GPIOPinConfigure               
000009ed  SysCtlPeripheralEnable         
00000a21  GPIODirModeSet                 
00000a4b  PWMGenConfigure                
00000a6d  PWMPulseWidthSet               
00000a8b  GPIOPinTypeGPIOOutput          
00000aa3  _system_post_cinit             
00000aa5  _args_main                     
00000abd  SysCtlPWMClockSet              
00000ad1  _register_unlock               
00000ad7  _register_lock                 
00000adf  _nop                           
00000ae5  GPIOPinTypePWM                 
00000af7  PWMOutputState                 
00000b09  PWMGenPeriodSet                
00000b19  __TI_decompress_none           
00000b27  PWMGenEnable                   
00000b33  ResetISR                       
00000b3f  GPIOPinWrite                   
00000b45  SysCtlDelay                    
00000b4b  _system_pre_init               
00000c64  __TI_Handler_Table_Base        
00000c6c  __TI_CINIT_Base                
00000c6c  __TI_Handler_Table_Limit       
00000c74  __TI_CINIT_Limit               
20000000  __stack                        
20000200  __STACK_END                    
20000200  __STACK_TOP                    
20000200  __TI_cleanup_ptr               
20000204  __TI_dtors_ptr                 
20000208  __TI_enable_exit_profile_output
2000020c  _lock                          
20000210  _unlock                        
20000214  main_func_sp                   
ffffffff  __TI_pprof_out_hndl            
ffffffff  __TI_prof_data_size            
ffffffff  __TI_prof_data_start           
ffffffff  __binit__                      
ffffffff  __c_args__                     
ffffffff  binit                          
UNDEFED   SHT$$INIT_ARRAY$$Base          
UNDEFED   SHT$$INIT_ARRAY$$Limit         

[69 symbols]
