******************************************************************************
                  TI ARM Linker PC v16.9.1                     
******************************************************************************
>> Linked Mon Jun 19 16:18:50 2017

OUTPUT FILE NAME:   <Servo Motor Control using PWM.out>
ENTRY POINT SYMBOL: "_c_int00"  address: 00000921


MEMORY CONFIGURATION

         name            origin    length      used     unused   attr    fill
----------------------  --------  ---------  --------  --------  ----  --------
  FLASH                 00000000   00040000  00000ce0  0003f320  R  X
  SRAM                  20000000   00008000  00000221  00007ddf  RW X


SEGMENT ALLOCATION MAP

run origin  load origin   length   init length attrs members
----------  ----------- ---------- ----------- ----- -------
00000000    00000000    00000ce0   00000ce0    r-x
  00000000    00000000    0000026c   0000026c    r-- .intvecs
  0000026c    0000026c    00000940   00000940    r-x .text
  00000bac    00000bac    000000fc   000000fc    r-- .const
  00000ca8    00000ca8    00000038   00000038    r-- .cinit
20000000    20000000    00000221   00000000    rw-
  20000000    20000000    00000200   00000000    rw- .stack
  20000200    20000200    00000018   00000000    rw- .data
  20000218    20000218    00000009   00000000    rw- .bss


SECTION ALLOCATION MAP

 output                                  attributes/
section   page    origin      length       input sections
--------  ----  ----------  ----------   ----------------
.intvecs   0    00000000    0000026c     
                  00000000    0000026c     tm4c123gh6pm_startup_ccs.obj (.intvecs)

.text      0    0000026c    00000940     
                  0000026c    0000018c     main.obj (.text)
                  000003f8    00000132     driverlib.lib : gpio.obj (.text:GPIOPadConfigSet)
                  0000052a    00000002     rtsv7M4_T_le_v4SPD16_eabi.lib : mpu_init.obj (.text)
                  0000052c    00000110     driverlib.lib : sysctl.obj (.text:SysCtlClockGet)
                  0000063c    000000f4                   : sysctl.obj (.text:SysCtlClockSet)
                  00000730    0000009c     rtsv7M4_T_le_v4SPD16_eabi.lib : memcpy_t2.obj (.text)
                  000007cc    0000007a                                   : memset_t2.obj (.text)
                  00000846    00000002                                   : startup.obj (.text)
                  00000848    00000070                                   : autoinit.obj (.text)
                  000008b8    00000068                                   : copy_decompress_lzss.obj (.text:decompress:lzss)
                  00000920    00000054                                   : boot.obj (.text)
                  00000974    00000054                                   : exit.obj (.text)
                  000009c8    0000004c                                   : cpy_tbl.obj (.text)
                  00000a14    00000048     driverlib.lib : gpio.obj (.text:GPIOPinConfigure)
                  00000a5c    00000034                   : sysctl.obj (.text:SysCtlPeripheralEnable)
                  00000a90    0000002a                   : gpio.obj (.text:GPIODirModeSet)
                  00000aba    00000022                   : pwm.obj (.text:PWMGenConfigure)
                  00000adc    0000001e                   : pwm.obj (.text:PWMPulseWidthSet)
                  00000afa    00000002     --HOLE-- [fill = 0]
                  00000afc    00000018     rtsv7M4_T_le_v4SPD16_eabi.lib : args_main.obj (.text)
                  00000b14    00000014     driverlib.lib : sysctl.obj (.text:SysCtlPWMClockSet)
                  00000b28    00000014     rtsv7M4_T_le_v4SPD16_eabi.lib : _lock.obj (.text)
                  00000b3c    00000012     driverlib.lib : gpio.obj (.text:GPIOPinTypePWM)
                  00000b4e    00000012                   : pwm.obj (.text:PWMOutputState)
                  00000b60    00000010                   : pwm.obj (.text:PWMGenPeriodSet)
                  00000b70    0000000e     rtsv7M4_T_le_v4SPD16_eabi.lib : copy_decompress_none.obj (.text:decompress:none)
                  00000b7e    0000000c     driverlib.lib : pwm.obj (.text:PWMGenEnable)
                  00000b8a    0000000c     rtsv7M4_T_le_v4SPD16_eabi.lib : copy_zero_init.obj (.text:decompress:ZI)
                  00000b96    0000000c     tm4c123gh6pm_startup_ccs.obj (.text)
                  00000ba2    00000006     driverlib.lib : sysctl.obj (.text:SysCtlDelay)
                  00000ba8    00000004     rtsv7M4_T_le_v4SPD16_eabi.lib : pre_init.obj (.text)

.const     0    00000bac    000000fc     
                  00000bac    00000090     driverlib.lib : gpio.obj (.const:g_pui32GPIOBaseAddrs)
                  00000c3c    0000006c                   : sysctl.obj (.const:g_pui32Xtals)

.cinit     0    00000ca8    00000038     
                  00000ca8    00000011     (.cinit..data.load) [load image, compression = lzss]
                  00000cb9    00000003     --HOLE-- [fill = 0]
                  00000cbc    0000000c     (__TI_handler_table)
                  00000cc8    00000008     (.cinit..bss.load) [load image, compression = zero_init]
                  00000cd0    00000010     (__TI_cinit_table)

.init_array 
*          0    00000000    00000000     UNINITIALIZED

.stack     0    20000000    00000200     UNINITIALIZED
                  20000000    00000200     --HOLE--

.data      0    20000200    00000018     UNINITIALIZED
                  20000200    0000000c     rtsv7M4_T_le_v4SPD16_eabi.lib : exit.obj (.data:$O1$$)
                  2000020c    00000008                                   : _lock.obj (.data:$O1$$)
                  20000214    00000004                                   : stkdepth_vars.obj (.data)

.bss       0    20000218    00000009     UNINITIALIZED
                  20000218    00000004     (.common:ui32Load)
                  2000021c    00000004     (.common:ui32PWMClock)
                  20000220    00000001     (.common:ui8Adjust)

MODULE SUMMARY

       Module                         code   ro data   rw data
       ------                         ----   -------   -------
    .\
       tm4c123gh6pm_startup_ccs.obj   12     620       0      
       main.obj                       396    0         9      
    +--+------------------------------+------+---------+---------+
       Total:                         408    620       9      
                                                              
    C:/ti/TivaWare_C_Series-2.1.4.178/driverlib/ccs/Debug/driverlib.lib
       sysctl.obj                     594    108       0      
       gpio.obj                       438    144       0      
       pwm.obj                        110    0         0      
    +--+------------------------------+------+---------+---------+
       Total:                         1142   252       0      
                                                              
    C:\ti\ccsv7\tools\compiler\ti-cgt-arm_16.9.1.LTS\lib\rtsv7M4_T_le_v4SPD16_eabi.lib
       memcpy_t2.obj                  156    0         0      
       memset_t2.obj                  122    0         0      
       autoinit.obj                   112    0         0      
       copy_decompress_lzss.obj       104    0         0      
       exit.obj                       84     0         12     
       boot.obj                       84     0         0      
       cpy_tbl.obj                    76     0         0      
       _lock.obj                      20     0         8      
       args_main.obj                  24     0         0      
       copy_decompress_none.obj       14     0         0      
       copy_zero_init.obj             12     0         0      
       pre_init.obj                   4      0         0      
       stkdepth_vars.obj              0      0         4      
       mpu_init.obj                   2      0         0      
       startup.obj                    2      0         0      
    +--+------------------------------+------+---------+---------+
       Total:                         816    0         24     
                                                              
       Stack:                         0      0         512    
       Linker Generated:              0      53        0      
    +--+------------------------------+------+---------+---------+
       Grand Total:                   2366   925       545    


LINKER GENERATED COPY TABLES

__TI_cinit_table @ 00000cd0 records: 2, size/record: 8, table size: 16
	.data: load addr=00000ca8, load size=00000011 bytes, run addr=20000200, run size=00000018 bytes, compression=lzss
	.bss: load addr=00000cc8, load size=00000008 bytes, run addr=20000218, run size=00000009 bytes, compression=zero_init


LINKER GENERATED HANDLER TABLE

__TI_handler_table @ 00000cbc records: 3, size/record: 4, table size: 12
	index: 0, handler: __TI_decompress_lzss
	index: 1, handler: __TI_decompress_none
	index: 2, handler: __TI_zero_init


GLOBAL SYMBOLS: SORTED ALPHABETICALLY BY Name 

address   name                           
-------   ----                           
00000975  C$$EXIT                        
00000a91  GPIODirModeSet                 
000003f9  GPIOPadConfigSet               
00000a15  GPIOPinConfigure               
00000b3d  GPIOPinTypePWM                 
00000abb  PWMGenConfigure                
00000b7f  PWMGenEnable                   
00000b61  PWMGenPeriodSet                
00000b4f  PWMOutputState                 
00000add  PWMPulseWidthSet               
00000b97  ResetISR                       
UNDEFED   SHT$$INIT_ARRAY$$Base          
UNDEFED   SHT$$INIT_ARRAY$$Limit         
0000052d  SysCtlClockGet                 
0000063d  SysCtlClockSet                 
00000ba3  SysCtlDelay                    
00000b15  SysCtlPWMClockSet              
00000a5d  SysCtlPeripheralEnable         
20000200  __STACK_END                    
00000200  __STACK_SIZE                   
20000200  __STACK_TOP                    
00000cd0  __TI_CINIT_Base                
00000ce0  __TI_CINIT_Limit               
00000cbc  __TI_Handler_Table_Base        
00000cc8  __TI_Handler_Table_Limit       
00000849  __TI_auto_init                 
20000200  __TI_cleanup_ptr               
000008b9  __TI_decompress_lzss           
00000b71  __TI_decompress_none           
20000204  __TI_dtors_ptr                 
20000208  __TI_enable_exit_profile_output
ffffffff  __TI_pprof_out_hndl            
ffffffff  __TI_prof_data_size            
ffffffff  __TI_prof_data_start           
00000000  __TI_static_base__             
00000b8b  __TI_zero_init                 
000007cd  __aeabi_memclr                 
000007cd  __aeabi_memclr4                
000007cd  __aeabi_memclr8                
00000731  __aeabi_memcpy                 
00000731  __aeabi_memcpy4                
00000731  __aeabi_memcpy8                
000007cf  __aeabi_memset                 
000007cf  __aeabi_memset4                
000007cf  __aeabi_memset8                
ffffffff  __binit__                      
ffffffff  __c_args__                     
0000052b  __mpu_init                     
20000000  __stack                        
00000afd  _args_main                     
00000921  _c_int00                       
2000020c  _lock                          
00000b37  _nop                           
00000b2f  _register_lock                 
00000b29  _register_unlock               
00000847  _system_post_cinit             
00000ba9  _system_pre_init               
20000210  _unlock                        
00000979  abort                          
ffffffff  binit                          
000009c9  copy_in                        
000002df  delay_ms                       
000002fb  delay_us                       
00000315  enablePWM                      
00000981  exit                           
00000000  g_pfnVectors                   
0000026d  main                           
20000214  main_func_sp                   
00000731  memcpy                         
000007d5  memset                         
000002c3  peripheralEnable               
000002b1  setupCLK                       
20000218  ui32Load                       
2000021c  ui32PWMClock                   
20000220  ui8Adjust                      


GLOBAL SYMBOLS: SORTED BY Symbol Address 

address   name                           
-------   ----                           
00000000  __TI_static_base__             
00000000  g_pfnVectors                   
00000200  __STACK_SIZE                   
0000026d  main                           
000002b1  setupCLK                       
000002c3  peripheralEnable               
000002df  delay_ms                       
000002fb  delay_us                       
00000315  enablePWM                      
000003f9  GPIOPadConfigSet               
0000052b  __mpu_init                     
0000052d  SysCtlClockGet                 
0000063d  SysCtlClockSet                 
00000731  __aeabi_memcpy                 
00000731  __aeabi_memcpy4                
00000731  __aeabi_memcpy8                
00000731  memcpy                         
000007cd  __aeabi_memclr                 
000007cd  __aeabi_memclr4                
000007cd  __aeabi_memclr8                
000007cf  __aeabi_memset                 
000007cf  __aeabi_memset4                
000007cf  __aeabi_memset8                
000007d5  memset                         
00000847  _system_post_cinit             
00000849  __TI_auto_init                 
000008b9  __TI_decompress_lzss           
00000921  _c_int00                       
00000975  C$$EXIT                        
00000979  abort                          
00000981  exit                           
000009c9  copy_in                        
00000a15  GPIOPinConfigure               
00000a5d  SysCtlPeripheralEnable         
00000a91  GPIODirModeSet                 
00000abb  PWMGenConfigure                
00000add  PWMPulseWidthSet               
00000afd  _args_main                     
00000b15  SysCtlPWMClockSet              
00000b29  _register_unlock               
00000b2f  _register_lock                 
00000b37  _nop                           
00000b3d  GPIOPinTypePWM                 
00000b4f  PWMOutputState                 
00000b61  PWMGenPeriodSet                
00000b71  __TI_decompress_none           
00000b7f  PWMGenEnable                   
00000b8b  __TI_zero_init                 
00000b97  ResetISR                       
00000ba3  SysCtlDelay                    
00000ba9  _system_pre_init               
00000cbc  __TI_Handler_Table_Base        
00000cc8  __TI_Handler_Table_Limit       
00000cd0  __TI_CINIT_Base                
00000ce0  __TI_CINIT_Limit               
20000000  __stack                        
20000200  __STACK_END                    
20000200  __STACK_TOP                    
20000200  __TI_cleanup_ptr               
20000204  __TI_dtors_ptr                 
20000208  __TI_enable_exit_profile_output
2000020c  _lock                          
20000210  _unlock                        
20000214  main_func_sp                   
20000218  ui32Load                       
2000021c  ui32PWMClock                   
20000220  ui8Adjust                      
ffffffff  __TI_pprof_out_hndl            
ffffffff  __TI_prof_data_size            
ffffffff  __TI_prof_data_start           
ffffffff  __binit__                      
ffffffff  __c_args__                     
ffffffff  binit                          
UNDEFED   SHT$$INIT_ARRAY$$Base          
UNDEFED   SHT$$INIT_ARRAY$$Limit         

[75 symbols]
