******************************************************************************
                  TI ARM Linker PC v16.9.1                     
******************************************************************************
>> Linked Wed May 31 16:26:20 2017

OUTPUT FILE NAME:   <lab-4a.out>
ENTRY POINT SYMBOL: "_c_int00"  address: 00000f7d


MEMORY CONFIGURATION

         name            origin    length      used     unused   attr    fill
----------------------  --------  ---------  --------  --------  ----  --------
  FLASH                 00000000   00040000  00001576  0003ea8a  R  X
  SRAM                  20000000   00008000  00000224  00007ddc  RW X


SEGMENT ALLOCATION MAP

run origin  load origin   length   init length attrs members
----------  ----------- ---------- ----------- ----- -------
00000000    00000000    00001578   00001578    r-x
  00000000    00000000    0000026c   0000026c    r-- .intvecs
  0000026c    0000026c    00001136   00001136    r-x .text
  000013a4    000013a4    0000019c   0000019c    r-- .const
  00001540    00001540    00000038   00000038    r-- .cinit
20000000    20000000    00000224   00000000    rw-
  20000000    20000000    00000200   00000000    rw- .stack
  20000200    20000200    00000020   00000000    rw- .data
  20000220    20000220    00000004   00000000    rw- .bss


SECTION ALLOCATION MAP

 output                                  attributes/
section   page    origin      length       input sections
--------  ----  ----------  ----------   ----------------
.intvecs   0    00000000    0000026c     
                  00000000    0000026c     tm4c123gh6pm_startup_ccs.obj (.intvecs)

.text      0    0000026c    00001136     
                  0000026c    000006a8     main.obj (.text)
                  00000914    00000132     driverlib.lib : gpio.obj (.text:GPIOPadConfigSet)
                  00000a46    00000002     rtsv7M4_T_le_v4SPD16_eabi.lib : i_div0.obj (.text)
                  00000a48    00000110     driverlib.lib : sysctl.obj (.text:SysCtlClockGet)
                  00000b58    000000f4                   : sysctl.obj (.text:SysCtlClockSet)
                  00000c4c    0000009c     rtsv7M4_T_le_v4SPD16_eabi.lib : memcpy_t2.obj (.text)
                  00000ce8    0000007a     driverlib.lib : adc.obj (.text:ADCSequenceStepConfigure)
                  00000d62    0000007a     rtsv7M4_T_le_v4SPD16_eabi.lib : memset_t2.obj (.text)
                  00000ddc    00000070                                   : autoinit.obj (.text)
                  00000e4c    00000068     driverlib.lib : interrupt.obj (.text:IntEnable)
                  00000eb4    00000068     rtsv7M4_T_le_v4SPD16_eabi.lib : copy_decompress_lzss.obj (.text:decompress:lzss)
                  00000f1c    00000060     driverlib.lib : timer.obj (.text:TimerConfigure)
                  00000f7c    00000054     rtsv7M4_T_le_v4SPD16_eabi.lib : boot.obj (.text)
                  00000fd0    00000054                                   : exit.obj (.text)
                  00001024    00000050     driverlib.lib : adc.obj (.text:ADCSequenceConfigure)
                  00001074    0000004c     rtsv7M4_T_le_v4SPD16_eabi.lib : cpy_tbl.obj (.text)
                  000010c0    00000048     driverlib.lib : gpio.obj (.text:GPIOPinConfigure)
                  00001108    00000046                   : uart.obj (.text:UARTConfigSetExpClk)
                  0000114e    00000040     rtsv7M4_T_le_v4SPD16_eabi.lib : u_divt2.obj (.text)
                  0000118e    00000002                                   : mpu_init.obj (.text)
                  00001190    00000038     driverlib.lib : sysctl.obj (.text:SysCtlPeripheralPresent)
                  000011c8    00000034                   : sysctl.obj (.text:SysCtlPeripheralEnable)
                  000011fc    0000002e                   : adc.obj (.text:ADCIntStatus)
                  0000122a    0000002a                   : gpio.obj (.text:GPIODirModeSet)
                  00001254    00000020                   : uart.obj (.text:UARTDisable)
                  00001274    0000001e                   : adc.obj (.text:ADCSequenceDataGet)
                  00001292    00000018                   : adc.obj (.text:ADCProcessorTrigger)
                  000012aa    00000002     rtsv7M4_T_le_v4SPD16_eabi.lib : startup.obj (.text)
                  000012ac    00000018                                   : args_main.obj (.text)
                  000012c4    00000014     driverlib.lib : uart.obj (.text:UARTEnable)
                  000012d8    00000014     rtsv7M4_T_le_v4SPD16_eabi.lib : _lock.obj (.text)
                  000012ec    00000012     driverlib.lib : gpio.obj (.text:GPIOPinTypeUART)
                  000012fe    00000012                   : timer.obj (.text:TimerLoadSet)
                  00001310    00000010                   : interrupt.obj (.text:IntMasterEnable)
                  00001320    0000000e                   : adc.obj (.text:ADCSequenceEnable)
                  0000132e    0000000e                   : timer.obj (.text:TimerEnable)
                  0000133c    0000000e     rtsv7M4_T_le_v4SPD16_eabi.lib : copy_decompress_none.obj (.text:decompress:none)
                  0000134a    0000000c     driverlib.lib : cpu.obj (.text:CPUcpsie)
                  00001356    0000000c     rtsv7M4_T_le_v4SPD16_eabi.lib : copy_zero_init.obj (.text:decompress:ZI)
                  00001362    0000000c     tm4c123gh6pm_startup_ccs.obj (.text)
                  0000136e    0000000a     driverlib.lib : adc.obj (.text:ADCIntClear)
                  00001378    0000000a                   : uart.obj (.text:UARTCharGet)
                  00001382    0000000a                   : uart.obj (.text:UARTCharPut)
                  0000138c    00000008                   : timer.obj (.text:TimerIntEnable)
                  00001394    00000006                   : sysctl.obj (.text:SysCtlDelay)
                  0000139a    00000004                   : timer.obj (.text:TimerIntClear)
                  0000139e    00000004     rtsv7M4_T_le_v4SPD16_eabi.lib : pre_init.obj (.text)

.const     0    000013a4    0000019c     
                  000013a4    00000090     driverlib.lib : gpio.obj (.const:g_pui32GPIOBaseAddrs)
                  00001434    00000070                   : interrupt.obj (.const)
                  000014a4    0000006c                   : sysctl.obj (.const:g_pui32Xtals)
                  00001510    00000012     main.obj (.const:.string)
                  00001522    00000002     --HOLE-- [fill = 0]
                  00001524    0000000c     main.obj (.const:g_ui32UARTBase)
                  00001530    0000000c     main.obj (.const:g_ui32UARTPeriph)
                  0000153c    00000004     main.obj (.const)

.cinit     0    00001540    00000038     
                  00001540    00000011     (.cinit..data.load) [load image, compression = lzss]
                  00001551    00000003     --HOLE-- [fill = 0]
                  00001554    0000000c     (__TI_handler_table)
                  00001560    00000008     (.cinit..bss.load) [load image, compression = zero_init]
                  00001568    00000010     (__TI_cinit_table)

.init_array 
*          0    00000000    00000000     UNINITIALIZED

.stack     0    20000000    00000200     UNINITIALIZED
                  20000000    00000200     --HOLE--

.data      0    20000200    00000020     UNINITIALIZED
                  20000200    0000000c     rtsv7M4_T_le_v4SPD16_eabi.lib : exit.obj (.data:$O1$$)
                  2000020c    00000008                                   : _lock.obj (.data:$O1$$)
                  20000214    00000005     main.obj (.data)
                  20000219    00000003     --HOLE--
                  2000021c    00000004     rtsv7M4_T_le_v4SPD16_eabi.lib : stkdepth_vars.obj (.data)

.bss       0    20000220    00000004     UNINITIALIZED
                  20000220    00000004     (.common:tempValueC)

MODULE SUMMARY

       Module                         code   ro data   rw data
       ------                         ----   -------   -------
    .\
       main.obj                       1704   46        9      
       tm4c123gh6pm_startup_ccs.obj   12     620       0      
    +--+------------------------------+------+---------+---------+
       Total:                         1716   666       9      
                                                              
    C:/ti/TivaWare_C_Series-2.1.4.178/driverlib/ccs/Debug/driverlib.lib
       sysctl.obj                     630    108       0      
       gpio.obj                       438    144       0      
       adc.obj                        326    0         0      
       interrupt.obj                  120    112       0      
       uart.obj                       142    0         0      
       timer.obj                      140    0         0      
       cpu.obj                        12     0         0      
    +--+------------------------------+------+---------+---------+
       Total:                         1808   364       0      
                                                              
    C:\ti\ccsv7\tools\compiler\ti-cgt-arm_16.9.1.LTS\lib\rtsv7M4_T_le_v4SPD16_eabi.lib
       memcpy_t2.obj                  156    0         0      
       memset_t2.obj                  122    0         0      
       autoinit.obj                   112    0         0      
       copy_decompress_lzss.obj       104    0         0      
       exit.obj                       84     0         12     
       boot.obj                       84     0         0      
       cpy_tbl.obj                    76     0         0      
       u_divt2.obj                    64     0         0      
       _lock.obj                      20     0         8      
       args_main.obj                  24     0         0      
       copy_decompress_none.obj       14     0         0      
       copy_zero_init.obj             12     0         0      
       pre_init.obj                   4      0         0      
       stkdepth_vars.obj              0      0         4      
       i_div0.obj                     2      0         0      
       mpu_init.obj                   2      0         0      
       startup.obj                    2      0         0      
    +--+------------------------------+------+---------+---------+
       Total:                         882    0         24     
                                                              
       Stack:                         0      0         512    
       Linker Generated:              0      53        0      
    +--+------------------------------+------+---------+---------+
       Grand Total:                   4406   1083      545    


LINKER GENERATED COPY TABLES

__TI_cinit_table @ 00001568 records: 2, size/record: 8, table size: 16
	.data: load addr=00001540, load size=00000011 bytes, run addr=20000200, run size=00000020 bytes, compression=lzss
	.bss: load addr=00001560, load size=00000008 bytes, run addr=20000220, run size=00000004 bytes, compression=zero_init


LINKER GENERATED HANDLER TABLE

__TI_handler_table @ 00001554 records: 3, size/record: 4, table size: 12
	index: 0, handler: __TI_decompress_lzss
	index: 1, handler: __TI_decompress_none
	index: 2, handler: __TI_zero_init


GLOBAL SYMBOLS: SORTED ALPHABETICALLY BY Name 

address   name                           
-------   ----                           
00000741  ADC0Enable                     
0000136f  ADCIntClear                    
000011fd  ADCIntStatus                   
00001293  ADCProcessorTrigger            
00001025  ADCSequenceConfigure           
00001275  ADCSequenceDataGet             
00001321  ADCSequenceEnable              
00000ce9  ADCSequenceStepConfigure       
00000fd1  C$$EXIT                        
0000134b  CPUcpsie                       
0000122b  GPIODirModeSet                 
00000915  GPIOPadConfigSet               
000010c1  GPIOPinConfigure               
000012ed  GPIOPinTypeUART                
00000e4d  IntEnable                      
00001311  IntMasterEnable                
00001363  ResetISR                       
UNDEFED   SHT$$INIT_ARRAY$$Base          
UNDEFED   SHT$$INIT_ARRAY$$Limit         
00000a49  SysCtlClockGet                 
00000b59  SysCtlClockSet                 
00001395  SysCtlDelay                    
000011c9  SysCtlPeripheralEnable         
00001191  SysCtlPeripheralPresent        
00000885  Timer0IntHandler               
00000f1d  TimerConfigure                 
0000132f  TimerEnable                    
0000139b  TimerIntClear                  
0000138d  TimerIntEnable                 
000012ff  TimerLoadSet                   
00001379  UARTCharGet                    
00001383  UARTCharPut                    
00001109  UARTConfigSetExpClk            
00001255  UARTDisable                    
000012c5  UARTEnable                     
0000026d  UARTStdioConfig                
000003b3  UARTgetc                       
000002f9  UARTgets                       
000006d3  UARTprintf                     
000003d9  UARTvprintf                    
000002b3  UARTwrite                      
20000200  __STACK_END                    
00000200  __STACK_SIZE                   
20000200  __STACK_TOP                    
00001568  __TI_CINIT_Base                
00001578  __TI_CINIT_Limit               
00001554  __TI_Handler_Table_Base        
00001560  __TI_Handler_Table_Limit       
00000ddd  __TI_auto_init                 
20000200  __TI_cleanup_ptr               
00000eb5  __TI_decompress_lzss           
0000133d  __TI_decompress_none           
20000204  __TI_dtors_ptr                 
20000208  __TI_enable_exit_profile_output
ffffffff  __TI_pprof_out_hndl            
ffffffff  __TI_prof_data_size            
ffffffff  __TI_prof_data_start           
00000000  __TI_static_base__             
00001357  __TI_zero_init                 
00000a47  __aeabi_idiv0                  
00000d63  __aeabi_memclr                 
00000d63  __aeabi_memclr4                
00000d63  __aeabi_memclr8                
00000c4d  __aeabi_memcpy                 
00000c4d  __aeabi_memcpy4                
00000c4d  __aeabi_memcpy8                
00000d65  __aeabi_memset                 
00000d65  __aeabi_memset4                
00000d65  __aeabi_memset8                
0000114f  __aeabi_uidiv                  
0000114f  __aeabi_uidivmod               
ffffffff  __binit__                      
ffffffff  __c_args__                     
0000118f  __mpu_init                     
20000000  __stack                        
000012ad  _args_main                     
00000f7d  _c_int00                       
2000020c  _lock                          
000012e7  _nop                           
000012df  _register_lock                 
000012d9  _register_unlock               
000012ab  _system_post_cinit             
0000139f  _system_pre_init               
20000210  _unlock                        
00000fd5  abort                          
ffffffff  binit                          
0000071b  configCLK                      
00001075  copy_in                        
00000fdd  exit                           
00000000  g_pfnVectors                   
000006f7  main                           
2000021c  main_func_sp                   
00000c4d  memcpy                         
00000d6b  memset                         
00000725  peripheralEnable               
00000789  readADC                        
20000220  tempValueC                     
000007e7  timer0Enable                   
0000080d  timerInterruptEnable           
00000851  tranString                     
00000823  uartEnable                     


GLOBAL SYMBOLS: SORTED BY Symbol Address 

address   name                           
-------   ----                           
00000000  __TI_static_base__             
00000000  g_pfnVectors                   
00000200  __STACK_SIZE                   
0000026d  UARTStdioConfig                
000002b3  UARTwrite                      
000002f9  UARTgets                       
000003b3  UARTgetc                       
000003d9  UARTvprintf                    
000006d3  UARTprintf                     
000006f7  main                           
0000071b  configCLK                      
00000725  peripheralEnable               
00000741  ADC0Enable                     
00000789  readADC                        
000007e7  timer0Enable                   
0000080d  timerInterruptEnable           
00000823  uartEnable                     
00000851  tranString                     
00000885  Timer0IntHandler               
00000915  GPIOPadConfigSet               
00000a47  __aeabi_idiv0                  
00000a49  SysCtlClockGet                 
00000b59  SysCtlClockSet                 
00000c4d  __aeabi_memcpy                 
00000c4d  __aeabi_memcpy4                
00000c4d  __aeabi_memcpy8                
00000c4d  memcpy                         
00000ce9  ADCSequenceStepConfigure       
00000d63  __aeabi_memclr                 
00000d63  __aeabi_memclr4                
00000d63  __aeabi_memclr8                
00000d65  __aeabi_memset                 
00000d65  __aeabi_memset4                
00000d65  __aeabi_memset8                
00000d6b  memset                         
00000ddd  __TI_auto_init                 
00000e4d  IntEnable                      
00000eb5  __TI_decompress_lzss           
00000f1d  TimerConfigure                 
00000f7d  _c_int00                       
00000fd1  C$$EXIT                        
00000fd5  abort                          
00000fdd  exit                           
00001025  ADCSequenceConfigure           
00001075  copy_in                        
000010c1  GPIOPinConfigure               
00001109  UARTConfigSetExpClk            
0000114f  __aeabi_uidiv                  
0000114f  __aeabi_uidivmod               
0000118f  __mpu_init                     
00001191  SysCtlPeripheralPresent        
000011c9  SysCtlPeripheralEnable         
000011fd  ADCIntStatus                   
0000122b  GPIODirModeSet                 
00001255  UARTDisable                    
00001275  ADCSequenceDataGet             
00001293  ADCProcessorTrigger            
000012ab  _system_post_cinit             
000012ad  _args_main                     
000012c5  UARTEnable                     
000012d9  _register_unlock               
000012df  _register_lock                 
000012e7  _nop                           
000012ed  GPIOPinTypeUART                
000012ff  TimerLoadSet                   
00001311  IntMasterEnable                
00001321  ADCSequenceEnable              
0000132f  TimerEnable                    
0000133d  __TI_decompress_none           
0000134b  CPUcpsie                       
00001357  __TI_zero_init                 
00001363  ResetISR                       
0000136f  ADCIntClear                    
00001379  UARTCharGet                    
00001383  UARTCharPut                    
0000138d  TimerIntEnable                 
00001395  SysCtlDelay                    
0000139b  TimerIntClear                  
0000139f  _system_pre_init               
00001554  __TI_Handler_Table_Base        
00001560  __TI_Handler_Table_Limit       
00001568  __TI_CINIT_Base                
00001578  __TI_CINIT_Limit               
20000000  __stack                        
20000200  __STACK_END                    
20000200  __STACK_TOP                    
20000200  __TI_cleanup_ptr               
20000204  __TI_dtors_ptr                 
20000208  __TI_enable_exit_profile_output
2000020c  _lock                          
20000210  _unlock                        
2000021c  main_func_sp                   
20000220  tempValueC                     
ffffffff  __TI_pprof_out_hndl            
ffffffff  __TI_prof_data_size            
ffffffff  __TI_prof_data_start           
ffffffff  __binit__                      
ffffffff  __c_args__                     
ffffffff  binit                          
UNDEFED   SHT$$INIT_ARRAY$$Base          
UNDEFED   SHT$$INIT_ARRAY$$Limit         

[101 symbols]
