******************************************************************************
                  TI ARM Linker PC v16.9.1                     
******************************************************************************
>> Linked Thu Jun 22 21:25:46 2017

OUTPUT FILE NAME:   <PosEncoder.out>
ENTRY POINT SYMBOL: "_c_int00"  address: 00000c85


MEMORY CONFIGURATION

         name            origin    length      used     unused   attr    fill
----------------------  --------  ---------  --------  --------  ----  --------
  FLASH                 00000000   00040000  00001232  0003edce  R  X
  SRAM                  20000000   00008000  0000048c  00007b74  RW X


SEGMENT ALLOCATION MAP

run origin  load origin   length   init length attrs members
----------  ----------- ---------- ----------- ----- -------
00000000    00000000    00001238   00001238    r-x
  00000000    00000000    0000026c   0000026c    r-- .intvecs
  0000026c    0000026c    00000d1a   00000d1a    r-x .text
  00000f88    00000f88    00000274   00000274    r-- .const
  00001200    00001200    00000038   00000038    r-- .cinit
20000000    20000000    0000048c   00000000    rw-
  20000000    20000000    0000026c   00000000    rw- .vtable
  2000026c    2000026c    00000200   00000000    rw- .stack
  2000046c    2000046c    00000020   00000000    rw- .data


SECTION ALLOCATION MAP

 output                                  attributes/
section   page    origin      length       input sections
--------  ----  ----------  ----------   ----------------
.intvecs   0    00000000    0000026c     
                  00000000    0000026c     tm4c123gh6pm_startup_ccs.obj (.intvecs)

.text      0    0000026c    00000d1a     
                  0000026c    000002fc     main.obj (.text)
                  00000568    00000136     rtsv7M4_T_le_v4SPD16_eabi.lib : fd_div_t2.obj (.text)
                  0000069e    00000132     driverlib.lib : gpio.obj (.text:GPIOPadConfigSet)
                  000007d0    00000110                   : sysctl.obj (.text:SysCtlClockGet)
                  000008e0    000000f4                   : sysctl.obj (.text:SysCtlClockSet)
                  000009d4    0000009c     rtsv7M4_T_le_v4SPD16_eabi.lib : memcpy_t2.obj (.text)
                  00000a70    0000007a                                   : memset_t2.obj (.text)
                  00000aea    00000002                                   : mpu_init.obj (.text)
                  00000aec    00000070                                   : autoinit.obj (.text)
                  00000b5c    00000068     driverlib.lib : interrupt.obj (.text:IntEnable)
                  00000bc4    00000068     rtsv7M4_T_le_v4SPD16_eabi.lib : copy_decompress_lzss.obj (.text:decompress:lzss)
                  00000c2c    00000056     driverlib.lib : gpio.obj (.text:GPIOIntTypeSet)
                  00000c82    00000002     rtsv7M4_T_le_v4SPD16_eabi.lib : startup.obj (.text)
                  00000c84    00000054                                   : boot.obj (.text)
                  00000cd8    00000054                                   : exit.obj (.text)
                  00000d2c    0000004c                                   : cpy_tbl.obj (.text)
                  00000d78    00000044     driverlib.lib : gpio.obj (.text:_GPIOIntNumberGet)
                  00000dbc    00000044     rtsv7M4_T_le_v4SPD16_eabi.lib : fd_tou_t2.obj (.text)
                  00000e00    00000034     driverlib.lib : interrupt.obj (.text:IntRegister)
                  00000e34    00000034                   : sysctl.obj (.text:SysCtlPeripheralEnable)
                  00000e68    0000002a                   : gpio.obj (.text:GPIODirModeSet)
                  00000e92    00000020     rtsv7M4_T_le_v4SPD16_eabi.lib : u_tofd_t2.obj (.text)
                  00000eb2    00000018     driverlib.lib : gpio.obj (.text:GPIOIntRegister)
                  00000eca    00000018                   : gpio.obj (.text:GPIOPinTypeGPIOOutput)
                  00000ee2    00000002     --HOLE-- [fill = 0]
                  00000ee4    00000018     rtsv7M4_T_le_v4SPD16_eabi.lib : args_main.obj (.text)
                  00000efc    00000014                                   : _lock.obj (.text)
                  00000f10    00000012     driverlib.lib : gpio.obj (.text:GPIOPinTypeGPIOInput)
                  00000f22    0000000e                   : gpio.obj (.text:GPIOIntDisable)
                  00000f30    0000000e                   : gpio.obj (.text:GPIOIntStatus)
                  00000f3e    0000000e     rtsv7M4_T_le_v4SPD16_eabi.lib : copy_decompress_none.obj (.text:decompress:none)
                  00000f4c    0000000c     driverlib.lib : gpio.obj (.text:GPIOIntEnable)
                  00000f58    0000000c     rtsv7M4_T_le_v4SPD16_eabi.lib : copy_zero_init.obj (.text:decompress:ZI)
                  00000f64    0000000c     tm4c123gh6pm_startup_ccs.obj (.text)
                  00000f70    00000006     driverlib.lib : gpio.obj (.text:GPIOIntClear)
                  00000f76    00000006                   : gpio.obj (.text:GPIOPinWrite)
                  00000f7c    00000006                   : sysctl.obj (.text:SysCtlDelay)
                  00000f82    00000004     rtsv7M4_T_le_v4SPD16_eabi.lib : pre_init.obj (.text)

.const     0    00000f88    00000274     
                  00000f88    000000d8     driverlib.lib : gpio.obj (.const:g_ppui32GPIOIntMapSnowflake)
                  00001060    000000c0                   : gpio.obj (.const:g_ppui32GPIOIntMapBlizzard)
                  00001120    00000070                   : interrupt.obj (.const)
                  00001190    0000006c                   : sysctl.obj (.const:g_pui32Xtals)

.cinit     0    00001200    00000038     
                  00001200    00000011     (.cinit..data.load) [load image, compression = lzss]
                  00001211    00000003     --HOLE-- [fill = 0]
                  00001214    0000000c     (__TI_handler_table)
                  00001220    00000008     (.cinit..vtable.load) [load image, compression = zero_init]
                  00001228    00000010     (__TI_cinit_table)

.init_array 
*          0    00000000    00000000     UNINITIALIZED

.vtable    0    20000000    0000026c     UNINITIALIZED
                  20000000    0000026c     driverlib.lib : interrupt.obj (.vtable)

.stack     0    2000026c    00000200     UNINITIALIZED
                  2000026c    00000200     --HOLE--

.data      0    2000046c    00000020     UNINITIALIZED
                  2000046c    0000000c     rtsv7M4_T_le_v4SPD16_eabi.lib : exit.obj (.data:$O1$$)
                  20000478    00000008                                   : _lock.obj (.data:$O1$$)
                  20000480    00000008     main.obj (.data)
                  20000488    00000004     rtsv7M4_T_le_v4SPD16_eabi.lib : stkdepth_vars.obj (.data)

MODULE SUMMARY

       Module                         code   ro data   rw data
       ------                         ----   -------   -------
    .\
       main.obj                       764    0         8      
       tm4c123gh6pm_startup_ccs.obj   12     620       0      
    +--+------------------------------+------+---------+---------+
       Total:                         776    620       8      
                                                              
    C:/ti/TivaWare_C_Series-2.1.4.178/driverlib/ccs/Debug/driverlib.lib
       gpio.obj                       620    408       0      
       interrupt.obj                  156    112       620    
       sysctl.obj                     574    108       0      
    +--+------------------------------+------+---------+---------+
       Total:                         1350   628       620    
                                                              
    C:\ti\ccsv7\tools\compiler\ti-cgt-arm_16.9.1.LTS\lib\rtsv7M4_T_le_v4SPD16_eabi.lib
       fd_div_t2.obj                  310    0         0      
       memcpy_t2.obj                  156    0         0      
       memset_t2.obj                  122    0         0      
       autoinit.obj                   112    0         0      
       copy_decompress_lzss.obj       104    0         0      
       exit.obj                       84     0         12     
       boot.obj                       84     0         0      
       cpy_tbl.obj                    76     0         0      
       fd_tou_t2.obj                  68     0         0      
       u_tofd_t2.obj                  32     0         0      
       _lock.obj                      20     0         8      
       args_main.obj                  24     0         0      
       copy_decompress_none.obj       14     0         0      
       copy_zero_init.obj             12     0         0      
       pre_init.obj                   4      0         0      
       stkdepth_vars.obj              0      0         4      
       mpu_init.obj                   2      0         0      
       startup.obj                    2      0         0      
    +--+------------------------------+------+---------+---------+
       Total:                         1226   0         24     
                                                              
       Stack:                         0      0         512    
       Linker Generated:              0      53        0      
    +--+------------------------------+------+---------+---------+
       Grand Total:                   3352   1301      1164   


LINKER GENERATED COPY TABLES

__TI_cinit_table @ 00001228 records: 2, size/record: 8, table size: 16
	.data: load addr=00001200, load size=00000011 bytes, run addr=2000046c, run size=00000020 bytes, compression=lzss
	.vtable: load addr=00001220, load size=00000008 bytes, run addr=20000000, run size=0000026c bytes, compression=zero_init


LINKER GENERATED HANDLER TABLE

__TI_handler_table @ 00001214 records: 3, size/record: 4, table size: 12
	index: 0, handler: __TI_zero_init
	index: 1, handler: __TI_decompress_lzss
	index: 2, handler: __TI_decompress_none


GLOBAL SYMBOLS: SORTED ALPHABETICALLY BY Name 

address   name                           
-------   ----                           
00000cd9  C$$EXIT                        
00000e69  GPIODirModeSet                 
00000f71  GPIOIntClear                   
00000f23  GPIOIntDisable                 
00000f4d  GPIOIntEnable                  
00000eb3  GPIOIntRegister                
00000f31  GPIOIntStatus                  
00000c2d  GPIOIntTypeSet                 
0000069f  GPIOPadConfigSet               
00000f11  GPIOPinTypeGPIOInput           
00000ecb  GPIOPinTypeGPIOOutput          
00000f77  GPIOPinWrite                   
00000b5d  IntEnable                      
00000e01  IntRegister                    
00000f65  ResetISR                       
UNDEFED   SHT$$INIT_ARRAY$$Base          
UNDEFED   SHT$$INIT_ARRAY$$Limit         
20000484  ShaftCountLeft                 
20000480  ShaftCountRight                
000007d1  SysCtlClockGet                 
000008e1  SysCtlClockSet                 
00000f7d  SysCtlDelay                    
00000e35  SysCtlPeripheralEnable         
2000046c  __STACK_END                    
00000200  __STACK_SIZE                   
2000046c  __STACK_TOP                    
00001228  __TI_CINIT_Base                
00001238  __TI_CINIT_Limit               
00001214  __TI_Handler_Table_Base        
00001220  __TI_Handler_Table_Limit       
00000aed  __TI_auto_init                 
2000046c  __TI_cleanup_ptr               
00000bc5  __TI_decompress_lzss           
00000f3f  __TI_decompress_none           
20000470  __TI_dtors_ptr                 
20000474  __TI_enable_exit_profile_output
ffffffff  __TI_pprof_out_hndl            
ffffffff  __TI_prof_data_size            
ffffffff  __TI_prof_data_start           
00000000  __TI_static_base__             
00000f59  __TI_zero_init                 
00000dbd  __aeabi_d2uiz                  
00000569  __aeabi_ddiv                   
00000a71  __aeabi_memclr                 
00000a71  __aeabi_memclr4                
00000a71  __aeabi_memclr8                
000009d5  __aeabi_memcpy                 
000009d5  __aeabi_memcpy4                
000009d5  __aeabi_memcpy8                
00000a73  __aeabi_memset                 
00000a73  __aeabi_memset4                
00000a73  __aeabi_memset8                
00000e93  __aeabi_ui2d                   
ffffffff  __binit__                      
ffffffff  __c_args__                     
00000aeb  __mpu_init                     
2000026c  __stack                        
00000ee5  _args_main                     
00000c85  _c_int00                       
20000478  _lock                          
00000f0b  _nop                           
00000f03  _register_lock                 
00000efd  _register_unlock               
00000c83  _system_post_cinit             
00000f83  _system_pre_init               
2000047c  _unlock                        
00000cdd  abort                          
00000433  angleRotate                    
000004e5  backwardMM                     
ffffffff  binit                          
000002c1  configIOPin                    
00000d2d  copy_in                        
0000032f  delay_ms                       
0000034b  delay_us                       
000003ed  encoderInterruptEncountered    
00000ce5  exit                           
000004d3  forwardMM                      
20000000  g_pfnRAMVectors                
00000000  g_pfnVectors                   
00000395  interruptEnable                
000004f7  leftDegrees                    
0000046b  linearDistanceMM               
0000026d  main                           
20000488  main_func_sp                   
000009d5  memcpy                         
00000a79  memset                         
00000365  motion                         
000002ab  peripheralEnable               
0000050b  rightDegrees                   
000002a1  setupCLK                       


GLOBAL SYMBOLS: SORTED BY Symbol Address 

address   name                           
-------   ----                           
00000000  __TI_static_base__             
00000000  g_pfnVectors                   
00000200  __STACK_SIZE                   
0000026d  main                           
000002a1  setupCLK                       
000002ab  peripheralEnable               
000002c1  configIOPin                    
0000032f  delay_ms                       
0000034b  delay_us                       
00000365  motion                         
00000395  interruptEnable                
000003ed  encoderInterruptEncountered    
00000433  angleRotate                    
0000046b  linearDistanceMM               
000004d3  forwardMM                      
000004e5  backwardMM                     
000004f7  leftDegrees                    
0000050b  rightDegrees                   
00000569  __aeabi_ddiv                   
0000069f  GPIOPadConfigSet               
000007d1  SysCtlClockGet                 
000008e1  SysCtlClockSet                 
000009d5  __aeabi_memcpy                 
000009d5  __aeabi_memcpy4                
000009d5  __aeabi_memcpy8                
000009d5  memcpy                         
00000a71  __aeabi_memclr                 
00000a71  __aeabi_memclr4                
00000a71  __aeabi_memclr8                
00000a73  __aeabi_memset                 
00000a73  __aeabi_memset4                
00000a73  __aeabi_memset8                
00000a79  memset                         
00000aeb  __mpu_init                     
00000aed  __TI_auto_init                 
00000b5d  IntEnable                      
00000bc5  __TI_decompress_lzss           
00000c2d  GPIOIntTypeSet                 
00000c83  _system_post_cinit             
00000c85  _c_int00                       
00000cd9  C$$EXIT                        
00000cdd  abort                          
00000ce5  exit                           
00000d2d  copy_in                        
00000dbd  __aeabi_d2uiz                  
00000e01  IntRegister                    
00000e35  SysCtlPeripheralEnable         
00000e69  GPIODirModeSet                 
00000e93  __aeabi_ui2d                   
00000eb3  GPIOIntRegister                
00000ecb  GPIOPinTypeGPIOOutput          
00000ee5  _args_main                     
00000efd  _register_unlock               
00000f03  _register_lock                 
00000f0b  _nop                           
00000f11  GPIOPinTypeGPIOInput           
00000f23  GPIOIntDisable                 
00000f31  GPIOIntStatus                  
00000f3f  __TI_decompress_none           
00000f4d  GPIOIntEnable                  
00000f59  __TI_zero_init                 
00000f65  ResetISR                       
00000f71  GPIOIntClear                   
00000f77  GPIOPinWrite                   
00000f7d  SysCtlDelay                    
00000f83  _system_pre_init               
00001214  __TI_Handler_Table_Base        
00001220  __TI_Handler_Table_Limit       
00001228  __TI_CINIT_Base                
00001238  __TI_CINIT_Limit               
20000000  g_pfnRAMVectors                
2000026c  __stack                        
2000046c  __STACK_END                    
2000046c  __STACK_TOP                    
2000046c  __TI_cleanup_ptr               
20000470  __TI_dtors_ptr                 
20000474  __TI_enable_exit_profile_output
20000478  _lock                          
2000047c  _unlock                        
20000480  ShaftCountRight                
20000484  ShaftCountLeft                 
20000488  main_func_sp                   
ffffffff  __TI_pprof_out_hndl            
ffffffff  __TI_prof_data_size            
ffffffff  __TI_prof_data_start           
ffffffff  __binit__                      
ffffffff  __c_args__                     
ffffffff  binit                          
UNDEFED   SHT$$INIT_ARRAY$$Base          
UNDEFED   SHT$$INIT_ARRAY$$Limit         

[90 symbols]
