******************************************************************************
                  TI ARM Linker PC v16.9.1                     
******************************************************************************
>> Linked Mon Jun 19 11:56:07 2017

OUTPUT FILE NAME:   <Velocity Control using PWM.out>
ENTRY POINT SYMBOL: "_c_int00"  address: 0000099d


MEMORY CONFIGURATION

         name            origin    length      used     unused   attr    fill
----------------------  --------  ---------  --------  --------  ----  --------
  FLASH                 00000000   00040000  00000d5a  0003f2a6  R  X
  SRAM                  20000000   00008000  00000218  00007de8  RW X


SEGMENT ALLOCATION MAP

run origin  load origin   length   init length attrs members
----------  ----------- ---------- ----------- ----- -------
00000000    00000000    00000d5c   00000d5c    r-x
  00000000    00000000    0000026c   0000026c    r-- .intvecs
  0000026c    0000026c    000009ce   000009ce    r-x .text
  00000c3c    00000c3c    000000fc   000000fc    r-- .const
  00000d38    00000d38    00000024   00000024    r-- .cinit
20000000    20000000    00000218   00000000    rw-
  20000000    20000000    00000200   00000000    rw- .stack
  20000200    20000200    00000018   00000000    rw- .data


SECTION ALLOCATION MAP

 output                                  attributes/
section   page    origin      length       input sections
--------  ----  ----------  ----------   ----------------
.intvecs   0    00000000    0000026c     
                  00000000    0000026c     tm4c123gh6pm_startup_ccs.obj (.intvecs)

.text      0    0000026c    000009ce     
                  0000026c    00000284     main.obj (.text)
                  000004f0    00000132     driverlib.lib : gpio.obj (.text:GPIOPadConfigSet)
                  00000622    00000002     rtsv7M4_T_le_v4SPD16_eabi.lib : mpu_init.obj (.text)
                  00000624    00000110     driverlib.lib : sysctl.obj (.text:SysCtlClockGet)
                  00000734    000000f4                   : sysctl.obj (.text:SysCtlClockSet)
                  00000828    0000009c     rtsv7M4_T_le_v4SPD16_eabi.lib : memcpy_t2.obj (.text)
                  000008c4    00000070                                   : autoinit.obj (.text)
                  00000934    00000068                                   : copy_decompress_lzss.obj (.text:decompress:lzss)
                  0000099c    00000054                                   : boot.obj (.text)
                  000009f0    00000054                                   : exit.obj (.text)
                  00000a44    0000004c                                   : cpy_tbl.obj (.text)
                  00000a90    00000048     driverlib.lib : gpio.obj (.text:GPIOPinConfigure)
                  00000ad8    00000034                   : sysctl.obj (.text:SysCtlPeripheralEnable)
                  00000b0c    0000002a                   : gpio.obj (.text:GPIODirModeSet)
                  00000b36    00000022                   : pwm.obj (.text:PWMGenConfigure)
                  00000b58    0000001e                   : pwm.obj (.text:PWMPulseWidthSet)
                  00000b76    00000018                   : gpio.obj (.text:GPIOPinTypeGPIOOutput)
                  00000b8e    00000002     rtsv7M4_T_le_v4SPD16_eabi.lib : startup.obj (.text)
                  00000b90    00000018                                   : args_main.obj (.text)
                  00000ba8    00000014     driverlib.lib : sysctl.obj (.text:SysCtlPWMClockSet)
                  00000bbc    00000014     rtsv7M4_T_le_v4SPD16_eabi.lib : _lock.obj (.text)
                  00000bd0    00000012     driverlib.lib : gpio.obj (.text:GPIOPinTypePWM)
                  00000be2    00000012                   : pwm.obj (.text:PWMOutputState)
                  00000bf4    00000010                   : pwm.obj (.text:PWMGenPeriodSet)
                  00000c04    0000000e     rtsv7M4_T_le_v4SPD16_eabi.lib : copy_decompress_none.obj (.text:decompress:none)
                  00000c12    0000000c     driverlib.lib : pwm.obj (.text:PWMGenEnable)
                  00000c1e    0000000c     tm4c123gh6pm_startup_ccs.obj (.text)
                  00000c2a    00000006     driverlib.lib : gpio.obj (.text:GPIOPinWrite)
                  00000c30    00000006                   : sysctl.obj (.text:SysCtlDelay)
                  00000c36    00000004     rtsv7M4_T_le_v4SPD16_eabi.lib : pre_init.obj (.text)

.const     0    00000c3c    000000fc     
                  00000c3c    00000090     driverlib.lib : gpio.obj (.const:g_pui32GPIOBaseAddrs)
                  00000ccc    0000006c                   : sysctl.obj (.const:g_pui32Xtals)

.cinit     0    00000d38    00000024     
                  00000d38    00000011     (.cinit..data.load) [load image, compression = lzss]
                  00000d49    00000003     --HOLE-- [fill = 0]
                  00000d4c    00000008     (__TI_handler_table)
                  00000d54    00000008     (__TI_cinit_table)

.init_array 
*          0    00000000    00000000     UNINITIALIZED

.stack     0    20000000    00000200     UNINITIALIZED
                  20000000    00000200     --HOLE--

.data      0    20000200    00000018     UNINITIALIZED
                  20000200    0000000c     rtsv7M4_T_le_v4SPD16_eabi.lib : exit.obj (.data:$O1$$)
                  2000020c    00000008                                   : _lock.obj (.data:$O1$$)
                  20000214    00000004                                   : stkdepth_vars.obj (.data)

MODULE SUMMARY

       Module                         code   ro data   rw data
       ------                         ----   -------   -------
    .\
       main.obj                       644    0         0      
       tm4c123gh6pm_startup_ccs.obj   12     620       0      
    +--+------------------------------+------+---------+---------+
       Total:                         656    620       0      
                                                              
    C:/ti/TivaWare_C_Series-2.1.4.178/driverlib/ccs/Debug/driverlib.lib
       sysctl.obj                     594    108       0      
       gpio.obj                       468    144       0      
       pwm.obj                        110    0         0      
    +--+------------------------------+------+---------+---------+
       Total:                         1172   252       0      
                                                              
    C:\ti\ccsv7\tools\compiler\ti-cgt-arm_16.9.1.LTS\lib\rtsv7M4_T_le_v4SPD16_eabi.lib
       memcpy_t2.obj                  156    0         0      
       autoinit.obj                   112    0         0      
       copy_decompress_lzss.obj       104    0         0      
       exit.obj                       84     0         12     
       boot.obj                       84     0         0      
       cpy_tbl.obj                    76     0         0      
       _lock.obj                      20     0         8      
       args_main.obj                  24     0         0      
       copy_decompress_none.obj       14     0         0      
       pre_init.obj                   4      0         0      
       stkdepth_vars.obj              0      0         4      
       mpu_init.obj                   2      0         0      
       startup.obj                    2      0         0      
    +--+------------------------------+------+---------+---------+
       Total:                         682    0         24     
                                                              
       Stack:                         0      0         512    
       Linker Generated:              0      33        0      
    +--+------------------------------+------+---------+---------+
       Grand Total:                   2510   905       536    


LINKER GENERATED COPY TABLES

__TI_cinit_table @ 00000d54 records: 1, size/record: 8, table size: 8
	.data: load addr=00000d38, load size=00000011 bytes, run addr=20000200, run size=00000018 bytes, compression=lzss


LINKER GENERATED HANDLER TABLE

__TI_handler_table @ 00000d4c records: 2, size/record: 4, table size: 8
	index: 0, handler: __TI_decompress_lzss
	index: 1, handler: __TI_decompress_none


GLOBAL SYMBOLS: SORTED ALPHABETICALLY BY Name 

address   name                           
-------   ----                           
000009f1  C$$EXIT                        
00000b0d  GPIODirModeSet                 
000004f1  GPIOPadConfigSet               
00000a91  GPIOPinConfigure               
00000b77  GPIOPinTypeGPIOOutput          
00000bd1  GPIOPinTypePWM                 
00000c2b  GPIOPinWrite                   
00000b37  PWMGenConfigure                
00000c13  PWMGenEnable                   
00000bf5  PWMGenPeriodSet                
00000be3  PWMOutputState                 
00000b59  PWMPulseWidthSet               
00000c1f  ResetISR                       
UNDEFED   SHT$$INIT_ARRAY$$Base          
UNDEFED   SHT$$INIT_ARRAY$$Limit         
00000625  SysCtlClockGet                 
00000735  SysCtlClockSet                 
00000c31  SysCtlDelay                    
00000ba9  SysCtlPWMClockSet              
00000ad9  SysCtlPeripheralEnable         
00000467  Velocity                       
20000200  __STACK_END                    
00000200  __STACK_SIZE                   
20000200  __STACK_TOP                    
00000d54  __TI_CINIT_Base                
00000d5c  __TI_CINIT_Limit               
00000d4c  __TI_Handler_Table_Base        
00000d54  __TI_Handler_Table_Limit       
000008c5  __TI_auto_init                 
20000200  __TI_cleanup_ptr               
00000935  __TI_decompress_lzss           
00000c05  __TI_decompress_none           
20000204  __TI_dtors_ptr                 
20000208  __TI_enable_exit_profile_output
ffffffff  __TI_pprof_out_hndl            
ffffffff  __TI_prof_data_size            
ffffffff  __TI_prof_data_start           
00000000  __TI_static_base__             
00000829  __aeabi_memcpy                 
00000829  __aeabi_memcpy4                
00000829  __aeabi_memcpy8                
ffffffff  __binit__                      
ffffffff  __c_args__                     
00000623  __mpu_init                     
20000000  __stack                        
00000b91  _args_main                     
0000099d  _c_int00                       
2000020c  _lock                          
00000bcb  _nop                           
00000bc3  _register_lock                 
00000bbd  _register_unlock               
00000b8f  _system_post_cinit             
00000c37  _system_pre_init               
20000210  _unlock                        
000009f5  abort                          
ffffffff  binit                          
0000036d  configIOPin                    
00000a45  copy_in                        
00000389  delay_ms                       
000003a5  delay_us                       
000003ef  enablePWM                      
000009fd  exit                           
00000000  g_pfnVectors                   
0000026d  main                           
20000214  main_func_sp                   
00000829  memcpy                         
000003bf  motion                         
0000034b  peripheralEnable               
00000339  setupCLK                       


GLOBAL SYMBOLS: SORTED BY Symbol Address 

address   name                           
-------   ----                           
00000000  __TI_static_base__             
00000000  g_pfnVectors                   
00000200  __STACK_SIZE                   
0000026d  main                           
00000339  setupCLK                       
0000034b  peripheralEnable               
0000036d  configIOPin                    
00000389  delay_ms                       
000003a5  delay_us                       
000003bf  motion                         
000003ef  enablePWM                      
00000467  Velocity                       
000004f1  GPIOPadConfigSet               
00000623  __mpu_init                     
00000625  SysCtlClockGet                 
00000735  SysCtlClockSet                 
00000829  __aeabi_memcpy                 
00000829  __aeabi_memcpy4                
00000829  __aeabi_memcpy8                
00000829  memcpy                         
000008c5  __TI_auto_init                 
00000935  __TI_decompress_lzss           
0000099d  _c_int00                       
000009f1  C$$EXIT                        
000009f5  abort                          
000009fd  exit                           
00000a45  copy_in                        
00000a91  GPIOPinConfigure               
00000ad9  SysCtlPeripheralEnable         
00000b0d  GPIODirModeSet                 
00000b37  PWMGenConfigure                
00000b59  PWMPulseWidthSet               
00000b77  GPIOPinTypeGPIOOutput          
00000b8f  _system_post_cinit             
00000b91  _args_main                     
00000ba9  SysCtlPWMClockSet              
00000bbd  _register_unlock               
00000bc3  _register_lock                 
00000bcb  _nop                           
00000bd1  GPIOPinTypePWM                 
00000be3  PWMOutputState                 
00000bf5  PWMGenPeriodSet                
00000c05  __TI_decompress_none           
00000c13  PWMGenEnable                   
00000c1f  ResetISR                       
00000c2b  GPIOPinWrite                   
00000c31  SysCtlDelay                    
00000c37  _system_pre_init               
00000d4c  __TI_Handler_Table_Base        
00000d54  __TI_CINIT_Base                
00000d54  __TI_Handler_Table_Limit       
00000d5c  __TI_CINIT_Limit               
20000000  __stack                        
20000200  __STACK_END                    
20000200  __STACK_TOP                    
20000200  __TI_cleanup_ptr               
20000204  __TI_dtors_ptr                 
20000208  __TI_enable_exit_profile_output
2000020c  _lock                          
20000210  _unlock                        
20000214  main_func_sp                   
ffffffff  __TI_pprof_out_hndl            
ffffffff  __TI_prof_data_size            
ffffffff  __TI_prof_data_start           
ffffffff  __binit__                      
ffffffff  __c_args__                     
ffffffff  binit                          
UNDEFED   SHT$$INIT_ARRAY$$Base          
UNDEFED   SHT$$INIT_ARRAY$$Limit         

[69 symbols]
