******************************************************************************
                  TI ARM Linker PC v16.9.1                     
******************************************************************************
>> Linked Sat Jun 17 16:21:26 2017

OUTPUT FILE NAME:   <Velocity Control using PWM.out>
ENTRY POINT SYMBOL: "_c_int00"  address: 00000989


MEMORY CONFIGURATION

         name            origin    length      used     unused   attr    fill
----------------------  --------  ---------  --------  --------  ----  --------
  FLASH                 00000000   00040000  00000d46  0003f2ba  R  X
  SRAM                  20000000   00008000  00000218  00007de8  RW X


SEGMENT ALLOCATION MAP

run origin  load origin   length   init length attrs members
----------  ----------- ---------- ----------- ----- -------
00000000    00000000    00000d4c   00000d4c    r-x
  00000000    00000000    0000026c   0000026c    r-- .intvecs
  0000026c    0000026c    000009ba   000009ba    r-x .text
  00000c28    00000c28    000000fc   000000fc    r-- .const
  00000d28    00000d28    00000024   00000024    r-- .cinit
20000000    20000000    00000218   00000000    rw-
  20000000    20000000    00000200   00000000    rw- .stack
  20000200    20000200    00000018   00000000    rw- .data


SECTION ALLOCATION MAP

 output                                  attributes/
section   page    origin      length       input sections
--------  ----  ----------  ----------   ----------------
.intvecs   0    00000000    0000026c     
                  00000000    0000026c     tm4c123gh6pm_startup_ccs.obj (.intvecs)

.text      0    0000026c    000009ba     
                  0000026c    00000270     main.obj (.text)
                  000004dc    00000132     driverlib.lib : gpio.obj (.text:GPIOPadConfigSet)
                  0000060e    00000002     rtsv7M4_T_le_v4SPD16_eabi.lib : mpu_init.obj (.text)
                  00000610    00000110     driverlib.lib : sysctl.obj (.text:SysCtlClockGet)
                  00000720    000000f4                   : sysctl.obj (.text:SysCtlClockSet)
                  00000814    0000009c     rtsv7M4_T_le_v4SPD16_eabi.lib : memcpy_t2.obj (.text)
                  000008b0    00000070                                   : autoinit.obj (.text)
                  00000920    00000068                                   : copy_decompress_lzss.obj (.text:decompress:lzss)
                  00000988    00000054                                   : boot.obj (.text)
                  000009dc    00000054                                   : exit.obj (.text)
                  00000a30    0000004c                                   : cpy_tbl.obj (.text)
                  00000a7c    00000048     driverlib.lib : gpio.obj (.text:GPIOPinConfigure)
                  00000ac4    00000034                   : sysctl.obj (.text:SysCtlPeripheralEnable)
                  00000af8    0000002a                   : gpio.obj (.text:GPIODirModeSet)
                  00000b22    00000022                   : pwm.obj (.text:PWMGenConfigure)
                  00000b44    0000001e                   : pwm.obj (.text:PWMPulseWidthSet)
                  00000b62    00000018                   : gpio.obj (.text:GPIOPinTypeGPIOOutput)
                  00000b7a    00000002     rtsv7M4_T_le_v4SPD16_eabi.lib : startup.obj (.text)
                  00000b7c    00000018                                   : args_main.obj (.text)
                  00000b94    00000014     driverlib.lib : sysctl.obj (.text:SysCtlPWMClockSet)
                  00000ba8    00000014     rtsv7M4_T_le_v4SPD16_eabi.lib : _lock.obj (.text)
                  00000bbc    00000012     driverlib.lib : gpio.obj (.text:GPIOPinTypePWM)
                  00000bce    00000012                   : pwm.obj (.text:PWMOutputState)
                  00000be0    00000010                   : pwm.obj (.text:PWMGenPeriodSet)
                  00000bf0    0000000e     rtsv7M4_T_le_v4SPD16_eabi.lib : copy_decompress_none.obj (.text:decompress:none)
                  00000bfe    0000000c     driverlib.lib : pwm.obj (.text:PWMGenEnable)
                  00000c0a    0000000c     tm4c123gh6pm_startup_ccs.obj (.text)
                  00000c16    00000006     driverlib.lib : gpio.obj (.text:GPIOPinWrite)
                  00000c1c    00000006                   : sysctl.obj (.text:SysCtlDelay)
                  00000c22    00000004     rtsv7M4_T_le_v4SPD16_eabi.lib : pre_init.obj (.text)

.const     0    00000c28    000000fc     
                  00000c28    00000090     driverlib.lib : gpio.obj (.const:g_pui32GPIOBaseAddrs)
                  00000cb8    0000006c                   : sysctl.obj (.const:g_pui32Xtals)

.cinit     0    00000d28    00000024     
                  00000d28    00000011     (.cinit..data.load) [load image, compression = lzss]
                  00000d39    00000003     --HOLE-- [fill = 0]
                  00000d3c    00000008     (__TI_handler_table)
                  00000d44    00000008     (__TI_cinit_table)

.init_array 
*          0    00000000    00000000     UNINITIALIZED

.stack     0    20000000    00000200     UNINITIALIZED
                  20000000    00000200     --HOLE--

.data      0    20000200    00000018     UNINITIALIZED
                  20000200    0000000c     rtsv7M4_T_le_v4SPD16_eabi.lib : exit.obj (.data:$O1$$)
                  2000020c    00000008                                   : _lock.obj (.data:$O1$$)
                  20000214    00000004                                   : stkdepth_vars.obj (.data)

MODULE SUMMARY

       Module                         code   ro data   rw data
       ------                         ----   -------   -------
    .\
       tm4c123gh6pm_startup_ccs.obj   12     620       0      
       main.obj                       624    0         0      
    +--+------------------------------+------+---------+---------+
       Total:                         636    620       0      
                                                              
    C:/ti/TivaWare_C_Series-2.1.4.178/driverlib/ccs/Debug/driverlib.lib
       sysctl.obj                     594    108       0      
       gpio.obj                       468    144       0      
       pwm.obj                        110    0         0      
    +--+------------------------------+------+---------+---------+
       Total:                         1172   252       0      
                                                              
    C:\ti\ccsv7\tools\compiler\ti-cgt-arm_16.9.1.LTS\lib\rtsv7M4_T_le_v4SPD16_eabi.lib
       memcpy_t2.obj                  156    0         0      
       autoinit.obj                   112    0         0      
       copy_decompress_lzss.obj       104    0         0      
       exit.obj                       84     0         12     
       boot.obj                       84     0         0      
       cpy_tbl.obj                    76     0         0      
       _lock.obj                      20     0         8      
       args_main.obj                  24     0         0      
       copy_decompress_none.obj       14     0         0      
       pre_init.obj                   4      0         0      
       stkdepth_vars.obj              0      0         4      
       mpu_init.obj                   2      0         0      
       startup.obj                    2      0         0      
    +--+------------------------------+------+---------+---------+
       Total:                         682    0         24     
                                                              
       Stack:                         0      0         512    
       Linker Generated:              0      33        0      
    +--+------------------------------+------+---------+---------+
       Grand Total:                   2490   905       536    


LINKER GENERATED COPY TABLES

__TI_cinit_table @ 00000d44 records: 1, size/record: 8, table size: 8
	.data: load addr=00000d28, load size=00000011 bytes, run addr=20000200, run size=00000018 bytes, compression=lzss


LINKER GENERATED HANDLER TABLE

__TI_handler_table @ 00000d3c records: 2, size/record: 4, table size: 8
	index: 0, handler: __TI_decompress_lzss
	index: 1, handler: __TI_decompress_none


GLOBAL SYMBOLS: SORTED ALPHABETICALLY BY Name 

address   name                           
-------   ----                           
000009dd  C$$EXIT                        
00000af9  GPIODirModeSet                 
000004dd  GPIOPadConfigSet               
00000a7d  GPIOPinConfigure               
00000b63  GPIOPinTypeGPIOOutput          
00000bbd  GPIOPinTypePWM                 
00000c17  GPIOPinWrite                   
00000b23  PWMGenConfigure                
00000bff  PWMGenEnable                   
00000be1  PWMGenPeriodSet                
00000bcf  PWMOutputState                 
00000b45  PWMPulseWidthSet               
00000c0b  ResetISR                       
UNDEFED   SHT$$INIT_ARRAY$$Base          
UNDEFED   SHT$$INIT_ARRAY$$Limit         
00000611  SysCtlClockGet                 
00000721  SysCtlClockSet                 
00000c1d  SysCtlDelay                    
00000b95  SysCtlPWMClockSet              
00000ac5  SysCtlPeripheralEnable         
0000047b  Velocity                       
20000200  __STACK_END                    
00000200  __STACK_SIZE                   
20000200  __STACK_TOP                    
00000d44  __TI_CINIT_Base                
00000d4c  __TI_CINIT_Limit               
00000d3c  __TI_Handler_Table_Base        
00000d44  __TI_Handler_Table_Limit       
000008b1  __TI_auto_init                 
20000200  __TI_cleanup_ptr               
00000921  __TI_decompress_lzss           
00000bf1  __TI_decompress_none           
20000204  __TI_dtors_ptr                 
20000208  __TI_enable_exit_profile_output
ffffffff  __TI_pprof_out_hndl            
ffffffff  __TI_prof_data_size            
ffffffff  __TI_prof_data_start           
00000000  __TI_static_base__             
00000815  __aeabi_memcpy                 
00000815  __aeabi_memcpy4                
00000815  __aeabi_memcpy8                
ffffffff  __binit__                      
ffffffff  __c_args__                     
0000060f  __mpu_init                     
20000000  __stack                        
00000b7d  _args_main                     
00000989  _c_int00                       
2000020c  _lock                          
00000bb7  _nop                           
00000baf  _register_lock                 
00000ba9  _register_unlock               
00000b7b  _system_post_cinit             
00000c23  _system_pre_init               
20000210  _unlock                        
000009e1  abort                          
ffffffff  binit                          
0000036d  configIOPin                    
00000a31  copy_in                        
0000039d  delay_ms                       
000003b9  delay_us                       
00000403  enablePWM                      
000009e9  exit                           
00000000  g_pfnVectors                   
0000026d  main                           
20000214  main_func_sp                   
00000815  memcpy                         
000003d3  motion                         
0000034b  peripheralEnable               
00000339  setupCLK                       


GLOBAL SYMBOLS: SORTED BY Symbol Address 

address   name                           
-------   ----                           
00000000  __TI_static_base__             
00000000  g_pfnVectors                   
00000200  __STACK_SIZE                   
0000026d  main                           
00000339  setupCLK                       
0000034b  peripheralEnable               
0000036d  configIOPin                    
0000039d  delay_ms                       
000003b9  delay_us                       
000003d3  motion                         
00000403  enablePWM                      
0000047b  Velocity                       
000004dd  GPIOPadConfigSet               
0000060f  __mpu_init                     
00000611  SysCtlClockGet                 
00000721  SysCtlClockSet                 
00000815  __aeabi_memcpy                 
00000815  __aeabi_memcpy4                
00000815  __aeabi_memcpy8                
00000815  memcpy                         
000008b1  __TI_auto_init                 
00000921  __TI_decompress_lzss           
00000989  _c_int00                       
000009dd  C$$EXIT                        
000009e1  abort                          
000009e9  exit                           
00000a31  copy_in                        
00000a7d  GPIOPinConfigure               
00000ac5  SysCtlPeripheralEnable         
00000af9  GPIODirModeSet                 
00000b23  PWMGenConfigure                
00000b45  PWMPulseWidthSet               
00000b63  GPIOPinTypeGPIOOutput          
00000b7b  _system_post_cinit             
00000b7d  _args_main                     
00000b95  SysCtlPWMClockSet              
00000ba9  _register_unlock               
00000baf  _register_lock                 
00000bb7  _nop                           
00000bbd  GPIOPinTypePWM                 
00000bcf  PWMOutputState                 
00000be1  PWMGenPeriodSet                
00000bf1  __TI_decompress_none           
00000bff  PWMGenEnable                   
00000c0b  ResetISR                       
00000c17  GPIOPinWrite                   
00000c1d  SysCtlDelay                    
00000c23  _system_pre_init               
00000d3c  __TI_Handler_Table_Base        
00000d44  __TI_CINIT_Base                
00000d44  __TI_Handler_Table_Limit       
00000d4c  __TI_CINIT_Limit               
20000000  __stack                        
20000200  __STACK_END                    
20000200  __STACK_TOP                    
20000200  __TI_cleanup_ptr               
20000204  __TI_dtors_ptr                 
20000208  __TI_enable_exit_profile_output
2000020c  _lock                          
20000210  _unlock                        
20000214  main_func_sp                   
ffffffff  __TI_pprof_out_hndl            
ffffffff  __TI_prof_data_size            
ffffffff  __TI_prof_data_start           
ffffffff  __binit__                      
ffffffff  __c_args__                     
ffffffff  binit                          
UNDEFED   SHT$$INIT_ARRAY$$Base          
UNDEFED   SHT$$INIT_ARRAY$$Limit         

[69 symbols]
